[2026-06-11T01:45:16.198+0000] {taskinstance.py:1956} INFO - Dependencies all met for dep_context=non-requeueable deps ti=<TaskInstance: reachout_weekly_report.generate_weekly_report manual__2026-06-11T01:45:12.951561+00:00 [queued]>
[2026-06-11T01:45:16.218+0000] {taskinstance.py:1956} INFO - Dependencies all met for dep_context=requeueable deps ti=<TaskInstance: reachout_weekly_report.generate_weekly_report manual__2026-06-11T01:45:12.951561+00:00 [queued]>
[2026-06-11T01:45:16.219+0000] {taskinstance.py:2170} INFO - Starting attempt 1 of 2
[2026-06-11T01:45:16.260+0000] {taskinstance.py:2191} INFO - Executing <Task(PythonOperator): generate_weekly_report> on 2026-06-11 01:45:12.951561+00:00
[2026-06-11T01:45:16.269+0000] {standard_task_runner.py:60} INFO - Started process 270 to run task
[2026-06-11T01:45:16.275+0000] {standard_task_runner.py:87} INFO - Running: ['***', 'tasks', 'run', 'reachout_weekly_report', 'generate_weekly_report', 'manual__2026-06-11T01:45:12.951561+00:00', '--job-id', '10', '--raw', '--subdir', 'DAGS_FOLDER/followup_dag.py', '--cfg-path', '/tmp/tmppe157goy']
[2026-06-11T01:45:16.281+0000] {standard_task_runner.py:88} INFO - Job 10: Subtask generate_weekly_report
[2026-06-11T01:45:16.381+0000] {task_command.py:423} INFO - Running <TaskInstance: reachout_weekly_report.generate_weekly_report manual__2026-06-11T01:45:12.951561+00:00 [running]> on host 8243f90d1993
[2026-06-11T01:45:16.584+0000] {taskinstance.py:2480} INFO - Exporting env vars: AIRFLOW_CTX_DAG_OWNER='reachout' AIRFLOW_CTX_DAG_ID='reachout_weekly_report' AIRFLOW_CTX_TASK_ID='generate_weekly_report' AIRFLOW_CTX_EXECUTION_DATE='2026-06-11T01:45:12.951561+00:00' AIRFLOW_CTX_TRY_NUMBER='1' AIRFLOW_CTX_DAG_RUN_ID='manual__2026-06-11T01:45:12.951561+00:00'
[2026-06-11T01:45:22.005+0000] {_default.py:683} WARNING - No project ID could be determined. Consider running `gcloud config set project` or setting the GOOGLE_CLOUD_PROJECT environment variable
[2026-06-11T01:45:28.512+0000] {logging_mixin.py:188} INFO - 
==================================================
[2026-06-11T01:45:28.515+0000] {logging_mixin.py:188} INFO - WEEKLY JOB SEARCH REPORT
[2026-06-11T01:45:28.517+0000] {logging_mixin.py:188} INFO - Thursday 11 June 2026
[2026-06-11T01:45:28.518+0000] {logging_mixin.py:188} INFO - ==================================================
[2026-06-11T01:45:28.518+0000] {logging_mixin.py:188} INFO - 
📋 THIS WEEK'S ACTIVITY
[2026-06-11T01:45:28.518+0000] {logging_mixin.py:188} INFO -    Jobs added:        1
[2026-06-11T01:45:28.519+0000] {logging_mixin.py:188} INFO -    Roles scored:      0
[2026-06-11T01:45:28.519+0000] {logging_mixin.py:188} INFO -    Avg ATS score:     None%
[2026-06-11T01:45:28.520+0000] {logging_mixin.py:188} INFO -    Best ATS score:    None%
[2026-06-11T01:45:28.520+0000] {logging_mixin.py:188} INFO - 
📧 OUTREACH SUMMARY
[2026-06-11T01:45:28.520+0000] {logging_mixin.py:188} INFO -    Emails sent:       0
[2026-06-11T01:45:28.521+0000] {logging_mixin.py:188} INFO -    LinkedIn sent:     0
[2026-06-11T01:45:28.521+0000] {logging_mixin.py:188} INFO -    Total outreach:    0
[2026-06-11T01:45:28.521+0000] {logging_mixin.py:188} INFO -    Replies received:  0
[2026-06-11T01:45:28.522+0000] {logging_mixin.py:188} INFO -    Reply rate:        0%
[2026-06-11T01:45:28.522+0000] {logging_mixin.py:188} INFO -    Follow-ups due:    0
[2026-06-11T01:45:28.522+0000] {logging_mixin.py:188} INFO - 
💡 RECOMMENDATIONS FOR NEXT WEEK
[2026-06-11T01:45:28.522+0000] {logging_mixin.py:188} INFO -    → Send at least 5 outreach messages this week
[2026-06-11T01:45:28.523+0000] {logging_mixin.py:188} INFO - 
==================================================
[2026-06-11T01:45:28.523+0000] {python.py:201} INFO - Done. Returned value was: None
[2026-06-11T01:45:28.567+0000] {taskinstance.py:1138} INFO - Marking task as SUCCESS. dag_id=reachout_weekly_report, task_id=generate_weekly_report, execution_date=20260611T014512, start_date=20260611T014516, end_date=20260611T014528
[2026-06-11T01:45:28.650+0000] {local_task_job_runner.py:234} INFO - Task exited with return code 0
[2026-06-11T01:45:28.672+0000] {taskinstance.py:3280} INFO - 0 downstream tasks scheduled from follow-on schedule check
