[2026-06-11T01:37:21.651+0000] {processor.py:161} INFO - Started process (PID=185) to work on /opt/airflow/dags/followup_dag.py
[2026-06-11T01:37:21.654+0000] {processor.py:830} INFO - Processing file /opt/airflow/dags/followup_dag.py for tasks to queue
[2026-06-11T01:37:21.658+0000] {logging_mixin.py:188} INFO - [2026-06-11T01:37:21.656+0000] {dagbag.py:538} INFO - Filling up the DagBag from /opt/airflow/dags/followup_dag.py
[2026-06-11T01:37:21.755+0000] {processor.py:840} INFO - DAG(s) 'reachout_followup_reminder', 'reachout_weekly_report' retrieved from /opt/airflow/dags/followup_dag.py
[2026-06-11T01:37:22.839+0000] {logging_mixin.py:188} INFO - [2026-06-11T01:37:22.838+0000] {dag.py:3036} INFO - Sync 2 DAGs
[2026-06-11T01:37:22.926+0000] {logging_mixin.py:188} INFO - [2026-06-11T01:37:22.926+0000] {dag.py:3823} INFO - Setting next_dagrun for reachout_followup_reminder to 2026-06-09 08:00:00+00:00, run_after=2026-06-10 08:00:00+00:00
[2026-06-11T01:37:22.949+0000] {logging_mixin.py:188} INFO - [2026-06-11T01:37:22.948+0000] {dag.py:3823} INFO - Setting next_dagrun for reachout_weekly_report to 2026-06-07 09:00:00+00:00, run_after=2026-06-14 09:00:00+00:00
[2026-06-11T01:37:23.071+0000] {processor.py:183} INFO - Processing /opt/airflow/dags/followup_dag.py took 1.446 seconds
[2026-06-11T01:37:53.449+0000] {processor.py:161} INFO - Started process (PID=190) to work on /opt/airflow/dags/followup_dag.py
[2026-06-11T01:37:53.451+0000] {processor.py:830} INFO - Processing file /opt/airflow/dags/followup_dag.py for tasks to queue
[2026-06-11T01:37:53.454+0000] {logging_mixin.py:188} INFO - [2026-06-11T01:37:53.452+0000] {dagbag.py:538} INFO - Filling up the DagBag from /opt/airflow/dags/followup_dag.py
[2026-06-11T01:37:53.509+0000] {processor.py:840} INFO - DAG(s) 'reachout_followup_reminder', 'reachout_weekly_report' retrieved from /opt/airflow/dags/followup_dag.py
[2026-06-11T01:37:53.595+0000] {logging_mixin.py:188} INFO - [2026-06-11T01:37:53.595+0000] {dag.py:3036} INFO - Sync 2 DAGs
[2026-06-11T01:37:53.655+0000] {logging_mixin.py:188} INFO - [2026-06-11T01:37:53.654+0000] {dag.py:3823} INFO - Setting next_dagrun for reachout_followup_reminder to 2026-06-09 08:00:00+00:00, run_after=2026-06-10 08:00:00+00:00
[2026-06-11T01:37:53.663+0000] {logging_mixin.py:188} INFO - [2026-06-11T01:37:53.662+0000] {dag.py:3823} INFO - Setting next_dagrun for reachout_weekly_report to 2026-06-07 09:00:00+00:00, run_after=2026-06-14 09:00:00+00:00
[2026-06-11T01:37:53.692+0000] {processor.py:183} INFO - Processing /opt/airflow/dags/followup_dag.py took 0.252 seconds
[2026-06-11T01:38:24.114+0000] {processor.py:161} INFO - Started process (PID=195) to work on /opt/airflow/dags/followup_dag.py
[2026-06-11T01:38:24.119+0000] {processor.py:830} INFO - Processing file /opt/airflow/dags/followup_dag.py for tasks to queue
[2026-06-11T01:38:24.131+0000] {logging_mixin.py:188} INFO - [2026-06-11T01:38:24.127+0000] {dagbag.py:538} INFO - Filling up the DagBag from /opt/airflow/dags/followup_dag.py
[2026-06-11T01:38:24.247+0000] {processor.py:840} INFO - DAG(s) 'reachout_followup_reminder', 'reachout_weekly_report' retrieved from /opt/airflow/dags/followup_dag.py
[2026-06-11T01:38:24.369+0000] {logging_mixin.py:188} INFO - [2026-06-11T01:38:24.368+0000] {dag.py:3036} INFO - Sync 2 DAGs
[2026-06-11T01:38:24.431+0000] {logging_mixin.py:188} INFO - [2026-06-11T01:38:24.431+0000] {dag.py:3823} INFO - Setting next_dagrun for reachout_followup_reminder to 2026-06-09 08:00:00+00:00, run_after=2026-06-10 08:00:00+00:00
[2026-06-11T01:38:24.441+0000] {logging_mixin.py:188} INFO - [2026-06-11T01:38:24.441+0000] {dag.py:3823} INFO - Setting next_dagrun for reachout_weekly_report to 2026-06-07 09:00:00+00:00, run_after=2026-06-14 09:00:00+00:00
[2026-06-11T01:38:24.486+0000] {processor.py:183} INFO - Processing /opt/airflow/dags/followup_dag.py took 0.392 seconds
[2026-06-11T01:38:54.701+0000] {processor.py:161} INFO - Started process (PID=200) to work on /opt/airflow/dags/followup_dag.py
[2026-06-11T01:38:54.706+0000] {processor.py:830} INFO - Processing file /opt/airflow/dags/followup_dag.py for tasks to queue
[2026-06-11T01:38:54.708+0000] {logging_mixin.py:188} INFO - [2026-06-11T01:38:54.708+0000] {dagbag.py:538} INFO - Filling up the DagBag from /opt/airflow/dags/followup_dag.py
[2026-06-11T01:38:54.773+0000] {processor.py:840} INFO - DAG(s) 'reachout_weekly_report', 'reachout_followup_reminder' retrieved from /opt/airflow/dags/followup_dag.py
[2026-06-11T01:38:54.860+0000] {logging_mixin.py:188} INFO - [2026-06-11T01:38:54.860+0000] {dag.py:3036} INFO - Sync 2 DAGs
[2026-06-11T01:38:54.899+0000] {logging_mixin.py:188} INFO - [2026-06-11T01:38:54.898+0000] {dag.py:3823} INFO - Setting next_dagrun for reachout_followup_reminder to 2026-06-09 08:00:00+00:00, run_after=2026-06-10 08:00:00+00:00
[2026-06-11T01:38:54.906+0000] {logging_mixin.py:188} INFO - [2026-06-11T01:38:54.906+0000] {dag.py:3823} INFO - Setting next_dagrun for reachout_weekly_report to 2026-06-07 09:00:00+00:00, run_after=2026-06-14 09:00:00+00:00
[2026-06-11T01:38:54.934+0000] {processor.py:183} INFO - Processing /opt/airflow/dags/followup_dag.py took 0.241 seconds
[2026-06-11T01:39:25.374+0000] {processor.py:161} INFO - Started process (PID=209) to work on /opt/airflow/dags/followup_dag.py
[2026-06-11T01:39:25.378+0000] {processor.py:830} INFO - Processing file /opt/airflow/dags/followup_dag.py for tasks to queue
[2026-06-11T01:39:25.381+0000] {logging_mixin.py:188} INFO - [2026-06-11T01:39:25.380+0000] {dagbag.py:538} INFO - Filling up the DagBag from /opt/airflow/dags/followup_dag.py
[2026-06-11T01:39:25.437+0000] {processor.py:840} INFO - DAG(s) 'reachout_weekly_report', 'reachout_followup_reminder' retrieved from /opt/airflow/dags/followup_dag.py
[2026-06-11T01:39:25.503+0000] {logging_mixin.py:188} INFO - [2026-06-11T01:39:25.502+0000] {dag.py:3036} INFO - Sync 2 DAGs
[2026-06-11T01:39:25.547+0000] {logging_mixin.py:188} INFO - [2026-06-11T01:39:25.546+0000] {dag.py:3823} INFO - Setting next_dagrun for reachout_followup_reminder to 2026-06-09 08:00:00+00:00, run_after=2026-06-10 08:00:00+00:00
[2026-06-11T01:39:25.557+0000] {logging_mixin.py:188} INFO - [2026-06-11T01:39:25.557+0000] {dag.py:3823} INFO - Setting next_dagrun for reachout_weekly_report to 2026-06-07 09:00:00+00:00, run_after=2026-06-14 09:00:00+00:00
[2026-06-11T01:39:25.589+0000] {processor.py:183} INFO - Processing /opt/airflow/dags/followup_dag.py took 0.229 seconds
[2026-06-11T01:39:55.811+0000] {processor.py:161} INFO - Started process (PID=214) to work on /opt/airflow/dags/followup_dag.py
[2026-06-11T01:39:55.813+0000] {processor.py:830} INFO - Processing file /opt/airflow/dags/followup_dag.py for tasks to queue
[2026-06-11T01:39:55.814+0000] {logging_mixin.py:188} INFO - [2026-06-11T01:39:55.814+0000] {dagbag.py:538} INFO - Filling up the DagBag from /opt/airflow/dags/followup_dag.py
[2026-06-11T01:39:55.839+0000] {processor.py:840} INFO - DAG(s) 'reachout_followup_reminder', 'reachout_weekly_report' retrieved from /opt/airflow/dags/followup_dag.py
[2026-06-11T01:39:55.877+0000] {logging_mixin.py:188} INFO - [2026-06-11T01:39:55.877+0000] {dag.py:3036} INFO - Sync 2 DAGs
[2026-06-11T01:39:55.903+0000] {logging_mixin.py:188} INFO - [2026-06-11T01:39:55.902+0000] {dag.py:3823} INFO - Setting next_dagrun for reachout_followup_reminder to 2026-06-09 08:00:00+00:00, run_after=2026-06-10 08:00:00+00:00
[2026-06-11T01:39:55.910+0000] {logging_mixin.py:188} INFO - [2026-06-11T01:39:55.909+0000] {dag.py:3823} INFO - Setting next_dagrun for reachout_weekly_report to 2026-06-07 09:00:00+00:00, run_after=2026-06-14 09:00:00+00:00
[2026-06-11T01:39:55.940+0000] {processor.py:183} INFO - Processing /opt/airflow/dags/followup_dag.py took 0.133 seconds
[2026-06-11T01:40:26.040+0000] {processor.py:161} INFO - Started process (PID=219) to work on /opt/airflow/dags/followup_dag.py
[2026-06-11T01:40:26.041+0000] {processor.py:830} INFO - Processing file /opt/airflow/dags/followup_dag.py for tasks to queue
[2026-06-11T01:40:26.042+0000] {logging_mixin.py:188} INFO - [2026-06-11T01:40:26.042+0000] {dagbag.py:538} INFO - Filling up the DagBag from /opt/airflow/dags/followup_dag.py
[2026-06-11T01:40:26.063+0000] {processor.py:840} INFO - DAG(s) 'reachout_followup_reminder', 'reachout_weekly_report' retrieved from /opt/airflow/dags/followup_dag.py
[2026-06-11T01:40:26.090+0000] {logging_mixin.py:188} INFO - [2026-06-11T01:40:26.090+0000] {dag.py:3036} INFO - Sync 2 DAGs
[2026-06-11T01:40:26.112+0000] {logging_mixin.py:188} INFO - [2026-06-11T01:40:26.112+0000] {dag.py:3823} INFO - Setting next_dagrun for reachout_followup_reminder to 2026-06-09 08:00:00+00:00, run_after=2026-06-10 08:00:00+00:00
[2026-06-11T01:40:26.117+0000] {logging_mixin.py:188} INFO - [2026-06-11T01:40:26.117+0000] {dag.py:3823} INFO - Setting next_dagrun for reachout_weekly_report to 2026-06-07 09:00:00+00:00, run_after=2026-06-14 09:00:00+00:00
[2026-06-11T01:40:26.142+0000] {processor.py:183} INFO - Processing /opt/airflow/dags/followup_dag.py took 0.106 seconds
[2026-06-11T01:40:56.344+0000] {processor.py:161} INFO - Started process (PID=224) to work on /opt/airflow/dags/followup_dag.py
[2026-06-11T01:40:56.347+0000] {processor.py:830} INFO - Processing file /opt/airflow/dags/followup_dag.py for tasks to queue
[2026-06-11T01:40:56.350+0000] {logging_mixin.py:188} INFO - [2026-06-11T01:40:56.349+0000] {dagbag.py:538} INFO - Filling up the DagBag from /opt/airflow/dags/followup_dag.py
[2026-06-11T01:40:56.411+0000] {processor.py:840} INFO - DAG(s) 'reachout_weekly_report', 'reachout_followup_reminder' retrieved from /opt/airflow/dags/followup_dag.py
[2026-06-11T01:40:56.466+0000] {logging_mixin.py:188} INFO - [2026-06-11T01:40:56.466+0000] {dag.py:3036} INFO - Sync 2 DAGs
[2026-06-11T01:40:56.519+0000] {logging_mixin.py:188} INFO - [2026-06-11T01:40:56.519+0000] {dag.py:3823} INFO - Setting next_dagrun for reachout_followup_reminder to 2026-06-09 08:00:00+00:00, run_after=2026-06-10 08:00:00+00:00
[2026-06-11T01:40:56.527+0000] {logging_mixin.py:188} INFO - [2026-06-11T01:40:56.527+0000] {dag.py:3823} INFO - Setting next_dagrun for reachout_weekly_report to 2026-06-07 09:00:00+00:00, run_after=2026-06-14 09:00:00+00:00
[2026-06-11T01:40:56.558+0000] {processor.py:183} INFO - Processing /opt/airflow/dags/followup_dag.py took 0.221 seconds
[2026-06-11T01:41:26.608+0000] {processor.py:161} INFO - Started process (PID=229) to work on /opt/airflow/dags/followup_dag.py
[2026-06-11T01:41:26.609+0000] {processor.py:830} INFO - Processing file /opt/airflow/dags/followup_dag.py for tasks to queue
[2026-06-11T01:41:26.610+0000] {logging_mixin.py:188} INFO - [2026-06-11T01:41:26.610+0000] {dagbag.py:538} INFO - Filling up the DagBag from /opt/airflow/dags/followup_dag.py
[2026-06-11T01:41:26.634+0000] {processor.py:840} INFO - DAG(s) 'reachout_weekly_report', 'reachout_followup_reminder' retrieved from /opt/airflow/dags/followup_dag.py
[2026-06-11T01:41:26.678+0000] {logging_mixin.py:188} INFO - [2026-06-11T01:41:26.678+0000] {dag.py:3036} INFO - Sync 2 DAGs
[2026-06-11T01:41:26.744+0000] {logging_mixin.py:188} INFO - [2026-06-11T01:41:26.743+0000] {dag.py:3823} INFO - Setting next_dagrun for reachout_followup_reminder to 2026-06-09 08:00:00+00:00, run_after=2026-06-10 08:00:00+00:00
[2026-06-11T01:41:26.756+0000] {logging_mixin.py:188} INFO - [2026-06-11T01:41:26.755+0000] {dag.py:3823} INFO - Setting next_dagrun for reachout_weekly_report to 2026-06-07 09:00:00+00:00, run_after=2026-06-14 09:00:00+00:00
[2026-06-11T01:41:26.800+0000] {processor.py:183} INFO - Processing /opt/airflow/dags/followup_dag.py took 0.196 seconds
[2026-06-11T01:41:56.987+0000] {processor.py:161} INFO - Started process (PID=234) to work on /opt/airflow/dags/followup_dag.py
[2026-06-11T01:41:56.990+0000] {processor.py:830} INFO - Processing file /opt/airflow/dags/followup_dag.py for tasks to queue
[2026-06-11T01:41:56.991+0000] {logging_mixin.py:188} INFO - [2026-06-11T01:41:56.990+0000] {dagbag.py:538} INFO - Filling up the DagBag from /opt/airflow/dags/followup_dag.py
[2026-06-11T01:41:57.014+0000] {processor.py:840} INFO - DAG(s) 'reachout_weekly_report', 'reachout_followup_reminder' retrieved from /opt/airflow/dags/followup_dag.py
[2026-06-11T01:41:57.046+0000] {logging_mixin.py:188} INFO - [2026-06-11T01:41:57.046+0000] {dag.py:3036} INFO - Sync 2 DAGs
[2026-06-11T01:41:57.093+0000] {logging_mixin.py:188} INFO - [2026-06-11T01:41:57.093+0000] {dag.py:3823} INFO - Setting next_dagrun for reachout_followup_reminder to 2026-06-09 08:00:00+00:00, run_after=2026-06-10 08:00:00+00:00
[2026-06-11T01:41:57.101+0000] {logging_mixin.py:188} INFO - [2026-06-11T01:41:57.100+0000] {dag.py:3823} INFO - Setting next_dagrun for reachout_weekly_report to 2026-06-07 09:00:00+00:00, run_after=2026-06-14 09:00:00+00:00
[2026-06-11T01:41:57.142+0000] {processor.py:183} INFO - Processing /opt/airflow/dags/followup_dag.py took 0.158 seconds
[2026-06-11T01:42:27.263+0000] {processor.py:161} INFO - Started process (PID=239) to work on /opt/airflow/dags/followup_dag.py
[2026-06-11T01:42:27.264+0000] {processor.py:830} INFO - Processing file /opt/airflow/dags/followup_dag.py for tasks to queue
[2026-06-11T01:42:27.265+0000] {logging_mixin.py:188} INFO - [2026-06-11T01:42:27.265+0000] {dagbag.py:538} INFO - Filling up the DagBag from /opt/airflow/dags/followup_dag.py
[2026-06-11T01:42:27.287+0000] {processor.py:840} INFO - DAG(s) 'reachout_weekly_report', 'reachout_followup_reminder' retrieved from /opt/airflow/dags/followup_dag.py
[2026-06-11T01:42:27.317+0000] {logging_mixin.py:188} INFO - [2026-06-11T01:42:27.317+0000] {dag.py:3036} INFO - Sync 2 DAGs
[2026-06-11T01:42:27.342+0000] {logging_mixin.py:188} INFO - [2026-06-11T01:42:27.342+0000] {dag.py:3823} INFO - Setting next_dagrun for reachout_followup_reminder to 2026-06-09 08:00:00+00:00, run_after=2026-06-10 08:00:00+00:00
[2026-06-11T01:42:27.350+0000] {logging_mixin.py:188} INFO - [2026-06-11T01:42:27.350+0000] {dag.py:3823} INFO - Setting next_dagrun for reachout_weekly_report to 2026-06-07 09:00:00+00:00, run_after=2026-06-14 09:00:00+00:00
[2026-06-11T01:42:27.374+0000] {processor.py:183} INFO - Processing /opt/airflow/dags/followup_dag.py took 0.114 seconds
[2026-06-11T01:42:57.518+0000] {processor.py:161} INFO - Started process (PID=244) to work on /opt/airflow/dags/followup_dag.py
[2026-06-11T01:42:57.519+0000] {processor.py:830} INFO - Processing file /opt/airflow/dags/followup_dag.py for tasks to queue
[2026-06-11T01:42:57.520+0000] {logging_mixin.py:188} INFO - [2026-06-11T01:42:57.520+0000] {dagbag.py:538} INFO - Filling up the DagBag from /opt/airflow/dags/followup_dag.py
[2026-06-11T01:42:57.541+0000] {processor.py:840} INFO - DAG(s) 'reachout_weekly_report', 'reachout_followup_reminder' retrieved from /opt/airflow/dags/followup_dag.py
[2026-06-11T01:42:57.568+0000] {logging_mixin.py:188} INFO - [2026-06-11T01:42:57.567+0000] {dag.py:3036} INFO - Sync 2 DAGs
[2026-06-11T01:42:57.588+0000] {logging_mixin.py:188} INFO - [2026-06-11T01:42:57.588+0000] {dag.py:3823} INFO - Setting next_dagrun for reachout_followup_reminder to 2026-06-09 08:00:00+00:00, run_after=2026-06-10 08:00:00+00:00
[2026-06-11T01:42:57.593+0000] {logging_mixin.py:188} INFO - [2026-06-11T01:42:57.593+0000] {dag.py:3823} INFO - Setting next_dagrun for reachout_weekly_report to 2026-06-07 09:00:00+00:00, run_after=2026-06-14 09:00:00+00:00
[2026-06-11T01:42:57.612+0000] {processor.py:183} INFO - Processing /opt/airflow/dags/followup_dag.py took 0.098 seconds
[2026-06-11T01:43:27.750+0000] {processor.py:161} INFO - Started process (PID=249) to work on /opt/airflow/dags/followup_dag.py
[2026-06-11T01:43:27.752+0000] {processor.py:830} INFO - Processing file /opt/airflow/dags/followup_dag.py for tasks to queue
[2026-06-11T01:43:27.753+0000] {logging_mixin.py:188} INFO - [2026-06-11T01:43:27.752+0000] {dagbag.py:538} INFO - Filling up the DagBag from /opt/airflow/dags/followup_dag.py
[2026-06-11T01:43:27.778+0000] {processor.py:840} INFO - DAG(s) 'reachout_followup_reminder', 'reachout_weekly_report' retrieved from /opt/airflow/dags/followup_dag.py
[2026-06-11T01:43:27.813+0000] {logging_mixin.py:188} INFO - [2026-06-11T01:43:27.812+0000] {dag.py:3036} INFO - Sync 2 DAGs
[2026-06-11T01:43:27.841+0000] {logging_mixin.py:188} INFO - [2026-06-11T01:43:27.841+0000] {dag.py:3823} INFO - Setting next_dagrun for reachout_followup_reminder to 2026-06-09 08:00:00+00:00, run_after=2026-06-10 08:00:00+00:00
[2026-06-11T01:43:27.848+0000] {logging_mixin.py:188} INFO - [2026-06-11T01:43:27.847+0000] {dag.py:3823} INFO - Setting next_dagrun for reachout_weekly_report to 2026-06-07 09:00:00+00:00, run_after=2026-06-14 09:00:00+00:00
[2026-06-11T01:43:27.871+0000] {processor.py:183} INFO - Processing /opt/airflow/dags/followup_dag.py took 0.125 seconds
[2026-06-11T01:43:58.155+0000] {processor.py:161} INFO - Started process (PID=254) to work on /opt/airflow/dags/followup_dag.py
[2026-06-11T01:43:58.157+0000] {processor.py:830} INFO - Processing file /opt/airflow/dags/followup_dag.py for tasks to queue
[2026-06-11T01:43:58.160+0000] {logging_mixin.py:188} INFO - [2026-06-11T01:43:58.159+0000] {dagbag.py:538} INFO - Filling up the DagBag from /opt/airflow/dags/followup_dag.py
[2026-06-11T01:43:58.211+0000] {processor.py:840} INFO - DAG(s) 'reachout_weekly_report', 'reachout_followup_reminder' retrieved from /opt/airflow/dags/followup_dag.py
[2026-06-11T01:43:58.274+0000] {logging_mixin.py:188} INFO - [2026-06-11T01:43:58.274+0000] {dag.py:3036} INFO - Sync 2 DAGs
[2026-06-11T01:43:58.325+0000] {logging_mixin.py:188} INFO - [2026-06-11T01:43:58.324+0000] {dag.py:3823} INFO - Setting next_dagrun for reachout_followup_reminder to 2026-06-09 08:00:00+00:00, run_after=2026-06-10 08:00:00+00:00
[2026-06-11T01:43:58.345+0000] {logging_mixin.py:188} INFO - [2026-06-11T01:43:58.345+0000] {dag.py:3823} INFO - Setting next_dagrun for reachout_weekly_report to 2026-06-07 09:00:00+00:00, run_after=2026-06-14 09:00:00+00:00
[2026-06-11T01:43:58.390+0000] {processor.py:183} INFO - Processing /opt/airflow/dags/followup_dag.py took 0.242 seconds
[2026-06-11T01:44:28.773+0000] {processor.py:161} INFO - Started process (PID=259) to work on /opt/airflow/dags/followup_dag.py
[2026-06-11T01:44:28.775+0000] {processor.py:830} INFO - Processing file /opt/airflow/dags/followup_dag.py for tasks to queue
[2026-06-11T01:44:28.776+0000] {logging_mixin.py:188} INFO - [2026-06-11T01:44:28.776+0000] {dagbag.py:538} INFO - Filling up the DagBag from /opt/airflow/dags/followup_dag.py
[2026-06-11T01:44:28.813+0000] {processor.py:840} INFO - DAG(s) 'reachout_followup_reminder', 'reachout_weekly_report' retrieved from /opt/airflow/dags/followup_dag.py
[2026-06-11T01:44:28.859+0000] {logging_mixin.py:188} INFO - [2026-06-11T01:44:28.858+0000] {dag.py:3036} INFO - Sync 2 DAGs
[2026-06-11T01:44:28.893+0000] {logging_mixin.py:188} INFO - [2026-06-11T01:44:28.893+0000] {dag.py:3823} INFO - Setting next_dagrun for reachout_followup_reminder to 2026-06-09 08:00:00+00:00, run_after=2026-06-10 08:00:00+00:00
[2026-06-11T01:44:28.905+0000] {logging_mixin.py:188} INFO - [2026-06-11T01:44:28.905+0000] {dag.py:3823} INFO - Setting next_dagrun for reachout_weekly_report to 2026-06-07 09:00:00+00:00, run_after=2026-06-14 09:00:00+00:00
[2026-06-11T01:44:28.953+0000] {processor.py:183} INFO - Processing /opt/airflow/dags/followup_dag.py took 0.185 seconds
[2026-06-11T01:44:59.165+0000] {processor.py:161} INFO - Started process (PID=264) to work on /opt/airflow/dags/followup_dag.py
[2026-06-11T01:44:59.168+0000] {processor.py:830} INFO - Processing file /opt/airflow/dags/followup_dag.py for tasks to queue
[2026-06-11T01:44:59.171+0000] {logging_mixin.py:188} INFO - [2026-06-11T01:44:59.170+0000] {dagbag.py:538} INFO - Filling up the DagBag from /opt/airflow/dags/followup_dag.py
[2026-06-11T01:44:59.205+0000] {processor.py:840} INFO - DAG(s) 'reachout_weekly_report', 'reachout_followup_reminder' retrieved from /opt/airflow/dags/followup_dag.py
[2026-06-11T01:44:59.244+0000] {logging_mixin.py:188} INFO - [2026-06-11T01:44:59.243+0000] {dag.py:3036} INFO - Sync 2 DAGs
[2026-06-11T01:44:59.385+0000] {logging_mixin.py:188} INFO - [2026-06-11T01:44:59.384+0000] {dag.py:3823} INFO - Setting next_dagrun for reachout_followup_reminder to 2026-06-09 08:00:00+00:00, run_after=2026-06-10 08:00:00+00:00
[2026-06-11T01:44:59.395+0000] {logging_mixin.py:188} INFO - [2026-06-11T01:44:59.395+0000] {dag.py:3823} INFO - Setting next_dagrun for reachout_weekly_report to 2026-06-07 09:00:00+00:00, run_after=2026-06-14 09:00:00+00:00
[2026-06-11T01:44:59.463+0000] {processor.py:183} INFO - Processing /opt/airflow/dags/followup_dag.py took 0.303 seconds
[2026-06-11T01:45:29.758+0000] {processor.py:161} INFO - Started process (PID=273) to work on /opt/airflow/dags/followup_dag.py
[2026-06-11T01:45:29.765+0000] {processor.py:830} INFO - Processing file /opt/airflow/dags/followup_dag.py for tasks to queue
[2026-06-11T01:45:29.769+0000] {logging_mixin.py:188} INFO - [2026-06-11T01:45:29.768+0000] {dagbag.py:538} INFO - Filling up the DagBag from /opt/airflow/dags/followup_dag.py
[2026-06-11T01:45:29.855+0000] {processor.py:840} INFO - DAG(s) 'reachout_followup_reminder', 'reachout_weekly_report' retrieved from /opt/airflow/dags/followup_dag.py
[2026-06-11T01:45:29.975+0000] {logging_mixin.py:188} INFO - [2026-06-11T01:45:29.974+0000] {dag.py:3036} INFO - Sync 2 DAGs
[2026-06-11T01:45:30.047+0000] {logging_mixin.py:188} INFO - [2026-06-11T01:45:30.047+0000] {dag.py:3823} INFO - Setting next_dagrun for reachout_followup_reminder to 2026-06-09 08:00:00+00:00, run_after=2026-06-10 08:00:00+00:00
[2026-06-11T01:45:30.057+0000] {logging_mixin.py:188} INFO - [2026-06-11T01:45:30.057+0000] {dag.py:3823} INFO - Setting next_dagrun for reachout_weekly_report to 2026-06-07 09:00:00+00:00, run_after=2026-06-14 09:00:00+00:00
[2026-06-11T01:45:30.098+0000] {processor.py:183} INFO - Processing /opt/airflow/dags/followup_dag.py took 0.347 seconds
[2026-06-11T01:46:00.366+0000] {processor.py:161} INFO - Started process (PID=278) to work on /opt/airflow/dags/followup_dag.py
[2026-06-11T01:46:00.367+0000] {processor.py:830} INFO - Processing file /opt/airflow/dags/followup_dag.py for tasks to queue
[2026-06-11T01:46:00.368+0000] {logging_mixin.py:188} INFO - [2026-06-11T01:46:00.368+0000] {dagbag.py:538} INFO - Filling up the DagBag from /opt/airflow/dags/followup_dag.py
[2026-06-11T01:46:00.400+0000] {processor.py:840} INFO - DAG(s) 'reachout_weekly_report', 'reachout_followup_reminder' retrieved from /opt/airflow/dags/followup_dag.py
[2026-06-11T01:46:00.437+0000] {logging_mixin.py:188} INFO - [2026-06-11T01:46:00.437+0000] {dag.py:3036} INFO - Sync 2 DAGs
[2026-06-11T01:46:00.467+0000] {logging_mixin.py:188} INFO - [2026-06-11T01:46:00.467+0000] {dag.py:3823} INFO - Setting next_dagrun for reachout_followup_reminder to 2026-06-09 08:00:00+00:00, run_after=2026-06-10 08:00:00+00:00
[2026-06-11T01:46:00.473+0000] {logging_mixin.py:188} INFO - [2026-06-11T01:46:00.473+0000] {dag.py:3823} INFO - Setting next_dagrun for reachout_weekly_report to 2026-06-07 09:00:00+00:00, run_after=2026-06-14 09:00:00+00:00
[2026-06-11T01:46:00.500+0000] {processor.py:183} INFO - Processing /opt/airflow/dags/followup_dag.py took 0.138 seconds
[2026-06-11T01:46:30.566+0000] {processor.py:161} INFO - Started process (PID=283) to work on /opt/airflow/dags/followup_dag.py
[2026-06-11T01:46:30.568+0000] {processor.py:830} INFO - Processing file /opt/airflow/dags/followup_dag.py for tasks to queue
[2026-06-11T01:46:30.569+0000] {logging_mixin.py:188} INFO - [2026-06-11T01:46:30.569+0000] {dagbag.py:538} INFO - Filling up the DagBag from /opt/airflow/dags/followup_dag.py
[2026-06-11T01:46:30.599+0000] {processor.py:840} INFO - DAG(s) 'reachout_followup_reminder', 'reachout_weekly_report' retrieved from /opt/airflow/dags/followup_dag.py
[2026-06-11T01:46:30.635+0000] {logging_mixin.py:188} INFO - [2026-06-11T01:46:30.635+0000] {dag.py:3036} INFO - Sync 2 DAGs
[2026-06-11T01:46:30.661+0000] {logging_mixin.py:188} INFO - [2026-06-11T01:46:30.660+0000] {dag.py:3823} INFO - Setting next_dagrun for reachout_followup_reminder to 2026-06-09 08:00:00+00:00, run_after=2026-06-10 08:00:00+00:00
[2026-06-11T01:46:30.666+0000] {logging_mixin.py:188} INFO - [2026-06-11T01:46:30.666+0000] {dag.py:3823} INFO - Setting next_dagrun for reachout_weekly_report to 2026-06-07 09:00:00+00:00, run_after=2026-06-14 09:00:00+00:00
[2026-06-11T01:46:30.693+0000] {processor.py:183} INFO - Processing /opt/airflow/dags/followup_dag.py took 0.131 seconds
[2026-06-11T01:47:00.894+0000] {processor.py:161} INFO - Started process (PID=288) to work on /opt/airflow/dags/followup_dag.py
[2026-06-11T01:47:00.895+0000] {processor.py:830} INFO - Processing file /opt/airflow/dags/followup_dag.py for tasks to queue
[2026-06-11T01:47:00.896+0000] {logging_mixin.py:188} INFO - [2026-06-11T01:47:00.896+0000] {dagbag.py:538} INFO - Filling up the DagBag from /opt/airflow/dags/followup_dag.py
[2026-06-11T01:47:00.918+0000] {processor.py:840} INFO - DAG(s) 'reachout_weekly_report', 'reachout_followup_reminder' retrieved from /opt/airflow/dags/followup_dag.py
[2026-06-11T01:47:00.947+0000] {logging_mixin.py:188} INFO - [2026-06-11T01:47:00.947+0000] {dag.py:3036} INFO - Sync 2 DAGs
[2026-06-11T01:47:00.969+0000] {logging_mixin.py:188} INFO - [2026-06-11T01:47:00.969+0000] {dag.py:3823} INFO - Setting next_dagrun for reachout_followup_reminder to 2026-06-09 08:00:00+00:00, run_after=2026-06-10 08:00:00+00:00
[2026-06-11T01:47:00.975+0000] {logging_mixin.py:188} INFO - [2026-06-11T01:47:00.974+0000] {dag.py:3823} INFO - Setting next_dagrun for reachout_weekly_report to 2026-06-07 09:00:00+00:00, run_after=2026-06-14 09:00:00+00:00
[2026-06-11T01:47:00.995+0000] {processor.py:183} INFO - Processing /opt/airflow/dags/followup_dag.py took 0.104 seconds
[2026-06-11T01:47:31.121+0000] {processor.py:161} INFO - Started process (PID=293) to work on /opt/airflow/dags/followup_dag.py
[2026-06-11T01:47:31.122+0000] {processor.py:830} INFO - Processing file /opt/airflow/dags/followup_dag.py for tasks to queue
[2026-06-11T01:47:31.123+0000] {logging_mixin.py:188} INFO - [2026-06-11T01:47:31.123+0000] {dagbag.py:538} INFO - Filling up the DagBag from /opt/airflow/dags/followup_dag.py
[2026-06-11T01:47:31.144+0000] {processor.py:840} INFO - DAG(s) 'reachout_followup_reminder', 'reachout_weekly_report' retrieved from /opt/airflow/dags/followup_dag.py
[2026-06-11T01:47:31.173+0000] {logging_mixin.py:188} INFO - [2026-06-11T01:47:31.173+0000] {dag.py:3036} INFO - Sync 2 DAGs
[2026-06-11T01:47:31.199+0000] {logging_mixin.py:188} INFO - [2026-06-11T01:47:31.198+0000] {dag.py:3823} INFO - Setting next_dagrun for reachout_followup_reminder to 2026-06-09 08:00:00+00:00, run_after=2026-06-10 08:00:00+00:00
[2026-06-11T01:47:31.206+0000] {logging_mixin.py:188} INFO - [2026-06-11T01:47:31.205+0000] {dag.py:3823} INFO - Setting next_dagrun for reachout_weekly_report to 2026-06-07 09:00:00+00:00, run_after=2026-06-14 09:00:00+00:00
[2026-06-11T01:47:31.231+0000] {processor.py:183} INFO - Processing /opt/airflow/dags/followup_dag.py took 0.113 seconds
[2026-06-11T01:48:01.453+0000] {processor.py:161} INFO - Started process (PID=314) to work on /opt/airflow/dags/followup_dag.py
[2026-06-11T01:48:01.456+0000] {processor.py:830} INFO - Processing file /opt/airflow/dags/followup_dag.py for tasks to queue
[2026-06-11T01:48:01.458+0000] {logging_mixin.py:188} INFO - [2026-06-11T01:48:01.457+0000] {dagbag.py:538} INFO - Filling up the DagBag from /opt/airflow/dags/followup_dag.py
[2026-06-11T01:48:01.492+0000] {processor.py:840} INFO - DAG(s) 'reachout_followup_reminder', 'reachout_weekly_report' retrieved from /opt/airflow/dags/followup_dag.py
[2026-06-11T01:48:01.521+0000] {logging_mixin.py:188} INFO - [2026-06-11T01:48:01.521+0000] {dag.py:3036} INFO - Sync 2 DAGs
[2026-06-11T01:48:01.549+0000] {logging_mixin.py:188} INFO - [2026-06-11T01:48:01.549+0000] {dag.py:3823} INFO - Setting next_dagrun for reachout_followup_reminder to 2026-06-10 08:00:00+00:00, run_after=2026-06-11 08:00:00+00:00
[2026-06-11T01:48:01.555+0000] {logging_mixin.py:188} INFO - [2026-06-11T01:48:01.555+0000] {dag.py:3823} INFO - Setting next_dagrun for reachout_weekly_report to 2026-06-07 09:00:00+00:00, run_after=2026-06-14 09:00:00+00:00
[2026-06-11T01:48:01.577+0000] {processor.py:183} INFO - Processing /opt/airflow/dags/followup_dag.py took 0.129 seconds
[2026-06-11T01:48:31.678+0000] {processor.py:161} INFO - Started process (PID=319) to work on /opt/airflow/dags/followup_dag.py
[2026-06-11T01:48:31.680+0000] {processor.py:830} INFO - Processing file /opt/airflow/dags/followup_dag.py for tasks to queue
[2026-06-11T01:48:31.681+0000] {logging_mixin.py:188} INFO - [2026-06-11T01:48:31.681+0000] {dagbag.py:538} INFO - Filling up the DagBag from /opt/airflow/dags/followup_dag.py
[2026-06-11T01:48:31.704+0000] {processor.py:840} INFO - DAG(s) 'reachout_weekly_report', 'reachout_followup_reminder' retrieved from /opt/airflow/dags/followup_dag.py
[2026-06-11T01:48:31.731+0000] {logging_mixin.py:188} INFO - [2026-06-11T01:48:31.731+0000] {dag.py:3036} INFO - Sync 2 DAGs
[2026-06-11T01:48:31.753+0000] {logging_mixin.py:188} INFO - [2026-06-11T01:48:31.753+0000] {dag.py:3823} INFO - Setting next_dagrun for reachout_followup_reminder to 2026-06-10 08:00:00+00:00, run_after=2026-06-11 08:00:00+00:00
[2026-06-11T01:48:31.758+0000] {logging_mixin.py:188} INFO - [2026-06-11T01:48:31.757+0000] {dag.py:3823} INFO - Setting next_dagrun for reachout_weekly_report to 2026-06-07 09:00:00+00:00, run_after=2026-06-14 09:00:00+00:00
[2026-06-11T01:48:31.777+0000] {processor.py:183} INFO - Processing /opt/airflow/dags/followup_dag.py took 0.102 seconds
[2026-06-11T01:49:02.057+0000] {processor.py:161} INFO - Started process (PID=324) to work on /opt/airflow/dags/followup_dag.py
[2026-06-11T01:49:02.059+0000] {processor.py:830} INFO - Processing file /opt/airflow/dags/followup_dag.py for tasks to queue
[2026-06-11T01:49:02.061+0000] {logging_mixin.py:188} INFO - [2026-06-11T01:49:02.060+0000] {dagbag.py:538} INFO - Filling up the DagBag from /opt/airflow/dags/followup_dag.py
[2026-06-11T01:49:02.088+0000] {processor.py:840} INFO - DAG(s) 'reachout_followup_reminder', 'reachout_weekly_report' retrieved from /opt/airflow/dags/followup_dag.py
[2026-06-11T01:49:02.119+0000] {logging_mixin.py:188} INFO - [2026-06-11T01:49:02.118+0000] {dag.py:3036} INFO - Sync 2 DAGs
[2026-06-11T01:49:02.147+0000] {logging_mixin.py:188} INFO - [2026-06-11T01:49:02.147+0000] {dag.py:3823} INFO - Setting next_dagrun for reachout_followup_reminder to 2026-06-10 08:00:00+00:00, run_after=2026-06-11 08:00:00+00:00
[2026-06-11T01:49:02.153+0000] {logging_mixin.py:188} INFO - [2026-06-11T01:49:02.153+0000] {dag.py:3823} INFO - Setting next_dagrun for reachout_weekly_report to 2026-06-07 09:00:00+00:00, run_after=2026-06-14 09:00:00+00:00
[2026-06-11T01:49:02.173+0000] {processor.py:183} INFO - Processing /opt/airflow/dags/followup_dag.py took 0.122 seconds
[2026-06-11T01:49:32.288+0000] {processor.py:161} INFO - Started process (PID=329) to work on /opt/airflow/dags/followup_dag.py
[2026-06-11T01:49:32.290+0000] {processor.py:830} INFO - Processing file /opt/airflow/dags/followup_dag.py for tasks to queue
[2026-06-11T01:49:32.291+0000] {logging_mixin.py:188} INFO - [2026-06-11T01:49:32.290+0000] {dagbag.py:538} INFO - Filling up the DagBag from /opt/airflow/dags/followup_dag.py
[2026-06-11T01:49:32.313+0000] {processor.py:840} INFO - DAG(s) 'reachout_followup_reminder', 'reachout_weekly_report' retrieved from /opt/airflow/dags/followup_dag.py
[2026-06-11T01:49:32.343+0000] {logging_mixin.py:188} INFO - [2026-06-11T01:49:32.343+0000] {dag.py:3036} INFO - Sync 2 DAGs
[2026-06-11T01:49:32.364+0000] {logging_mixin.py:188} INFO - [2026-06-11T01:49:32.364+0000] {dag.py:3823} INFO - Setting next_dagrun for reachout_followup_reminder to 2026-06-10 08:00:00+00:00, run_after=2026-06-11 08:00:00+00:00
[2026-06-11T01:49:32.371+0000] {logging_mixin.py:188} INFO - [2026-06-11T01:49:32.370+0000] {dag.py:3823} INFO - Setting next_dagrun for reachout_weekly_report to 2026-06-07 09:00:00+00:00, run_after=2026-06-14 09:00:00+00:00
[2026-06-11T01:49:32.394+0000] {processor.py:183} INFO - Processing /opt/airflow/dags/followup_dag.py took 0.108 seconds
[2026-06-11T01:50:02.647+0000] {processor.py:161} INFO - Started process (PID=334) to work on /opt/airflow/dags/followup_dag.py
[2026-06-11T01:50:02.648+0000] {processor.py:830} INFO - Processing file /opt/airflow/dags/followup_dag.py for tasks to queue
[2026-06-11T01:50:02.650+0000] {logging_mixin.py:188} INFO - [2026-06-11T01:50:02.649+0000] {dagbag.py:538} INFO - Filling up the DagBag from /opt/airflow/dags/followup_dag.py
[2026-06-11T01:50:02.674+0000] {processor.py:840} INFO - DAG(s) 'reachout_followup_reminder', 'reachout_weekly_report' retrieved from /opt/airflow/dags/followup_dag.py
[2026-06-11T01:50:02.706+0000] {logging_mixin.py:188} INFO - [2026-06-11T01:50:02.706+0000] {dag.py:3036} INFO - Sync 2 DAGs
[2026-06-11T01:50:02.731+0000] {logging_mixin.py:188} INFO - [2026-06-11T01:50:02.731+0000] {dag.py:3823} INFO - Setting next_dagrun for reachout_followup_reminder to 2026-06-10 08:00:00+00:00, run_after=2026-06-11 08:00:00+00:00
[2026-06-11T01:50:02.737+0000] {logging_mixin.py:188} INFO - [2026-06-11T01:50:02.736+0000] {dag.py:3823} INFO - Setting next_dagrun for reachout_weekly_report to 2026-06-07 09:00:00+00:00, run_after=2026-06-14 09:00:00+00:00
[2026-06-11T01:50:02.765+0000] {processor.py:183} INFO - Processing /opt/airflow/dags/followup_dag.py took 0.121 seconds
[2026-06-11T01:50:32.917+0000] {processor.py:161} INFO - Started process (PID=339) to work on /opt/airflow/dags/followup_dag.py
[2026-06-11T01:50:32.920+0000] {processor.py:830} INFO - Processing file /opt/airflow/dags/followup_dag.py for tasks to queue
[2026-06-11T01:50:32.923+0000] {logging_mixin.py:188} INFO - [2026-06-11T01:50:32.922+0000] {dagbag.py:538} INFO - Filling up the DagBag from /opt/airflow/dags/followup_dag.py
[2026-06-11T01:50:32.952+0000] {processor.py:840} INFO - DAG(s) 'reachout_weekly_report', 'reachout_followup_reminder' retrieved from /opt/airflow/dags/followup_dag.py
[2026-06-11T01:50:32.983+0000] {logging_mixin.py:188} INFO - [2026-06-11T01:50:32.983+0000] {dag.py:3036} INFO - Sync 2 DAGs
[2026-06-11T01:50:33.007+0000] {logging_mixin.py:188} INFO - [2026-06-11T01:50:33.006+0000] {dag.py:3823} INFO - Setting next_dagrun for reachout_followup_reminder to 2026-06-10 08:00:00+00:00, run_after=2026-06-11 08:00:00+00:00
[2026-06-11T01:50:33.012+0000] {logging_mixin.py:188} INFO - [2026-06-11T01:50:33.011+0000] {dag.py:3823} INFO - Setting next_dagrun for reachout_weekly_report to 2026-06-07 09:00:00+00:00, run_after=2026-06-14 09:00:00+00:00
[2026-06-11T01:50:33.035+0000] {processor.py:183} INFO - Processing /opt/airflow/dags/followup_dag.py took 0.128 seconds
[2026-06-11T01:51:03.347+0000] {processor.py:161} INFO - Started process (PID=344) to work on /opt/airflow/dags/followup_dag.py
[2026-06-11T01:51:03.348+0000] {processor.py:830} INFO - Processing file /opt/airflow/dags/followup_dag.py for tasks to queue
[2026-06-11T01:51:03.350+0000] {logging_mixin.py:188} INFO - [2026-06-11T01:51:03.350+0000] {dagbag.py:538} INFO - Filling up the DagBag from /opt/airflow/dags/followup_dag.py
[2026-06-11T01:51:03.373+0000] {processor.py:840} INFO - DAG(s) 'reachout_weekly_report', 'reachout_followup_reminder' retrieved from /opt/airflow/dags/followup_dag.py
[2026-06-11T01:51:03.407+0000] {logging_mixin.py:188} INFO - [2026-06-11T01:51:03.407+0000] {dag.py:3036} INFO - Sync 2 DAGs
[2026-06-11T01:51:03.435+0000] {logging_mixin.py:188} INFO - [2026-06-11T01:51:03.435+0000] {dag.py:3823} INFO - Setting next_dagrun for reachout_followup_reminder to 2026-06-10 08:00:00+00:00, run_after=2026-06-11 08:00:00+00:00
[2026-06-11T01:51:03.442+0000] {logging_mixin.py:188} INFO - [2026-06-11T01:51:03.441+0000] {dag.py:3823} INFO - Setting next_dagrun for reachout_weekly_report to 2026-06-07 09:00:00+00:00, run_after=2026-06-14 09:00:00+00:00
[2026-06-11T01:51:03.465+0000] {processor.py:183} INFO - Processing /opt/airflow/dags/followup_dag.py took 0.123 seconds
[2026-06-11T01:51:33.786+0000] {processor.py:161} INFO - Started process (PID=349) to work on /opt/airflow/dags/followup_dag.py
[2026-06-11T01:51:33.797+0000] {processor.py:830} INFO - Processing file /opt/airflow/dags/followup_dag.py for tasks to queue
[2026-06-11T01:51:33.802+0000] {logging_mixin.py:188} INFO - [2026-06-11T01:51:33.801+0000] {dagbag.py:538} INFO - Filling up the DagBag from /opt/airflow/dags/followup_dag.py
[2026-06-11T01:51:33.844+0000] {processor.py:840} INFO - DAG(s) 'reachout_followup_reminder', 'reachout_weekly_report' retrieved from /opt/airflow/dags/followup_dag.py
[2026-06-11T01:51:33.871+0000] {logging_mixin.py:188} INFO - [2026-06-11T01:51:33.871+0000] {dag.py:3036} INFO - Sync 2 DAGs
[2026-06-11T01:51:33.893+0000] {logging_mixin.py:188} INFO - [2026-06-11T01:51:33.892+0000] {dag.py:3823} INFO - Setting next_dagrun for reachout_followup_reminder to 2026-06-10 08:00:00+00:00, run_after=2026-06-11 08:00:00+00:00
[2026-06-11T01:51:33.898+0000] {logging_mixin.py:188} INFO - [2026-06-11T01:51:33.898+0000] {dag.py:3823} INFO - Setting next_dagrun for reachout_weekly_report to 2026-06-07 09:00:00+00:00, run_after=2026-06-14 09:00:00+00:00
[2026-06-11T01:51:33.921+0000] {processor.py:183} INFO - Processing /opt/airflow/dags/followup_dag.py took 0.139 seconds
[2026-06-11T01:52:03.978+0000] {processor.py:161} INFO - Started process (PID=354) to work on /opt/airflow/dags/followup_dag.py
[2026-06-11T01:52:03.980+0000] {processor.py:830} INFO - Processing file /opt/airflow/dags/followup_dag.py for tasks to queue
[2026-06-11T01:52:03.982+0000] {logging_mixin.py:188} INFO - [2026-06-11T01:52:03.982+0000] {dagbag.py:538} INFO - Filling up the DagBag from /opt/airflow/dags/followup_dag.py
[2026-06-11T01:52:04.011+0000] {processor.py:840} INFO - DAG(s) 'reachout_followup_reminder', 'reachout_weekly_report' retrieved from /opt/airflow/dags/followup_dag.py
[2026-06-11T01:52:04.046+0000] {logging_mixin.py:188} INFO - [2026-06-11T01:52:04.045+0000] {dag.py:3036} INFO - Sync 2 DAGs
[2026-06-11T01:52:04.072+0000] {logging_mixin.py:188} INFO - [2026-06-11T01:52:04.071+0000] {dag.py:3823} INFO - Setting next_dagrun for reachout_followup_reminder to 2026-06-10 08:00:00+00:00, run_after=2026-06-11 08:00:00+00:00
[2026-06-11T01:52:04.077+0000] {logging_mixin.py:188} INFO - [2026-06-11T01:52:04.076+0000] {dag.py:3823} INFO - Setting next_dagrun for reachout_weekly_report to 2026-06-07 09:00:00+00:00, run_after=2026-06-14 09:00:00+00:00
[2026-06-11T01:52:04.100+0000] {processor.py:183} INFO - Processing /opt/airflow/dags/followup_dag.py took 0.127 seconds
[2026-06-11T01:52:34.217+0000] {processor.py:161} INFO - Started process (PID=359) to work on /opt/airflow/dags/followup_dag.py
[2026-06-11T01:52:34.218+0000] {processor.py:830} INFO - Processing file /opt/airflow/dags/followup_dag.py for tasks to queue
[2026-06-11T01:52:34.219+0000] {logging_mixin.py:188} INFO - [2026-06-11T01:52:34.219+0000] {dagbag.py:538} INFO - Filling up the DagBag from /opt/airflow/dags/followup_dag.py
[2026-06-11T01:52:34.239+0000] {processor.py:840} INFO - DAG(s) 'reachout_weekly_report', 'reachout_followup_reminder' retrieved from /opt/airflow/dags/followup_dag.py
[2026-06-11T01:52:34.269+0000] {logging_mixin.py:188} INFO - [2026-06-11T01:52:34.269+0000] {dag.py:3036} INFO - Sync 2 DAGs
[2026-06-11T01:52:34.289+0000] {logging_mixin.py:188} INFO - [2026-06-11T01:52:34.288+0000] {dag.py:3823} INFO - Setting next_dagrun for reachout_followup_reminder to 2026-06-10 08:00:00+00:00, run_after=2026-06-11 08:00:00+00:00
[2026-06-11T01:52:34.293+0000] {logging_mixin.py:188} INFO - [2026-06-11T01:52:34.293+0000] {dag.py:3823} INFO - Setting next_dagrun for reachout_weekly_report to 2026-06-07 09:00:00+00:00, run_after=2026-06-14 09:00:00+00:00
[2026-06-11T01:52:34.317+0000] {processor.py:183} INFO - Processing /opt/airflow/dags/followup_dag.py took 0.104 seconds
[2026-06-11T01:53:04.493+0000] {processor.py:161} INFO - Started process (PID=364) to work on /opt/airflow/dags/followup_dag.py
[2026-06-11T01:53:04.495+0000] {processor.py:830} INFO - Processing file /opt/airflow/dags/followup_dag.py for tasks to queue
[2026-06-11T01:53:04.496+0000] {logging_mixin.py:188} INFO - [2026-06-11T01:53:04.496+0000] {dagbag.py:538} INFO - Filling up the DagBag from /opt/airflow/dags/followup_dag.py
[2026-06-11T01:53:04.521+0000] {processor.py:840} INFO - DAG(s) 'reachout_weekly_report', 'reachout_followup_reminder' retrieved from /opt/airflow/dags/followup_dag.py
[2026-06-11T01:53:04.557+0000] {logging_mixin.py:188} INFO - [2026-06-11T01:53:04.556+0000] {dag.py:3036} INFO - Sync 2 DAGs
[2026-06-11T01:53:04.582+0000] {logging_mixin.py:188} INFO - [2026-06-11T01:53:04.582+0000] {dag.py:3823} INFO - Setting next_dagrun for reachout_followup_reminder to 2026-06-10 08:00:00+00:00, run_after=2026-06-11 08:00:00+00:00
[2026-06-11T01:53:04.588+0000] {logging_mixin.py:188} INFO - [2026-06-11T01:53:04.588+0000] {dag.py:3823} INFO - Setting next_dagrun for reachout_weekly_report to 2026-06-07 09:00:00+00:00, run_after=2026-06-14 09:00:00+00:00
[2026-06-11T01:53:04.618+0000] {processor.py:183} INFO - Processing /opt/airflow/dags/followup_dag.py took 0.128 seconds
[2026-06-11T01:53:34.689+0000] {processor.py:161} INFO - Started process (PID=369) to work on /opt/airflow/dags/followup_dag.py
[2026-06-11T01:53:34.690+0000] {processor.py:830} INFO - Processing file /opt/airflow/dags/followup_dag.py for tasks to queue
[2026-06-11T01:53:34.691+0000] {logging_mixin.py:188} INFO - [2026-06-11T01:53:34.691+0000] {dagbag.py:538} INFO - Filling up the DagBag from /opt/airflow/dags/followup_dag.py
[2026-06-11T01:53:34.716+0000] {processor.py:840} INFO - DAG(s) 'reachout_followup_reminder', 'reachout_weekly_report' retrieved from /opt/airflow/dags/followup_dag.py
[2026-06-11T01:53:34.753+0000] {logging_mixin.py:188} INFO - [2026-06-11T01:53:34.753+0000] {dag.py:3036} INFO - Sync 2 DAGs
[2026-06-11T01:53:34.774+0000] {logging_mixin.py:188} INFO - [2026-06-11T01:53:34.774+0000] {dag.py:3823} INFO - Setting next_dagrun for reachout_followup_reminder to 2026-06-10 08:00:00+00:00, run_after=2026-06-11 08:00:00+00:00
[2026-06-11T01:53:34.780+0000] {logging_mixin.py:188} INFO - [2026-06-11T01:53:34.780+0000] {dag.py:3823} INFO - Setting next_dagrun for reachout_weekly_report to 2026-06-07 09:00:00+00:00, run_after=2026-06-14 09:00:00+00:00
[2026-06-11T01:53:34.801+0000] {processor.py:183} INFO - Processing /opt/airflow/dags/followup_dag.py took 0.117 seconds
[2026-06-11T01:54:04.928+0000] {processor.py:161} INFO - Started process (PID=374) to work on /opt/airflow/dags/followup_dag.py
[2026-06-11T01:54:04.930+0000] {processor.py:830} INFO - Processing file /opt/airflow/dags/followup_dag.py for tasks to queue
[2026-06-11T01:54:04.932+0000] {logging_mixin.py:188} INFO - [2026-06-11T01:54:04.931+0000] {dagbag.py:538} INFO - Filling up the DagBag from /opt/airflow/dags/followup_dag.py
[2026-06-11T01:54:04.973+0000] {processor.py:840} INFO - DAG(s) 'reachout_weekly_report', 'reachout_followup_reminder' retrieved from /opt/airflow/dags/followup_dag.py
[2026-06-11T01:54:05.026+0000] {logging_mixin.py:188} INFO - [2026-06-11T01:54:05.026+0000] {dag.py:3036} INFO - Sync 2 DAGs
[2026-06-11T01:54:05.057+0000] {logging_mixin.py:188} INFO - [2026-06-11T01:54:05.057+0000] {dag.py:3823} INFO - Setting next_dagrun for reachout_followup_reminder to 2026-06-10 08:00:00+00:00, run_after=2026-06-11 08:00:00+00:00
[2026-06-11T01:54:05.064+0000] {logging_mixin.py:188} INFO - [2026-06-11T01:54:05.063+0000] {dag.py:3823} INFO - Setting next_dagrun for reachout_weekly_report to 2026-06-07 09:00:00+00:00, run_after=2026-06-14 09:00:00+00:00
[2026-06-11T01:54:05.092+0000] {processor.py:183} INFO - Processing /opt/airflow/dags/followup_dag.py took 0.169 seconds
[2026-06-11T01:54:35.228+0000] {processor.py:161} INFO - Started process (PID=379) to work on /opt/airflow/dags/followup_dag.py
[2026-06-11T01:54:35.229+0000] {processor.py:830} INFO - Processing file /opt/airflow/dags/followup_dag.py for tasks to queue
[2026-06-11T01:54:35.231+0000] {logging_mixin.py:188} INFO - [2026-06-11T01:54:35.231+0000] {dagbag.py:538} INFO - Filling up the DagBag from /opt/airflow/dags/followup_dag.py
[2026-06-11T01:54:35.259+0000] {processor.py:840} INFO - DAG(s) 'reachout_followup_reminder', 'reachout_weekly_report' retrieved from /opt/airflow/dags/followup_dag.py
[2026-06-11T01:54:35.301+0000] {logging_mixin.py:188} INFO - [2026-06-11T01:54:35.300+0000] {dag.py:3036} INFO - Sync 2 DAGs
[2026-06-11T01:54:35.332+0000] {logging_mixin.py:188} INFO - [2026-06-11T01:54:35.332+0000] {dag.py:3823} INFO - Setting next_dagrun for reachout_followup_reminder to 2026-06-10 08:00:00+00:00, run_after=2026-06-11 08:00:00+00:00
[2026-06-11T01:54:35.338+0000] {logging_mixin.py:188} INFO - [2026-06-11T01:54:35.338+0000] {dag.py:3823} INFO - Setting next_dagrun for reachout_weekly_report to 2026-06-07 09:00:00+00:00, run_after=2026-06-14 09:00:00+00:00
[2026-06-11T01:54:35.367+0000] {processor.py:183} INFO - Processing /opt/airflow/dags/followup_dag.py took 0.143 seconds
[2026-06-11T01:55:05.515+0000] {processor.py:161} INFO - Started process (PID=384) to work on /opt/airflow/dags/followup_dag.py
[2026-06-11T01:55:05.517+0000] {processor.py:830} INFO - Processing file /opt/airflow/dags/followup_dag.py for tasks to queue
[2026-06-11T01:55:05.519+0000] {logging_mixin.py:188} INFO - [2026-06-11T01:55:05.519+0000] {dagbag.py:538} INFO - Filling up the DagBag from /opt/airflow/dags/followup_dag.py
[2026-06-11T01:55:05.548+0000] {processor.py:840} INFO - DAG(s) 'reachout_weekly_report', 'reachout_followup_reminder' retrieved from /opt/airflow/dags/followup_dag.py
[2026-06-11T01:55:05.582+0000] {logging_mixin.py:188} INFO - [2026-06-11T01:55:05.582+0000] {dag.py:3036} INFO - Sync 2 DAGs
[2026-06-11T01:55:05.606+0000] {logging_mixin.py:188} INFO - [2026-06-11T01:55:05.605+0000] {dag.py:3823} INFO - Setting next_dagrun for reachout_followup_reminder to 2026-06-10 08:00:00+00:00, run_after=2026-06-11 08:00:00+00:00
[2026-06-11T01:55:05.611+0000] {logging_mixin.py:188} INFO - [2026-06-11T01:55:05.611+0000] {dag.py:3823} INFO - Setting next_dagrun for reachout_weekly_report to 2026-06-07 09:00:00+00:00, run_after=2026-06-14 09:00:00+00:00
[2026-06-11T01:55:05.632+0000] {processor.py:183} INFO - Processing /opt/airflow/dags/followup_dag.py took 0.122 seconds
[2026-06-11T01:55:35.805+0000] {processor.py:161} INFO - Started process (PID=389) to work on /opt/airflow/dags/followup_dag.py
[2026-06-11T01:55:35.807+0000] {processor.py:830} INFO - Processing file /opt/airflow/dags/followup_dag.py for tasks to queue
[2026-06-11T01:55:35.809+0000] {logging_mixin.py:188} INFO - [2026-06-11T01:55:35.808+0000] {dagbag.py:538} INFO - Filling up the DagBag from /opt/airflow/dags/followup_dag.py
[2026-06-11T01:55:35.844+0000] {processor.py:840} INFO - DAG(s) 'reachout_weekly_report', 'reachout_followup_reminder' retrieved from /opt/airflow/dags/followup_dag.py
[2026-06-11T01:55:35.883+0000] {logging_mixin.py:188} INFO - [2026-06-11T01:55:35.883+0000] {dag.py:3036} INFO - Sync 2 DAGs
[2026-06-11T01:55:35.914+0000] {logging_mixin.py:188} INFO - [2026-06-11T01:55:35.913+0000] {dag.py:3823} INFO - Setting next_dagrun for reachout_followup_reminder to 2026-06-10 08:00:00+00:00, run_after=2026-06-11 08:00:00+00:00
[2026-06-11T01:55:35.923+0000] {logging_mixin.py:188} INFO - [2026-06-11T01:55:35.923+0000] {dag.py:3823} INFO - Setting next_dagrun for reachout_weekly_report to 2026-06-07 09:00:00+00:00, run_after=2026-06-14 09:00:00+00:00
[2026-06-11T01:55:35.948+0000] {processor.py:183} INFO - Processing /opt/airflow/dags/followup_dag.py took 0.149 seconds
[2026-06-11T01:56:06.011+0000] {processor.py:161} INFO - Started process (PID=394) to work on /opt/airflow/dags/followup_dag.py
[2026-06-11T01:56:06.013+0000] {processor.py:830} INFO - Processing file /opt/airflow/dags/followup_dag.py for tasks to queue
[2026-06-11T01:56:06.015+0000] {logging_mixin.py:188} INFO - [2026-06-11T01:56:06.014+0000] {dagbag.py:538} INFO - Filling up the DagBag from /opt/airflow/dags/followup_dag.py
[2026-06-11T01:56:06.050+0000] {processor.py:840} INFO - DAG(s) 'reachout_weekly_report', 'reachout_followup_reminder' retrieved from /opt/airflow/dags/followup_dag.py
[2026-06-11T01:56:06.096+0000] {logging_mixin.py:188} INFO - [2026-06-11T01:56:06.096+0000] {dag.py:3036} INFO - Sync 2 DAGs
[2026-06-11T01:56:06.129+0000] {logging_mixin.py:188} INFO - [2026-06-11T01:56:06.129+0000] {dag.py:3823} INFO - Setting next_dagrun for reachout_followup_reminder to 2026-06-10 08:00:00+00:00, run_after=2026-06-11 08:00:00+00:00
[2026-06-11T01:56:06.135+0000] {logging_mixin.py:188} INFO - [2026-06-11T01:56:06.135+0000] {dag.py:3823} INFO - Setting next_dagrun for reachout_weekly_report to 2026-06-07 09:00:00+00:00, run_after=2026-06-14 09:00:00+00:00
[2026-06-11T01:56:06.159+0000] {processor.py:183} INFO - Processing /opt/airflow/dags/followup_dag.py took 0.152 seconds
[2026-06-11T01:56:36.306+0000] {processor.py:161} INFO - Started process (PID=399) to work on /opt/airflow/dags/followup_dag.py
[2026-06-11T01:56:36.307+0000] {processor.py:830} INFO - Processing file /opt/airflow/dags/followup_dag.py for tasks to queue
[2026-06-11T01:56:36.309+0000] {logging_mixin.py:188} INFO - [2026-06-11T01:56:36.308+0000] {dagbag.py:538} INFO - Filling up the DagBag from /opt/airflow/dags/followup_dag.py
[2026-06-11T01:56:36.334+0000] {processor.py:840} INFO - DAG(s) 'reachout_followup_reminder', 'reachout_weekly_report' retrieved from /opt/airflow/dags/followup_dag.py
[2026-06-11T01:56:36.371+0000] {logging_mixin.py:188} INFO - [2026-06-11T01:56:36.371+0000] {dag.py:3036} INFO - Sync 2 DAGs
[2026-06-11T01:56:36.393+0000] {logging_mixin.py:188} INFO - [2026-06-11T01:56:36.393+0000] {dag.py:3823} INFO - Setting next_dagrun for reachout_followup_reminder to 2026-06-10 08:00:00+00:00, run_after=2026-06-11 08:00:00+00:00
[2026-06-11T01:56:36.398+0000] {logging_mixin.py:188} INFO - [2026-06-11T01:56:36.398+0000] {dag.py:3823} INFO - Setting next_dagrun for reachout_weekly_report to 2026-06-07 09:00:00+00:00, run_after=2026-06-14 09:00:00+00:00
[2026-06-11T01:56:36.419+0000] {processor.py:183} INFO - Processing /opt/airflow/dags/followup_dag.py took 0.118 seconds
[2026-06-11T01:57:06.511+0000] {processor.py:161} INFO - Started process (PID=404) to work on /opt/airflow/dags/followup_dag.py
[2026-06-11T01:57:06.513+0000] {processor.py:830} INFO - Processing file /opt/airflow/dags/followup_dag.py for tasks to queue
[2026-06-11T01:57:06.514+0000] {logging_mixin.py:188} INFO - [2026-06-11T01:57:06.514+0000] {dagbag.py:538} INFO - Filling up the DagBag from /opt/airflow/dags/followup_dag.py
[2026-06-11T01:57:06.543+0000] {processor.py:840} INFO - DAG(s) 'reachout_weekly_report', 'reachout_followup_reminder' retrieved from /opt/airflow/dags/followup_dag.py
[2026-06-11T01:57:06.575+0000] {logging_mixin.py:188} INFO - [2026-06-11T01:57:06.574+0000] {dag.py:3036} INFO - Sync 2 DAGs
[2026-06-11T01:57:06.599+0000] {logging_mixin.py:188} INFO - [2026-06-11T01:57:06.599+0000] {dag.py:3823} INFO - Setting next_dagrun for reachout_followup_reminder to 2026-06-10 08:00:00+00:00, run_after=2026-06-11 08:00:00+00:00
[2026-06-11T01:57:06.606+0000] {logging_mixin.py:188} INFO - [2026-06-11T01:57:06.606+0000] {dag.py:3823} INFO - Setting next_dagrun for reachout_weekly_report to 2026-06-07 09:00:00+00:00, run_after=2026-06-14 09:00:00+00:00
[2026-06-11T01:57:06.628+0000] {processor.py:183} INFO - Processing /opt/airflow/dags/followup_dag.py took 0.121 seconds
[2026-06-11T01:57:36.873+0000] {processor.py:161} INFO - Started process (PID=409) to work on /opt/airflow/dags/followup_dag.py
[2026-06-11T01:57:36.874+0000] {processor.py:830} INFO - Processing file /opt/airflow/dags/followup_dag.py for tasks to queue
[2026-06-11T01:57:36.876+0000] {logging_mixin.py:188} INFO - [2026-06-11T01:57:36.875+0000] {dagbag.py:538} INFO - Filling up the DagBag from /opt/airflow/dags/followup_dag.py
[2026-06-11T01:57:36.900+0000] {processor.py:840} INFO - DAG(s) 'reachout_followup_reminder', 'reachout_weekly_report' retrieved from /opt/airflow/dags/followup_dag.py
[2026-06-11T01:57:36.929+0000] {logging_mixin.py:188} INFO - [2026-06-11T01:57:36.929+0000] {dag.py:3036} INFO - Sync 2 DAGs
[2026-06-11T01:57:36.954+0000] {logging_mixin.py:188} INFO - [2026-06-11T01:57:36.953+0000] {dag.py:3823} INFO - Setting next_dagrun for reachout_followup_reminder to 2026-06-10 08:00:00+00:00, run_after=2026-06-11 08:00:00+00:00
[2026-06-11T01:57:36.959+0000] {logging_mixin.py:188} INFO - [2026-06-11T01:57:36.959+0000] {dag.py:3823} INFO - Setting next_dagrun for reachout_weekly_report to 2026-06-07 09:00:00+00:00, run_after=2026-06-14 09:00:00+00:00
[2026-06-11T01:57:36.981+0000] {processor.py:183} INFO - Processing /opt/airflow/dags/followup_dag.py took 0.111 seconds
[2026-06-11T01:58:07.127+0000] {processor.py:161} INFO - Started process (PID=414) to work on /opt/airflow/dags/followup_dag.py
[2026-06-11T01:58:07.128+0000] {processor.py:830} INFO - Processing file /opt/airflow/dags/followup_dag.py for tasks to queue
[2026-06-11T01:58:07.129+0000] {logging_mixin.py:188} INFO - [2026-06-11T01:58:07.129+0000] {dagbag.py:538} INFO - Filling up the DagBag from /opt/airflow/dags/followup_dag.py
[2026-06-11T01:58:07.152+0000] {processor.py:840} INFO - DAG(s) 'reachout_followup_reminder', 'reachout_weekly_report' retrieved from /opt/airflow/dags/followup_dag.py
[2026-06-11T01:58:07.183+0000] {logging_mixin.py:188} INFO - [2026-06-11T01:58:07.183+0000] {dag.py:3036} INFO - Sync 2 DAGs
[2026-06-11T01:58:07.205+0000] {logging_mixin.py:188} INFO - [2026-06-11T01:58:07.204+0000] {dag.py:3823} INFO - Setting next_dagrun for reachout_followup_reminder to 2026-06-10 08:00:00+00:00, run_after=2026-06-11 08:00:00+00:00
[2026-06-11T01:58:07.210+0000] {logging_mixin.py:188} INFO - [2026-06-11T01:58:07.209+0000] {dag.py:3823} INFO - Setting next_dagrun for reachout_weekly_report to 2026-06-07 09:00:00+00:00, run_after=2026-06-14 09:00:00+00:00
[2026-06-11T01:58:07.231+0000] {processor.py:183} INFO - Processing /opt/airflow/dags/followup_dag.py took 0.108 seconds
[2026-06-11T01:58:37.353+0000] {processor.py:161} INFO - Started process (PID=419) to work on /opt/airflow/dags/followup_dag.py
[2026-06-11T01:58:37.355+0000] {processor.py:830} INFO - Processing file /opt/airflow/dags/followup_dag.py for tasks to queue
[2026-06-11T01:58:37.356+0000] {logging_mixin.py:188} INFO - [2026-06-11T01:58:37.356+0000] {dagbag.py:538} INFO - Filling up the DagBag from /opt/airflow/dags/followup_dag.py
[2026-06-11T01:58:37.379+0000] {processor.py:840} INFO - DAG(s) 'reachout_followup_reminder', 'reachout_weekly_report' retrieved from /opt/airflow/dags/followup_dag.py
[2026-06-11T01:58:37.408+0000] {logging_mixin.py:188} INFO - [2026-06-11T01:58:37.408+0000] {dag.py:3036} INFO - Sync 2 DAGs
[2026-06-11T01:58:37.431+0000] {logging_mixin.py:188} INFO - [2026-06-11T01:58:37.431+0000] {dag.py:3823} INFO - Setting next_dagrun for reachout_followup_reminder to 2026-06-10 08:00:00+00:00, run_after=2026-06-11 08:00:00+00:00
[2026-06-11T01:58:37.437+0000] {logging_mixin.py:188} INFO - [2026-06-11T01:58:37.436+0000] {dag.py:3823} INFO - Setting next_dagrun for reachout_weekly_report to 2026-06-07 09:00:00+00:00, run_after=2026-06-14 09:00:00+00:00
[2026-06-11T01:58:37.461+0000] {processor.py:183} INFO - Processing /opt/airflow/dags/followup_dag.py took 0.111 seconds
[2026-06-11T01:59:07.575+0000] {processor.py:161} INFO - Started process (PID=424) to work on /opt/airflow/dags/followup_dag.py
[2026-06-11T01:59:07.576+0000] {processor.py:830} INFO - Processing file /opt/airflow/dags/followup_dag.py for tasks to queue
[2026-06-11T01:59:07.578+0000] {logging_mixin.py:188} INFO - [2026-06-11T01:59:07.577+0000] {dagbag.py:538} INFO - Filling up the DagBag from /opt/airflow/dags/followup_dag.py
[2026-06-11T01:59:07.609+0000] {processor.py:840} INFO - DAG(s) 'reachout_weekly_report', 'reachout_followup_reminder' retrieved from /opt/airflow/dags/followup_dag.py
[2026-06-11T01:59:07.647+0000] {logging_mixin.py:188} INFO - [2026-06-11T01:59:07.646+0000] {dag.py:3036} INFO - Sync 2 DAGs
[2026-06-11T01:59:07.673+0000] {logging_mixin.py:188} INFO - [2026-06-11T01:59:07.673+0000] {dag.py:3823} INFO - Setting next_dagrun for reachout_followup_reminder to 2026-06-10 08:00:00+00:00, run_after=2026-06-11 08:00:00+00:00
[2026-06-11T01:59:07.680+0000] {logging_mixin.py:188} INFO - [2026-06-11T01:59:07.680+0000] {dag.py:3823} INFO - Setting next_dagrun for reachout_weekly_report to 2026-06-07 09:00:00+00:00, run_after=2026-06-14 09:00:00+00:00
[2026-06-11T01:59:07.703+0000] {processor.py:183} INFO - Processing /opt/airflow/dags/followup_dag.py took 0.131 seconds
[2026-06-11T01:59:37.833+0000] {processor.py:161} INFO - Started process (PID=429) to work on /opt/airflow/dags/followup_dag.py
[2026-06-11T01:59:37.835+0000] {processor.py:830} INFO - Processing file /opt/airflow/dags/followup_dag.py for tasks to queue
[2026-06-11T01:59:37.836+0000] {logging_mixin.py:188} INFO - [2026-06-11T01:59:37.836+0000] {dagbag.py:538} INFO - Filling up the DagBag from /opt/airflow/dags/followup_dag.py
[2026-06-11T01:59:37.867+0000] {processor.py:840} INFO - DAG(s) 'reachout_weekly_report', 'reachout_followup_reminder' retrieved from /opt/airflow/dags/followup_dag.py
[2026-06-11T01:59:37.909+0000] {logging_mixin.py:188} INFO - [2026-06-11T01:59:37.909+0000] {dag.py:3036} INFO - Sync 2 DAGs
[2026-06-11T01:59:37.932+0000] {logging_mixin.py:188} INFO - [2026-06-11T01:59:37.932+0000] {dag.py:3823} INFO - Setting next_dagrun for reachout_followup_reminder to 2026-06-10 08:00:00+00:00, run_after=2026-06-11 08:00:00+00:00
[2026-06-11T01:59:37.939+0000] {logging_mixin.py:188} INFO - [2026-06-11T01:59:37.938+0000] {dag.py:3823} INFO - Setting next_dagrun for reachout_weekly_report to 2026-06-07 09:00:00+00:00, run_after=2026-06-14 09:00:00+00:00
[2026-06-11T01:59:37.961+0000] {processor.py:183} INFO - Processing /opt/airflow/dags/followup_dag.py took 0.132 seconds
[2026-06-11T02:00:08.122+0000] {processor.py:161} INFO - Started process (PID=434) to work on /opt/airflow/dags/followup_dag.py
[2026-06-11T02:00:08.123+0000] {processor.py:830} INFO - Processing file /opt/airflow/dags/followup_dag.py for tasks to queue
[2026-06-11T02:00:08.124+0000] {logging_mixin.py:188} INFO - [2026-06-11T02:00:08.124+0000] {dagbag.py:538} INFO - Filling up the DagBag from /opt/airflow/dags/followup_dag.py
[2026-06-11T02:00:08.169+0000] {processor.py:840} INFO - DAG(s) 'reachout_followup_reminder', 'reachout_weekly_report' retrieved from /opt/airflow/dags/followup_dag.py
[2026-06-11T02:00:08.227+0000] {logging_mixin.py:188} INFO - [2026-06-11T02:00:08.226+0000] {dag.py:3036} INFO - Sync 2 DAGs
[2026-06-11T02:00:08.290+0000] {logging_mixin.py:188} INFO - [2026-06-11T02:00:08.290+0000] {dag.py:3823} INFO - Setting next_dagrun for reachout_followup_reminder to 2026-06-10 08:00:00+00:00, run_after=2026-06-11 08:00:00+00:00
[2026-06-11T02:00:08.296+0000] {logging_mixin.py:188} INFO - [2026-06-11T02:00:08.296+0000] {dag.py:3823} INFO - Setting next_dagrun for reachout_weekly_report to 2026-06-07 09:00:00+00:00, run_after=2026-06-14 09:00:00+00:00
[2026-06-11T02:00:08.352+0000] {processor.py:183} INFO - Processing /opt/airflow/dags/followup_dag.py took 0.234 seconds
[2026-06-11T02:00:38.419+0000] {processor.py:161} INFO - Started process (PID=439) to work on /opt/airflow/dags/followup_dag.py
[2026-06-11T02:00:38.423+0000] {processor.py:830} INFO - Processing file /opt/airflow/dags/followup_dag.py for tasks to queue
[2026-06-11T02:00:38.425+0000] {logging_mixin.py:188} INFO - [2026-06-11T02:00:38.424+0000] {dagbag.py:538} INFO - Filling up the DagBag from /opt/airflow/dags/followup_dag.py
[2026-06-11T02:00:38.467+0000] {processor.py:840} INFO - DAG(s) 'reachout_followup_reminder', 'reachout_weekly_report' retrieved from /opt/airflow/dags/followup_dag.py
[2026-06-11T02:00:38.514+0000] {logging_mixin.py:188} INFO - [2026-06-11T02:00:38.514+0000] {dag.py:3036} INFO - Sync 2 DAGs
[2026-06-11T02:00:38.548+0000] {logging_mixin.py:188} INFO - [2026-06-11T02:00:38.547+0000] {dag.py:3823} INFO - Setting next_dagrun for reachout_followup_reminder to 2026-06-10 08:00:00+00:00, run_after=2026-06-11 08:00:00+00:00
[2026-06-11T02:00:38.556+0000] {logging_mixin.py:188} INFO - [2026-06-11T02:00:38.556+0000] {dag.py:3823} INFO - Setting next_dagrun for reachout_weekly_report to 2026-06-07 09:00:00+00:00, run_after=2026-06-14 09:00:00+00:00
[2026-06-11T02:00:38.594+0000] {processor.py:183} INFO - Processing /opt/airflow/dags/followup_dag.py took 0.179 seconds
[2026-06-11T02:01:08.778+0000] {processor.py:161} INFO - Started process (PID=444) to work on /opt/airflow/dags/followup_dag.py
[2026-06-11T02:01:08.779+0000] {processor.py:830} INFO - Processing file /opt/airflow/dags/followup_dag.py for tasks to queue
[2026-06-11T02:01:08.781+0000] {logging_mixin.py:188} INFO - [2026-06-11T02:01:08.780+0000] {dagbag.py:538} INFO - Filling up the DagBag from /opt/airflow/dags/followup_dag.py
[2026-06-11T02:01:08.806+0000] {processor.py:840} INFO - DAG(s) 'reachout_weekly_report', 'reachout_followup_reminder' retrieved from /opt/airflow/dags/followup_dag.py
[2026-06-11T02:01:08.842+0000] {logging_mixin.py:188} INFO - [2026-06-11T02:01:08.842+0000] {dag.py:3036} INFO - Sync 2 DAGs
[2026-06-11T02:01:08.869+0000] {logging_mixin.py:188} INFO - [2026-06-11T02:01:08.869+0000] {dag.py:3823} INFO - Setting next_dagrun for reachout_followup_reminder to 2026-06-10 08:00:00+00:00, run_after=2026-06-11 08:00:00+00:00
[2026-06-11T02:01:08.875+0000] {logging_mixin.py:188} INFO - [2026-06-11T02:01:08.875+0000] {dag.py:3823} INFO - Setting next_dagrun for reachout_weekly_report to 2026-06-07 09:00:00+00:00, run_after=2026-06-14 09:00:00+00:00
[2026-06-11T02:01:08.898+0000] {processor.py:183} INFO - Processing /opt/airflow/dags/followup_dag.py took 0.123 seconds
[2026-06-11T02:01:39.017+0000] {processor.py:161} INFO - Started process (PID=449) to work on /opt/airflow/dags/followup_dag.py
[2026-06-11T02:01:39.018+0000] {processor.py:830} INFO - Processing file /opt/airflow/dags/followup_dag.py for tasks to queue
[2026-06-11T02:01:39.020+0000] {logging_mixin.py:188} INFO - [2026-06-11T02:01:39.019+0000] {dagbag.py:538} INFO - Filling up the DagBag from /opt/airflow/dags/followup_dag.py
[2026-06-11T02:01:39.042+0000] {processor.py:840} INFO - DAG(s) 'reachout_weekly_report', 'reachout_followup_reminder' retrieved from /opt/airflow/dags/followup_dag.py
[2026-06-11T02:01:39.076+0000] {logging_mixin.py:188} INFO - [2026-06-11T02:01:39.075+0000] {dag.py:3036} INFO - Sync 2 DAGs
[2026-06-11T02:01:39.098+0000] {logging_mixin.py:188} INFO - [2026-06-11T02:01:39.098+0000] {dag.py:3823} INFO - Setting next_dagrun for reachout_followup_reminder to 2026-06-10 08:00:00+00:00, run_after=2026-06-11 08:00:00+00:00
[2026-06-11T02:01:39.104+0000] {logging_mixin.py:188} INFO - [2026-06-11T02:01:39.104+0000] {dag.py:3823} INFO - Setting next_dagrun for reachout_weekly_report to 2026-06-07 09:00:00+00:00, run_after=2026-06-14 09:00:00+00:00
[2026-06-11T02:01:39.130+0000] {processor.py:183} INFO - Processing /opt/airflow/dags/followup_dag.py took 0.117 seconds
[2026-06-11T02:02:09.281+0000] {processor.py:161} INFO - Started process (PID=454) to work on /opt/airflow/dags/followup_dag.py
[2026-06-11T02:02:09.283+0000] {processor.py:830} INFO - Processing file /opt/airflow/dags/followup_dag.py for tasks to queue
[2026-06-11T02:02:09.284+0000] {logging_mixin.py:188} INFO - [2026-06-11T02:02:09.283+0000] {dagbag.py:538} INFO - Filling up the DagBag from /opt/airflow/dags/followup_dag.py
[2026-06-11T02:02:09.306+0000] {processor.py:840} INFO - DAG(s) 'reachout_weekly_report', 'reachout_followup_reminder' retrieved from /opt/airflow/dags/followup_dag.py
[2026-06-11T02:02:09.337+0000] {logging_mixin.py:188} INFO - [2026-06-11T02:02:09.336+0000] {dag.py:3036} INFO - Sync 2 DAGs
[2026-06-11T02:02:09.363+0000] {logging_mixin.py:188} INFO - [2026-06-11T02:02:09.362+0000] {dag.py:3823} INFO - Setting next_dagrun for reachout_followup_reminder to 2026-06-10 08:00:00+00:00, run_after=2026-06-11 08:00:00+00:00
[2026-06-11T02:02:09.368+0000] {logging_mixin.py:188} INFO - [2026-06-11T02:02:09.368+0000] {dag.py:3823} INFO - Setting next_dagrun for reachout_weekly_report to 2026-06-07 09:00:00+00:00, run_after=2026-06-14 09:00:00+00:00
[2026-06-11T02:02:09.391+0000] {processor.py:183} INFO - Processing /opt/airflow/dags/followup_dag.py took 0.114 seconds
[2026-06-11T02:02:39.573+0000] {processor.py:161} INFO - Started process (PID=459) to work on /opt/airflow/dags/followup_dag.py
[2026-06-11T02:02:39.575+0000] {processor.py:830} INFO - Processing file /opt/airflow/dags/followup_dag.py for tasks to queue
[2026-06-11T02:02:39.577+0000] {logging_mixin.py:188} INFO - [2026-06-11T02:02:39.576+0000] {dagbag.py:538} INFO - Filling up the DagBag from /opt/airflow/dags/followup_dag.py
[2026-06-11T02:02:39.605+0000] {processor.py:840} INFO - DAG(s) 'reachout_weekly_report', 'reachout_followup_reminder' retrieved from /opt/airflow/dags/followup_dag.py
[2026-06-11T02:02:39.635+0000] {logging_mixin.py:188} INFO - [2026-06-11T02:02:39.635+0000] {dag.py:3036} INFO - Sync 2 DAGs
[2026-06-11T02:02:39.658+0000] {logging_mixin.py:188} INFO - [2026-06-11T02:02:39.657+0000] {dag.py:3823} INFO - Setting next_dagrun for reachout_followup_reminder to 2026-06-10 08:00:00+00:00, run_after=2026-06-11 08:00:00+00:00
[2026-06-11T02:02:39.663+0000] {logging_mixin.py:188} INFO - [2026-06-11T02:02:39.663+0000] {dag.py:3823} INFO - Setting next_dagrun for reachout_weekly_report to 2026-06-07 09:00:00+00:00, run_after=2026-06-14 09:00:00+00:00
[2026-06-11T02:02:39.688+0000] {processor.py:183} INFO - Processing /opt/airflow/dags/followup_dag.py took 0.118 seconds
[2026-06-11T02:03:09.860+0000] {processor.py:161} INFO - Started process (PID=464) to work on /opt/airflow/dags/followup_dag.py
[2026-06-11T02:03:09.861+0000] {processor.py:830} INFO - Processing file /opt/airflow/dags/followup_dag.py for tasks to queue
[2026-06-11T02:03:09.862+0000] {logging_mixin.py:188} INFO - [2026-06-11T02:03:09.862+0000] {dagbag.py:538} INFO - Filling up the DagBag from /opt/airflow/dags/followup_dag.py
[2026-06-11T02:03:09.885+0000] {processor.py:840} INFO - DAG(s) 'reachout_weekly_report', 'reachout_followup_reminder' retrieved from /opt/airflow/dags/followup_dag.py
[2026-06-11T02:03:09.916+0000] {logging_mixin.py:188} INFO - [2026-06-11T02:03:09.916+0000] {dag.py:3036} INFO - Sync 2 DAGs
[2026-06-11T02:03:09.939+0000] {logging_mixin.py:188} INFO - [2026-06-11T02:03:09.939+0000] {dag.py:3823} INFO - Setting next_dagrun for reachout_followup_reminder to 2026-06-10 08:00:00+00:00, run_after=2026-06-11 08:00:00+00:00
[2026-06-11T02:03:09.944+0000] {logging_mixin.py:188} INFO - [2026-06-11T02:03:09.944+0000] {dag.py:3823} INFO - Setting next_dagrun for reachout_weekly_report to 2026-06-07 09:00:00+00:00, run_after=2026-06-14 09:00:00+00:00
[2026-06-11T02:03:09.967+0000] {processor.py:183} INFO - Processing /opt/airflow/dags/followup_dag.py took 0.110 seconds
[2026-06-11T02:03:40.051+0000] {processor.py:161} INFO - Started process (PID=469) to work on /opt/airflow/dags/followup_dag.py
[2026-06-11T02:03:40.052+0000] {processor.py:830} INFO - Processing file /opt/airflow/dags/followup_dag.py for tasks to queue
[2026-06-11T02:03:40.054+0000] {logging_mixin.py:188} INFO - [2026-06-11T02:03:40.054+0000] {dagbag.py:538} INFO - Filling up the DagBag from /opt/airflow/dags/followup_dag.py
[2026-06-11T02:03:40.079+0000] {processor.py:840} INFO - DAG(s) 'reachout_followup_reminder', 'reachout_weekly_report' retrieved from /opt/airflow/dags/followup_dag.py
[2026-06-11T02:03:40.112+0000] {logging_mixin.py:188} INFO - [2026-06-11T02:03:40.112+0000] {dag.py:3036} INFO - Sync 2 DAGs
[2026-06-11T02:03:40.137+0000] {logging_mixin.py:188} INFO - [2026-06-11T02:03:40.136+0000] {dag.py:3823} INFO - Setting next_dagrun for reachout_followup_reminder to 2026-06-10 08:00:00+00:00, run_after=2026-06-11 08:00:00+00:00
[2026-06-11T02:03:40.142+0000] {logging_mixin.py:188} INFO - [2026-06-11T02:03:40.142+0000] {dag.py:3823} INFO - Setting next_dagrun for reachout_weekly_report to 2026-06-07 09:00:00+00:00, run_after=2026-06-14 09:00:00+00:00
[2026-06-11T02:03:40.166+0000] {processor.py:183} INFO - Processing /opt/airflow/dags/followup_dag.py took 0.118 seconds
[2026-06-11T02:04:10.345+0000] {processor.py:161} INFO - Started process (PID=474) to work on /opt/airflow/dags/followup_dag.py
[2026-06-11T02:04:10.346+0000] {processor.py:830} INFO - Processing file /opt/airflow/dags/followup_dag.py for tasks to queue
[2026-06-11T02:04:10.347+0000] {logging_mixin.py:188} INFO - [2026-06-11T02:04:10.347+0000] {dagbag.py:538} INFO - Filling up the DagBag from /opt/airflow/dags/followup_dag.py
[2026-06-11T02:04:10.372+0000] {processor.py:840} INFO - DAG(s) 'reachout_weekly_report', 'reachout_followup_reminder' retrieved from /opt/airflow/dags/followup_dag.py
[2026-06-11T02:04:10.399+0000] {logging_mixin.py:188} INFO - [2026-06-11T02:04:10.399+0000] {dag.py:3036} INFO - Sync 2 DAGs
[2026-06-11T02:04:10.422+0000] {logging_mixin.py:188} INFO - [2026-06-11T02:04:10.422+0000] {dag.py:3823} INFO - Setting next_dagrun for reachout_followup_reminder to 2026-06-10 08:00:00+00:00, run_after=2026-06-11 08:00:00+00:00
[2026-06-11T02:04:10.427+0000] {logging_mixin.py:188} INFO - [2026-06-11T02:04:10.427+0000] {dag.py:3823} INFO - Setting next_dagrun for reachout_weekly_report to 2026-06-07 09:00:00+00:00, run_after=2026-06-14 09:00:00+00:00
[2026-06-11T02:04:10.448+0000] {processor.py:183} INFO - Processing /opt/airflow/dags/followup_dag.py took 0.106 seconds
[2026-06-11T02:04:40.544+0000] {processor.py:161} INFO - Started process (PID=479) to work on /opt/airflow/dags/followup_dag.py
[2026-06-11T02:04:40.546+0000] {processor.py:830} INFO - Processing file /opt/airflow/dags/followup_dag.py for tasks to queue
[2026-06-11T02:04:40.547+0000] {logging_mixin.py:188} INFO - [2026-06-11T02:04:40.547+0000] {dagbag.py:538} INFO - Filling up the DagBag from /opt/airflow/dags/followup_dag.py
[2026-06-11T02:04:40.571+0000] {processor.py:840} INFO - DAG(s) 'reachout_followup_reminder', 'reachout_weekly_report' retrieved from /opt/airflow/dags/followup_dag.py
[2026-06-11T02:04:40.603+0000] {logging_mixin.py:188} INFO - [2026-06-11T02:04:40.602+0000] {dag.py:3036} INFO - Sync 2 DAGs
[2026-06-11T02:04:40.625+0000] {logging_mixin.py:188} INFO - [2026-06-11T02:04:40.625+0000] {dag.py:3823} INFO - Setting next_dagrun for reachout_followup_reminder to 2026-06-10 08:00:00+00:00, run_after=2026-06-11 08:00:00+00:00
[2026-06-11T02:04:40.631+0000] {logging_mixin.py:188} INFO - [2026-06-11T02:04:40.630+0000] {dag.py:3823} INFO - Setting next_dagrun for reachout_weekly_report to 2026-06-07 09:00:00+00:00, run_after=2026-06-14 09:00:00+00:00
[2026-06-11T02:04:40.652+0000] {processor.py:183} INFO - Processing /opt/airflow/dags/followup_dag.py took 0.112 seconds
[2026-06-11T02:05:10.812+0000] {processor.py:161} INFO - Started process (PID=484) to work on /opt/airflow/dags/followup_dag.py
[2026-06-11T02:05:10.814+0000] {processor.py:830} INFO - Processing file /opt/airflow/dags/followup_dag.py for tasks to queue
[2026-06-11T02:05:10.815+0000] {logging_mixin.py:188} INFO - [2026-06-11T02:05:10.814+0000] {dagbag.py:538} INFO - Filling up the DagBag from /opt/airflow/dags/followup_dag.py
[2026-06-11T02:05:10.839+0000] {processor.py:840} INFO - DAG(s) 'reachout_followup_reminder', 'reachout_weekly_report' retrieved from /opt/airflow/dags/followup_dag.py
[2026-06-11T02:05:10.872+0000] {logging_mixin.py:188} INFO - [2026-06-11T02:05:10.871+0000] {dag.py:3036} INFO - Sync 2 DAGs
[2026-06-11T02:05:10.897+0000] {logging_mixin.py:188} INFO - [2026-06-11T02:05:10.897+0000] {dag.py:3823} INFO - Setting next_dagrun for reachout_followup_reminder to 2026-06-10 08:00:00+00:00, run_after=2026-06-11 08:00:00+00:00
[2026-06-11T02:05:10.904+0000] {logging_mixin.py:188} INFO - [2026-06-11T02:05:10.904+0000] {dag.py:3823} INFO - Setting next_dagrun for reachout_weekly_report to 2026-06-07 09:00:00+00:00, run_after=2026-06-14 09:00:00+00:00
[2026-06-11T02:05:10.929+0000] {processor.py:183} INFO - Processing /opt/airflow/dags/followup_dag.py took 0.120 seconds
[2026-06-11T02:05:41.005+0000] {processor.py:161} INFO - Started process (PID=489) to work on /opt/airflow/dags/followup_dag.py
[2026-06-11T02:05:41.006+0000] {processor.py:830} INFO - Processing file /opt/airflow/dags/followup_dag.py for tasks to queue
[2026-06-11T02:05:41.007+0000] {logging_mixin.py:188} INFO - [2026-06-11T02:05:41.007+0000] {dagbag.py:538} INFO - Filling up the DagBag from /opt/airflow/dags/followup_dag.py
[2026-06-11T02:05:41.033+0000] {processor.py:840} INFO - DAG(s) 'reachout_weekly_report', 'reachout_followup_reminder' retrieved from /opt/airflow/dags/followup_dag.py
[2026-06-11T02:05:41.069+0000] {logging_mixin.py:188} INFO - [2026-06-11T02:05:41.069+0000] {dag.py:3036} INFO - Sync 2 DAGs
[2026-06-11T02:05:41.096+0000] {logging_mixin.py:188} INFO - [2026-06-11T02:05:41.096+0000] {dag.py:3823} INFO - Setting next_dagrun for reachout_followup_reminder to 2026-06-10 08:00:00+00:00, run_after=2026-06-11 08:00:00+00:00
[2026-06-11T02:05:41.104+0000] {logging_mixin.py:188} INFO - [2026-06-11T02:05:41.104+0000] {dag.py:3823} INFO - Setting next_dagrun for reachout_weekly_report to 2026-06-07 09:00:00+00:00, run_after=2026-06-14 09:00:00+00:00
[2026-06-11T02:05:41.130+0000] {processor.py:183} INFO - Processing /opt/airflow/dags/followup_dag.py took 0.130 seconds
[2026-06-11T02:06:11.271+0000] {processor.py:161} INFO - Started process (PID=494) to work on /opt/airflow/dags/followup_dag.py
[2026-06-11T02:06:11.272+0000] {processor.py:830} INFO - Processing file /opt/airflow/dags/followup_dag.py for tasks to queue
[2026-06-11T02:06:11.273+0000] {logging_mixin.py:188} INFO - [2026-06-11T02:06:11.273+0000] {dagbag.py:538} INFO - Filling up the DagBag from /opt/airflow/dags/followup_dag.py
[2026-06-11T02:06:11.297+0000] {processor.py:840} INFO - DAG(s) 'reachout_weekly_report', 'reachout_followup_reminder' retrieved from /opt/airflow/dags/followup_dag.py
[2026-06-11T02:06:11.331+0000] {logging_mixin.py:188} INFO - [2026-06-11T02:06:11.330+0000] {dag.py:3036} INFO - Sync 2 DAGs
[2026-06-11T02:06:11.357+0000] {logging_mixin.py:188} INFO - [2026-06-11T02:06:11.357+0000] {dag.py:3823} INFO - Setting next_dagrun for reachout_followup_reminder to 2026-06-10 08:00:00+00:00, run_after=2026-06-11 08:00:00+00:00
[2026-06-11T02:06:11.362+0000] {logging_mixin.py:188} INFO - [2026-06-11T02:06:11.362+0000] {dag.py:3823} INFO - Setting next_dagrun for reachout_weekly_report to 2026-06-07 09:00:00+00:00, run_after=2026-06-14 09:00:00+00:00
[2026-06-11T02:06:11.389+0000] {processor.py:183} INFO - Processing /opt/airflow/dags/followup_dag.py took 0.122 seconds
[2026-06-11T02:06:41.543+0000] {processor.py:161} INFO - Started process (PID=499) to work on /opt/airflow/dags/followup_dag.py
[2026-06-11T02:06:41.545+0000] {processor.py:830} INFO - Processing file /opt/airflow/dags/followup_dag.py for tasks to queue
[2026-06-11T02:06:41.547+0000] {logging_mixin.py:188} INFO - [2026-06-11T02:06:41.546+0000] {dagbag.py:538} INFO - Filling up the DagBag from /opt/airflow/dags/followup_dag.py
[2026-06-11T02:06:41.584+0000] {processor.py:840} INFO - DAG(s) 'reachout_weekly_report', 'reachout_followup_reminder' retrieved from /opt/airflow/dags/followup_dag.py
[2026-06-11T02:06:41.628+0000] {logging_mixin.py:188} INFO - [2026-06-11T02:06:41.628+0000] {dag.py:3036} INFO - Sync 2 DAGs
[2026-06-11T02:06:41.656+0000] {logging_mixin.py:188} INFO - [2026-06-11T02:06:41.656+0000] {dag.py:3823} INFO - Setting next_dagrun for reachout_followup_reminder to 2026-06-10 08:00:00+00:00, run_after=2026-06-11 08:00:00+00:00
[2026-06-11T02:06:41.662+0000] {logging_mixin.py:188} INFO - [2026-06-11T02:06:41.662+0000] {dag.py:3823} INFO - Setting next_dagrun for reachout_weekly_report to 2026-06-07 09:00:00+00:00, run_after=2026-06-14 09:00:00+00:00
[2026-06-11T02:06:41.687+0000] {processor.py:183} INFO - Processing /opt/airflow/dags/followup_dag.py took 0.150 seconds
[2026-06-11T02:07:11.778+0000] {processor.py:161} INFO - Started process (PID=504) to work on /opt/airflow/dags/followup_dag.py
[2026-06-11T02:07:11.780+0000] {processor.py:830} INFO - Processing file /opt/airflow/dags/followup_dag.py for tasks to queue
[2026-06-11T02:07:11.782+0000] {logging_mixin.py:188} INFO - [2026-06-11T02:07:11.782+0000] {dagbag.py:538} INFO - Filling up the DagBag from /opt/airflow/dags/followup_dag.py
[2026-06-11T02:07:11.811+0000] {processor.py:840} INFO - DAG(s) 'reachout_weekly_report', 'reachout_followup_reminder' retrieved from /opt/airflow/dags/followup_dag.py
[2026-06-11T02:07:11.851+0000] {logging_mixin.py:188} INFO - [2026-06-11T02:07:11.851+0000] {dag.py:3036} INFO - Sync 2 DAGs
[2026-06-11T02:07:11.880+0000] {logging_mixin.py:188} INFO - [2026-06-11T02:07:11.880+0000] {dag.py:3823} INFO - Setting next_dagrun for reachout_followup_reminder to 2026-06-10 08:00:00+00:00, run_after=2026-06-11 08:00:00+00:00
[2026-06-11T02:07:11.887+0000] {logging_mixin.py:188} INFO - [2026-06-11T02:07:11.887+0000] {dag.py:3823} INFO - Setting next_dagrun for reachout_weekly_report to 2026-06-07 09:00:00+00:00, run_after=2026-06-14 09:00:00+00:00
[2026-06-11T02:07:11.914+0000] {processor.py:183} INFO - Processing /opt/airflow/dags/followup_dag.py took 0.139 seconds
[2026-06-11T02:07:42.118+0000] {processor.py:161} INFO - Started process (PID=509) to work on /opt/airflow/dags/followup_dag.py
[2026-06-11T02:07:42.119+0000] {processor.py:830} INFO - Processing file /opt/airflow/dags/followup_dag.py for tasks to queue
[2026-06-11T02:07:42.120+0000] {logging_mixin.py:188} INFO - [2026-06-11T02:07:42.120+0000] {dagbag.py:538} INFO - Filling up the DagBag from /opt/airflow/dags/followup_dag.py
[2026-06-11T02:07:42.144+0000] {processor.py:840} INFO - DAG(s) 'reachout_followup_reminder', 'reachout_weekly_report' retrieved from /opt/airflow/dags/followup_dag.py
[2026-06-11T02:07:42.178+0000] {logging_mixin.py:188} INFO - [2026-06-11T02:07:42.178+0000] {dag.py:3036} INFO - Sync 2 DAGs
[2026-06-11T02:07:42.202+0000] {logging_mixin.py:188} INFO - [2026-06-11T02:07:42.202+0000] {dag.py:3823} INFO - Setting next_dagrun for reachout_followup_reminder to 2026-06-10 08:00:00+00:00, run_after=2026-06-11 08:00:00+00:00
[2026-06-11T02:07:42.208+0000] {logging_mixin.py:188} INFO - [2026-06-11T02:07:42.208+0000] {dag.py:3823} INFO - Setting next_dagrun for reachout_weekly_report to 2026-06-07 09:00:00+00:00, run_after=2026-06-14 09:00:00+00:00
[2026-06-11T02:07:42.230+0000] {processor.py:183} INFO - Processing /opt/airflow/dags/followup_dag.py took 0.116 seconds
[2026-06-11T02:08:12.371+0000] {processor.py:161} INFO - Started process (PID=514) to work on /opt/airflow/dags/followup_dag.py
[2026-06-11T02:08:12.377+0000] {processor.py:830} INFO - Processing file /opt/airflow/dags/followup_dag.py for tasks to queue
[2026-06-11T02:08:12.412+0000] {logging_mixin.py:188} INFO - [2026-06-11T02:08:12.380+0000] {dagbag.py:538} INFO - Filling up the DagBag from /opt/airflow/dags/followup_dag.py
[2026-06-11T02:08:12.801+0000] {processor.py:840} INFO - DAG(s) 'reachout_followup_reminder', 'reachout_weekly_report' retrieved from /opt/airflow/dags/followup_dag.py
[2026-06-11T02:08:12.869+0000] {logging_mixin.py:188} INFO - [2026-06-11T02:08:12.868+0000] {dag.py:3036} INFO - Sync 2 DAGs
[2026-06-11T02:08:12.930+0000] {logging_mixin.py:188} INFO - [2026-06-11T02:08:12.930+0000] {dag.py:3823} INFO - Setting next_dagrun for reachout_followup_reminder to 2026-06-10 08:00:00+00:00, run_after=2026-06-11 08:00:00+00:00
[2026-06-11T02:08:12.941+0000] {logging_mixin.py:188} INFO - [2026-06-11T02:08:12.940+0000] {dag.py:3823} INFO - Setting next_dagrun for reachout_weekly_report to 2026-06-07 09:00:00+00:00, run_after=2026-06-14 09:00:00+00:00
[2026-06-11T02:08:12.990+0000] {processor.py:183} INFO - Processing /opt/airflow/dags/followup_dag.py took 0.625 seconds
[2026-06-11T02:08:43.217+0000] {processor.py:161} INFO - Started process (PID=519) to work on /opt/airflow/dags/followup_dag.py
[2026-06-11T02:08:43.219+0000] {processor.py:830} INFO - Processing file /opt/airflow/dags/followup_dag.py for tasks to queue
[2026-06-11T02:08:43.220+0000] {logging_mixin.py:188} INFO - [2026-06-11T02:08:43.220+0000] {dagbag.py:538} INFO - Filling up the DagBag from /opt/airflow/dags/followup_dag.py
[2026-06-11T02:08:43.245+0000] {processor.py:840} INFO - DAG(s) 'reachout_weekly_report', 'reachout_followup_reminder' retrieved from /opt/airflow/dags/followup_dag.py
[2026-06-11T02:08:43.281+0000] {logging_mixin.py:188} INFO - [2026-06-11T02:08:43.280+0000] {dag.py:3036} INFO - Sync 2 DAGs
[2026-06-11T02:08:43.306+0000] {logging_mixin.py:188} INFO - [2026-06-11T02:08:43.306+0000] {dag.py:3823} INFO - Setting next_dagrun for reachout_followup_reminder to 2026-06-10 08:00:00+00:00, run_after=2026-06-11 08:00:00+00:00
[2026-06-11T02:08:43.313+0000] {logging_mixin.py:188} INFO - [2026-06-11T02:08:43.312+0000] {dag.py:3823} INFO - Setting next_dagrun for reachout_weekly_report to 2026-06-07 09:00:00+00:00, run_after=2026-06-14 09:00:00+00:00
[2026-06-11T02:08:43.335+0000] {processor.py:183} INFO - Processing /opt/airflow/dags/followup_dag.py took 0.122 seconds
[2026-06-11T02:09:13.448+0000] {processor.py:161} INFO - Started process (PID=524) to work on /opt/airflow/dags/followup_dag.py
[2026-06-11T02:09:13.450+0000] {processor.py:830} INFO - Processing file /opt/airflow/dags/followup_dag.py for tasks to queue
[2026-06-11T02:09:13.453+0000] {logging_mixin.py:188} INFO - [2026-06-11T02:09:13.452+0000] {dagbag.py:538} INFO - Filling up the DagBag from /opt/airflow/dags/followup_dag.py
[2026-06-11T02:09:13.489+0000] {processor.py:840} INFO - DAG(s) 'reachout_weekly_report', 'reachout_followup_reminder' retrieved from /opt/airflow/dags/followup_dag.py
[2026-06-11T02:09:13.524+0000] {logging_mixin.py:188} INFO - [2026-06-11T02:09:13.524+0000] {dag.py:3036} INFO - Sync 2 DAGs
[2026-06-11T02:09:13.548+0000] {logging_mixin.py:188} INFO - [2026-06-11T02:09:13.548+0000] {dag.py:3823} INFO - Setting next_dagrun for reachout_followup_reminder to 2026-06-10 08:00:00+00:00, run_after=2026-06-11 08:00:00+00:00
[2026-06-11T02:09:13.555+0000] {logging_mixin.py:188} INFO - [2026-06-11T02:09:13.554+0000] {dag.py:3823} INFO - Setting next_dagrun for reachout_weekly_report to 2026-06-07 09:00:00+00:00, run_after=2026-06-14 09:00:00+00:00
[2026-06-11T02:09:13.579+0000] {processor.py:183} INFO - Processing /opt/airflow/dags/followup_dag.py took 0.135 seconds
[2026-06-11T02:09:43.631+0000] {processor.py:161} INFO - Started process (PID=529) to work on /opt/airflow/dags/followup_dag.py
[2026-06-11T02:09:43.632+0000] {processor.py:830} INFO - Processing file /opt/airflow/dags/followup_dag.py for tasks to queue
[2026-06-11T02:09:43.633+0000] {logging_mixin.py:188} INFO - [2026-06-11T02:09:43.633+0000] {dagbag.py:538} INFO - Filling up the DagBag from /opt/airflow/dags/followup_dag.py
[2026-06-11T02:09:43.659+0000] {processor.py:840} INFO - DAG(s) 'reachout_weekly_report', 'reachout_followup_reminder' retrieved from /opt/airflow/dags/followup_dag.py
[2026-06-11T02:09:43.694+0000] {logging_mixin.py:188} INFO - [2026-06-11T02:09:43.693+0000] {dag.py:3036} INFO - Sync 2 DAGs
[2026-06-11T02:09:43.719+0000] {logging_mixin.py:188} INFO - [2026-06-11T02:09:43.718+0000] {dag.py:3823} INFO - Setting next_dagrun for reachout_followup_reminder to 2026-06-10 08:00:00+00:00, run_after=2026-06-11 08:00:00+00:00
[2026-06-11T02:09:43.725+0000] {logging_mixin.py:188} INFO - [2026-06-11T02:09:43.725+0000] {dag.py:3823} INFO - Setting next_dagrun for reachout_weekly_report to 2026-06-07 09:00:00+00:00, run_after=2026-06-14 09:00:00+00:00
[2026-06-11T02:09:43.749+0000] {processor.py:183} INFO - Processing /opt/airflow/dags/followup_dag.py took 0.121 seconds
[2026-06-11T02:10:14.012+0000] {processor.py:161} INFO - Started process (PID=534) to work on /opt/airflow/dags/followup_dag.py
[2026-06-11T02:10:14.016+0000] {processor.py:830} INFO - Processing file /opt/airflow/dags/followup_dag.py for tasks to queue
[2026-06-11T02:10:14.020+0000] {logging_mixin.py:188} INFO - [2026-06-11T02:10:14.018+0000] {dagbag.py:538} INFO - Filling up the DagBag from /opt/airflow/dags/followup_dag.py
[2026-06-11T02:10:14.119+0000] {processor.py:840} INFO - DAG(s) 'reachout_followup_reminder', 'reachout_weekly_report' retrieved from /opt/airflow/dags/followup_dag.py
[2026-06-11T02:10:14.241+0000] {logging_mixin.py:188} INFO - [2026-06-11T02:10:14.240+0000] {dag.py:3036} INFO - Sync 2 DAGs
[2026-06-11T02:10:14.308+0000] {logging_mixin.py:188} INFO - [2026-06-11T02:10:14.308+0000] {dag.py:3823} INFO - Setting next_dagrun for reachout_followup_reminder to 2026-06-10 08:00:00+00:00, run_after=2026-06-11 08:00:00+00:00
[2026-06-11T02:10:14.317+0000] {logging_mixin.py:188} INFO - [2026-06-11T02:10:14.317+0000] {dag.py:3823} INFO - Setting next_dagrun for reachout_weekly_report to 2026-06-07 09:00:00+00:00, run_after=2026-06-14 09:00:00+00:00
[2026-06-11T02:10:14.355+0000] {processor.py:183} INFO - Processing /opt/airflow/dags/followup_dag.py took 0.358 seconds
[2026-06-11T02:10:44.577+0000] {processor.py:161} INFO - Started process (PID=539) to work on /opt/airflow/dags/followup_dag.py
[2026-06-11T02:10:44.578+0000] {processor.py:830} INFO - Processing file /opt/airflow/dags/followup_dag.py for tasks to queue
[2026-06-11T02:10:44.580+0000] {logging_mixin.py:188} INFO - [2026-06-11T02:10:44.580+0000] {dagbag.py:538} INFO - Filling up the DagBag from /opt/airflow/dags/followup_dag.py
[2026-06-11T02:10:44.607+0000] {processor.py:840} INFO - DAG(s) 'reachout_followup_reminder', 'reachout_weekly_report' retrieved from /opt/airflow/dags/followup_dag.py
[2026-06-11T02:10:44.641+0000] {logging_mixin.py:188} INFO - [2026-06-11T02:10:44.640+0000] {dag.py:3036} INFO - Sync 2 DAGs
[2026-06-11T02:10:44.667+0000] {logging_mixin.py:188} INFO - [2026-06-11T02:10:44.667+0000] {dag.py:3823} INFO - Setting next_dagrun for reachout_followup_reminder to 2026-06-10 08:00:00+00:00, run_after=2026-06-11 08:00:00+00:00
[2026-06-11T02:10:44.674+0000] {logging_mixin.py:188} INFO - [2026-06-11T02:10:44.674+0000] {dag.py:3823} INFO - Setting next_dagrun for reachout_weekly_report to 2026-06-07 09:00:00+00:00, run_after=2026-06-14 09:00:00+00:00
[2026-06-11T02:10:44.696+0000] {processor.py:183} INFO - Processing /opt/airflow/dags/followup_dag.py took 0.124 seconds
[2026-06-11T02:11:14.763+0000] {processor.py:161} INFO - Started process (PID=544) to work on /opt/airflow/dags/followup_dag.py
[2026-06-11T02:11:14.765+0000] {processor.py:830} INFO - Processing file /opt/airflow/dags/followup_dag.py for tasks to queue
[2026-06-11T02:11:14.767+0000] {logging_mixin.py:188} INFO - [2026-06-11T02:11:14.766+0000] {dagbag.py:538} INFO - Filling up the DagBag from /opt/airflow/dags/followup_dag.py
[2026-06-11T02:11:14.803+0000] {processor.py:840} INFO - DAG(s) 'reachout_followup_reminder', 'reachout_weekly_report' retrieved from /opt/airflow/dags/followup_dag.py
[2026-06-11T02:11:14.847+0000] {logging_mixin.py:188} INFO - [2026-06-11T02:11:14.847+0000] {dag.py:3036} INFO - Sync 2 DAGs
[2026-06-11T02:11:14.884+0000] {logging_mixin.py:188} INFO - [2026-06-11T02:11:14.884+0000] {dag.py:3823} INFO - Setting next_dagrun for reachout_followup_reminder to 2026-06-10 08:00:00+00:00, run_after=2026-06-11 08:00:00+00:00
[2026-06-11T02:11:14.893+0000] {logging_mixin.py:188} INFO - [2026-06-11T02:11:14.892+0000] {dag.py:3823} INFO - Setting next_dagrun for reachout_weekly_report to 2026-06-07 09:00:00+00:00, run_after=2026-06-14 09:00:00+00:00
[2026-06-11T02:11:14.923+0000] {processor.py:183} INFO - Processing /opt/airflow/dags/followup_dag.py took 0.165 seconds
[2026-06-11T02:11:45.126+0000] {processor.py:161} INFO - Started process (PID=549) to work on /opt/airflow/dags/followup_dag.py
[2026-06-11T02:11:45.128+0000] {processor.py:830} INFO - Processing file /opt/airflow/dags/followup_dag.py for tasks to queue
[2026-06-11T02:11:45.129+0000] {logging_mixin.py:188} INFO - [2026-06-11T02:11:45.129+0000] {dagbag.py:538} INFO - Filling up the DagBag from /opt/airflow/dags/followup_dag.py
[2026-06-11T02:11:45.162+0000] {processor.py:840} INFO - DAG(s) 'reachout_followup_reminder', 'reachout_weekly_report' retrieved from /opt/airflow/dags/followup_dag.py
[2026-06-11T02:11:45.206+0000] {logging_mixin.py:188} INFO - [2026-06-11T02:11:45.206+0000] {dag.py:3036} INFO - Sync 2 DAGs
[2026-06-11T02:11:45.239+0000] {logging_mixin.py:188} INFO - [2026-06-11T02:11:45.239+0000] {dag.py:3823} INFO - Setting next_dagrun for reachout_followup_reminder to 2026-06-10 08:00:00+00:00, run_after=2026-06-11 08:00:00+00:00
[2026-06-11T02:11:45.247+0000] {logging_mixin.py:188} INFO - [2026-06-11T02:11:45.247+0000] {dag.py:3823} INFO - Setting next_dagrun for reachout_weekly_report to 2026-06-07 09:00:00+00:00, run_after=2026-06-14 09:00:00+00:00
[2026-06-11T02:11:45.281+0000] {processor.py:183} INFO - Processing /opt/airflow/dags/followup_dag.py took 0.160 seconds
[2026-06-11T02:12:15.392+0000] {processor.py:161} INFO - Started process (PID=554) to work on /opt/airflow/dags/followup_dag.py
[2026-06-11T02:12:15.394+0000] {processor.py:830} INFO - Processing file /opt/airflow/dags/followup_dag.py for tasks to queue
[2026-06-11T02:12:15.396+0000] {logging_mixin.py:188} INFO - [2026-06-11T02:12:15.395+0000] {dagbag.py:538} INFO - Filling up the DagBag from /opt/airflow/dags/followup_dag.py
[2026-06-11T02:12:15.434+0000] {processor.py:840} INFO - DAG(s) 'reachout_weekly_report', 'reachout_followup_reminder' retrieved from /opt/airflow/dags/followup_dag.py
[2026-06-11T02:12:15.492+0000] {logging_mixin.py:188} INFO - [2026-06-11T02:12:15.492+0000] {dag.py:3036} INFO - Sync 2 DAGs
[2026-06-11T02:12:15.532+0000] {logging_mixin.py:188} INFO - [2026-06-11T02:12:15.532+0000] {dag.py:3823} INFO - Setting next_dagrun for reachout_followup_reminder to 2026-06-10 08:00:00+00:00, run_after=2026-06-11 08:00:00+00:00
[2026-06-11T02:12:15.540+0000] {logging_mixin.py:188} INFO - [2026-06-11T02:12:15.539+0000] {dag.py:3823} INFO - Setting next_dagrun for reachout_weekly_report to 2026-06-07 09:00:00+00:00, run_after=2026-06-14 09:00:00+00:00
[2026-06-11T02:12:15.569+0000] {processor.py:183} INFO - Processing /opt/airflow/dags/followup_dag.py took 0.184 seconds
[2026-06-11T02:12:45.896+0000] {processor.py:161} INFO - Started process (PID=559) to work on /opt/airflow/dags/followup_dag.py
[2026-06-11T02:12:45.899+0000] {processor.py:830} INFO - Processing file /opt/airflow/dags/followup_dag.py for tasks to queue
[2026-06-11T02:12:45.903+0000] {logging_mixin.py:188} INFO - [2026-06-11T02:12:45.902+0000] {dagbag.py:538} INFO - Filling up the DagBag from /opt/airflow/dags/followup_dag.py
[2026-06-11T02:12:45.965+0000] {processor.py:840} INFO - DAG(s) 'reachout_weekly_report', 'reachout_followup_reminder' retrieved from /opt/airflow/dags/followup_dag.py
[2026-06-11T02:12:46.036+0000] {logging_mixin.py:188} INFO - [2026-06-11T02:12:46.036+0000] {dag.py:3036} INFO - Sync 2 DAGs
[2026-06-11T02:12:46.078+0000] {logging_mixin.py:188} INFO - [2026-06-11T02:12:46.078+0000] {dag.py:3823} INFO - Setting next_dagrun for reachout_followup_reminder to 2026-06-10 08:00:00+00:00, run_after=2026-06-11 08:00:00+00:00
[2026-06-11T02:12:46.088+0000] {logging_mixin.py:188} INFO - [2026-06-11T02:12:46.087+0000] {dag.py:3823} INFO - Setting next_dagrun for reachout_weekly_report to 2026-06-07 09:00:00+00:00, run_after=2026-06-14 09:00:00+00:00
[2026-06-11T02:12:46.122+0000] {processor.py:183} INFO - Processing /opt/airflow/dags/followup_dag.py took 0.234 seconds
[2026-06-11T02:13:16.357+0000] {processor.py:161} INFO - Started process (PID=564) to work on /opt/airflow/dags/followup_dag.py
[2026-06-11T02:13:16.360+0000] {processor.py:830} INFO - Processing file /opt/airflow/dags/followup_dag.py for tasks to queue
[2026-06-11T02:13:16.362+0000] {logging_mixin.py:188} INFO - [2026-06-11T02:13:16.361+0000] {dagbag.py:538} INFO - Filling up the DagBag from /opt/airflow/dags/followup_dag.py
[2026-06-11T02:13:16.419+0000] {processor.py:840} INFO - DAG(s) 'reachout_weekly_report', 'reachout_followup_reminder' retrieved from /opt/airflow/dags/followup_dag.py
[2026-06-11T02:13:16.466+0000] {logging_mixin.py:188} INFO - [2026-06-11T02:13:16.466+0000] {dag.py:3036} INFO - Sync 2 DAGs
[2026-06-11T02:13:16.498+0000] {logging_mixin.py:188} INFO - [2026-06-11T02:13:16.498+0000] {dag.py:3823} INFO - Setting next_dagrun for reachout_followup_reminder to 2026-06-10 08:00:00+00:00, run_after=2026-06-11 08:00:00+00:00
[2026-06-11T02:13:16.504+0000] {logging_mixin.py:188} INFO - [2026-06-11T02:13:16.504+0000] {dag.py:3823} INFO - Setting next_dagrun for reachout_weekly_report to 2026-06-07 09:00:00+00:00, run_after=2026-06-14 09:00:00+00:00
[2026-06-11T02:13:16.533+0000] {processor.py:183} INFO - Processing /opt/airflow/dags/followup_dag.py took 0.182 seconds
[2026-06-11T02:13:46.664+0000] {processor.py:161} INFO - Started process (PID=569) to work on /opt/airflow/dags/followup_dag.py
[2026-06-11T02:13:46.667+0000] {processor.py:830} INFO - Processing file /opt/airflow/dags/followup_dag.py for tasks to queue
[2026-06-11T02:13:46.669+0000] {logging_mixin.py:188} INFO - [2026-06-11T02:13:46.669+0000] {dagbag.py:538} INFO - Filling up the DagBag from /opt/airflow/dags/followup_dag.py
[2026-06-11T02:13:46.720+0000] {processor.py:840} INFO - DAG(s) 'reachout_followup_reminder', 'reachout_weekly_report' retrieved from /opt/airflow/dags/followup_dag.py
[2026-06-11T02:13:46.783+0000] {logging_mixin.py:188} INFO - [2026-06-11T02:13:46.782+0000] {dag.py:3036} INFO - Sync 2 DAGs
[2026-06-11T02:13:46.824+0000] {logging_mixin.py:188} INFO - [2026-06-11T02:13:46.824+0000] {dag.py:3823} INFO - Setting next_dagrun for reachout_followup_reminder to 2026-06-10 08:00:00+00:00, run_after=2026-06-11 08:00:00+00:00
[2026-06-11T02:13:46.834+0000] {logging_mixin.py:188} INFO - [2026-06-11T02:13:46.834+0000] {dag.py:3823} INFO - Setting next_dagrun for reachout_weekly_report to 2026-06-07 09:00:00+00:00, run_after=2026-06-14 09:00:00+00:00
[2026-06-11T02:13:46.874+0000] {processor.py:183} INFO - Processing /opt/airflow/dags/followup_dag.py took 0.220 seconds
[2026-06-11T02:14:17.097+0000] {processor.py:161} INFO - Started process (PID=574) to work on /opt/airflow/dags/followup_dag.py
[2026-06-11T02:14:17.098+0000] {processor.py:830} INFO - Processing file /opt/airflow/dags/followup_dag.py for tasks to queue
[2026-06-11T02:14:17.100+0000] {logging_mixin.py:188} INFO - [2026-06-11T02:14:17.099+0000] {dagbag.py:538} INFO - Filling up the DagBag from /opt/airflow/dags/followup_dag.py
[2026-06-11T02:14:17.136+0000] {processor.py:840} INFO - DAG(s) 'reachout_followup_reminder', 'reachout_weekly_report' retrieved from /opt/airflow/dags/followup_dag.py
[2026-06-11T02:14:17.173+0000] {logging_mixin.py:188} INFO - [2026-06-11T02:14:17.173+0000] {dag.py:3036} INFO - Sync 2 DAGs
[2026-06-11T02:14:17.197+0000] {logging_mixin.py:188} INFO - [2026-06-11T02:14:17.197+0000] {dag.py:3823} INFO - Setting next_dagrun for reachout_followup_reminder to 2026-06-10 08:00:00+00:00, run_after=2026-06-11 08:00:00+00:00
[2026-06-11T02:14:17.202+0000] {logging_mixin.py:188} INFO - [2026-06-11T02:14:17.202+0000] {dag.py:3823} INFO - Setting next_dagrun for reachout_weekly_report to 2026-06-07 09:00:00+00:00, run_after=2026-06-14 09:00:00+00:00
[2026-06-11T02:14:17.222+0000] {processor.py:183} INFO - Processing /opt/airflow/dags/followup_dag.py took 0.130 seconds
[2026-06-11T02:14:47.332+0000] {processor.py:161} INFO - Started process (PID=579) to work on /opt/airflow/dags/followup_dag.py
[2026-06-11T02:14:47.333+0000] {processor.py:830} INFO - Processing file /opt/airflow/dags/followup_dag.py for tasks to queue
[2026-06-11T02:14:47.334+0000] {logging_mixin.py:188} INFO - [2026-06-11T02:14:47.334+0000] {dagbag.py:538} INFO - Filling up the DagBag from /opt/airflow/dags/followup_dag.py
[2026-06-11T02:14:47.361+0000] {processor.py:840} INFO - DAG(s) 'reachout_followup_reminder', 'reachout_weekly_report' retrieved from /opt/airflow/dags/followup_dag.py
[2026-06-11T02:14:47.398+0000] {logging_mixin.py:188} INFO - [2026-06-11T02:14:47.398+0000] {dag.py:3036} INFO - Sync 2 DAGs
[2026-06-11T02:14:47.425+0000] {logging_mixin.py:188} INFO - [2026-06-11T02:14:47.424+0000] {dag.py:3823} INFO - Setting next_dagrun for reachout_followup_reminder to 2026-06-10 08:00:00+00:00, run_after=2026-06-11 08:00:00+00:00
[2026-06-11T02:14:47.430+0000] {logging_mixin.py:188} INFO - [2026-06-11T02:14:47.430+0000] {dag.py:3823} INFO - Setting next_dagrun for reachout_weekly_report to 2026-06-07 09:00:00+00:00, run_after=2026-06-14 09:00:00+00:00
[2026-06-11T02:14:47.454+0000] {processor.py:183} INFO - Processing /opt/airflow/dags/followup_dag.py took 0.126 seconds
