[2026-06-10T09:48:45.105+0000] {processor.py:161} INFO - Started process (PID=184) to work on /opt/airflow/dags/followup_dag.py
[2026-06-10T09:48:45.106+0000] {processor.py:830} INFO - Processing file /opt/airflow/dags/followup_dag.py for tasks to queue
[2026-06-10T09:48:45.108+0000] {logging_mixin.py:188} INFO - [2026-06-10T09:48:45.108+0000] {dagbag.py:538} INFO - Filling up the DagBag from /opt/airflow/dags/followup_dag.py
[2026-06-10T09:48:50.853+0000] {processor.py:840} INFO - DAG(s) 'reachout_weekly_report', 'reachout_followup_reminder' retrieved from /opt/airflow/dags/followup_dag.py
[2026-06-10T09:48:51.465+0000] {logging_mixin.py:188} INFO - [2026-06-10T09:48:51.462+0000] {override.py:1769} INFO - Created Permission View: can read on DAG:reachout_weekly_report
[2026-06-10T09:48:51.505+0000] {logging_mixin.py:188} INFO - [2026-06-10T09:48:51.505+0000] {override.py:1769} INFO - Created Permission View: can edit on DAG:reachout_weekly_report
[2026-06-10T09:48:51.525+0000] {logging_mixin.py:188} INFO - [2026-06-10T09:48:51.524+0000] {override.py:1769} INFO - Created Permission View: can delete on DAG:reachout_weekly_report
[2026-06-10T09:48:51.571+0000] {logging_mixin.py:188} INFO - [2026-06-10T09:48:51.571+0000] {override.py:1769} INFO - Created Permission View: can read on DAG:reachout_followup_reminder
[2026-06-10T09:48:51.591+0000] {logging_mixin.py:188} INFO - [2026-06-10T09:48:51.590+0000] {override.py:1769} INFO - Created Permission View: can edit on DAG:reachout_followup_reminder
[2026-06-10T09:48:51.606+0000] {logging_mixin.py:188} INFO - [2026-06-10T09:48:51.606+0000] {override.py:1769} INFO - Created Permission View: can delete on DAG:reachout_followup_reminder
[2026-06-10T09:48:51.608+0000] {logging_mixin.py:188} INFO - [2026-06-10T09:48:51.607+0000] {dag.py:3036} INFO - Sync 2 DAGs
[2026-06-10T09:48:51.639+0000] {logging_mixin.py:188} INFO - [2026-06-10T09:48:51.638+0000] {dag.py:3058} INFO - Creating ORM DAG for reachout_weekly_report
[2026-06-10T09:48:51.640+0000] {logging_mixin.py:188} INFO - [2026-06-10T09:48:51.640+0000] {dag.py:3058} INFO - Creating ORM DAG for reachout_followup_reminder
[2026-06-10T09:48:51.655+0000] {logging_mixin.py:188} INFO - [2026-06-10T09:48:51.655+0000] {dag.py:3823} INFO - Setting next_dagrun for reachout_followup_reminder to 2026-06-09 08:00:00+00:00, run_after=2026-06-10 08:00:00+00:00
[2026-06-10T09:48:51.658+0000] {logging_mixin.py:188} INFO - [2026-06-10T09:48:51.658+0000] {dag.py:3823} INFO - Setting next_dagrun for reachout_weekly_report to 2026-05-31 09:00:00+00:00, run_after=2026-06-07 09:00:00+00:00
[2026-06-10T09:48:51.705+0000] {processor.py:183} INFO - Processing /opt/airflow/dags/followup_dag.py took 6.606 seconds
[2026-06-10T09:49:22.019+0000] {processor.py:161} INFO - Started process (PID=191) to work on /opt/airflow/dags/followup_dag.py
[2026-06-10T09:49:22.021+0000] {processor.py:830} INFO - Processing file /opt/airflow/dags/followup_dag.py for tasks to queue
[2026-06-10T09:49:22.025+0000] {logging_mixin.py:188} INFO - [2026-06-10T09:49:22.022+0000] {dagbag.py:538} INFO - Filling up the DagBag from /opt/airflow/dags/followup_dag.py
[2026-06-10T09:49:23.760+0000] {processor.py:840} INFO - DAG(s) 'reachout_weekly_report', 'reachout_followup_reminder' retrieved from /opt/airflow/dags/followup_dag.py
[2026-06-10T09:49:23.812+0000] {logging_mixin.py:188} INFO - [2026-06-10T09:49:23.811+0000] {dag.py:3036} INFO - Sync 2 DAGs
[2026-06-10T09:49:23.839+0000] {logging_mixin.py:188} INFO - [2026-06-10T09:49:23.839+0000] {dag.py:3823} INFO - Setting next_dagrun for reachout_followup_reminder to 2026-06-09 08:00:00+00:00, run_after=2026-06-10 08:00:00+00:00
[2026-06-10T09:49:23.847+0000] {logging_mixin.py:188} INFO - [2026-06-10T09:49:23.846+0000] {dag.py:3823} INFO - Setting next_dagrun for reachout_weekly_report to 2026-05-31 09:00:00+00:00, run_after=2026-06-07 09:00:00+00:00
[2026-06-10T09:49:23.871+0000] {processor.py:183} INFO - Processing /opt/airflow/dags/followup_dag.py took 1.876 seconds
[2026-06-10T09:49:54.885+0000] {processor.py:161} INFO - Started process (PID=197) to work on /opt/airflow/dags/followup_dag.py
[2026-06-10T09:49:54.904+0000] {processor.py:830} INFO - Processing file /opt/airflow/dags/followup_dag.py for tasks to queue
[2026-06-10T09:49:54.945+0000] {logging_mixin.py:188} INFO - [2026-06-10T09:49:54.921+0000] {dagbag.py:538} INFO - Filling up the DagBag from /opt/airflow/dags/followup_dag.py
[2026-06-10T09:50:12.829+0000] {processor.py:840} INFO - DAG(s) 'reachout_weekly_report', 'reachout_followup_reminder' retrieved from /opt/airflow/dags/followup_dag.py
[2026-06-10T09:50:13.963+0000] {logging_mixin.py:188} INFO - [2026-06-10T09:50:13.960+0000] {dag.py:3036} INFO - Sync 2 DAGs
[2026-06-10T09:50:14.122+0000] {logging_mixin.py:188} INFO - [2026-06-10T09:50:14.122+0000] {dag.py:3823} INFO - Setting next_dagrun for reachout_followup_reminder to 2026-06-09 08:00:00+00:00, run_after=2026-06-10 08:00:00+00:00
[2026-06-10T09:50:14.144+0000] {logging_mixin.py:188} INFO - [2026-06-10T09:50:14.143+0000] {dag.py:3823} INFO - Setting next_dagrun for reachout_weekly_report to 2026-05-31 09:00:00+00:00, run_after=2026-06-07 09:00:00+00:00
[2026-06-10T09:50:14.264+0000] {processor.py:183} INFO - Processing /opt/airflow/dags/followup_dag.py took 19.521 seconds
[2026-06-10T09:50:55.542+0000] {processor.py:161} INFO - Started process (PID=203) to work on /opt/airflow/dags/followup_dag.py
[2026-06-10T09:50:55.594+0000] {processor.py:830} INFO - Processing file /opt/airflow/dags/followup_dag.py for tasks to queue
[2026-06-10T09:50:55.984+0000] {logging_mixin.py:188} INFO - [2026-06-10T09:50:55.638+0000] {dagbag.py:538} INFO - Filling up the DagBag from /opt/airflow/dags/followup_dag.py
[2026-06-10T09:51:24.435+0000] {processor.py:840} INFO - DAG(s) 'reachout_followup_reminder', 'reachout_weekly_report' retrieved from /opt/airflow/dags/followup_dag.py
[2026-06-10T09:51:25.356+0000] {logging_mixin.py:188} INFO - [2026-06-10T09:51:25.272+0000] {dag.py:3036} INFO - Sync 2 DAGs
[2026-06-10T09:51:25.582+0000] {logging_mixin.py:188} INFO - [2026-06-10T09:51:25.581+0000] {dag.py:3823} INFO - Setting next_dagrun for reachout_followup_reminder to 2026-06-09 08:00:00+00:00, run_after=2026-06-10 08:00:00+00:00
[2026-06-10T09:51:25.621+0000] {logging_mixin.py:188} INFO - [2026-06-10T09:51:25.621+0000] {dag.py:3823} INFO - Setting next_dagrun for reachout_weekly_report to 2026-05-31 09:00:00+00:00, run_after=2026-06-07 09:00:00+00:00
[2026-06-10T09:51:25.791+0000] {processor.py:183} INFO - Processing /opt/airflow/dags/followup_dag.py took 31.701 seconds
[2026-06-10T09:51:58.733+0000] {processor.py:161} INFO - Started process (PID=209) to work on /opt/airflow/dags/followup_dag.py
[2026-06-10T09:51:58.786+0000] {processor.py:830} INFO - Processing file /opt/airflow/dags/followup_dag.py for tasks to queue
[2026-06-10T09:51:58.828+0000] {logging_mixin.py:188} INFO - [2026-06-10T09:51:58.808+0000] {dagbag.py:538} INFO - Filling up the DagBag from /opt/airflow/dags/followup_dag.py
[2026-06-10T10:52:02.108+0000] {processor.py:161} INFO - Started process (PID=215) to work on /opt/airflow/dags/followup_dag.py
[2026-06-10T10:52:02.219+0000] {processor.py:830} INFO - Processing file /opt/airflow/dags/followup_dag.py for tasks to queue
[2026-06-10T10:52:05.171+0000] {logging_mixin.py:188} INFO - [2026-06-10T10:52:02.253+0000] {dagbag.py:538} INFO - Filling up the DagBag from /opt/airflow/dags/followup_dag.py
[2026-06-10T10:54:52.605+0000] {logging_mixin.py:188} INFO - [2026-06-10T10:53:17.604+0000] {timeout.py:68} ERROR - Process timed out, PID: 215
[2026-06-10T10:54:53.387+0000] {logging_mixin.py:188} INFO - [2026-06-10T10:54:52.984+0000] {dagbag.py:348} ERROR - Failed to import: /opt/airflow/dags/followup_dag.py
Traceback (most recent call last):
  File "/home/airflow/.local/lib/python3.8/site-packages/airflow/models/dagbag.py", line 342, in parse
    new_module = importlib.util.module_from_spec(spec)
  File "<frozen importlib._bootstrap>", line 562, in module_from_spec
  File "<frozen importlib._bootstrap>", line 526, in _init_module_attrs
  File "/home/airflow/.local/lib/python3.8/site-packages/airflow/utils/timeout.py", line 69, in handle_timeout
    raise AirflowTaskTimeout(self.error_message)
airflow.exceptions.AirflowTaskTimeout: DagBag import timeout for /opt/airflow/dags/followup_dag.py after 30.0s.
Please take a look at these docs to improve your DAG import time:
* https://airflow.apache.org/docs/apache-airflow/2.8.1/best-practices.html#top-level-python-code
* https://airflow.apache.org/docs/apache-airflow/2.8.1/best-practices.html#reducing-dag-complexity, PID: 215
[2026-06-10T10:54:53.427+0000] {processor.py:842} WARNING - No viable dags retrieved from /opt/airflow/dags/followup_dag.py
[2026-06-10T10:55:24.151+0000] {processor.py:161} INFO - Started process (PID=218) to work on /opt/airflow/dags/followup_dag.py
[2026-06-10T10:55:24.157+0000] {processor.py:830} INFO - Processing file /opt/airflow/dags/followup_dag.py for tasks to queue
[2026-06-10T10:55:24.169+0000] {logging_mixin.py:188} INFO - [2026-06-10T10:55:24.164+0000] {dagbag.py:538} INFO - Filling up the DagBag from /opt/airflow/dags/followup_dag.py
[2026-06-10T10:55:29.907+0000] {processor.py:840} INFO - DAG(s) 'reachout_followup_reminder', 'reachout_weekly_report' retrieved from /opt/airflow/dags/followup_dag.py
[2026-06-10T10:55:30.272+0000] {logging_mixin.py:188} INFO - [2026-06-10T10:55:30.272+0000] {dag.py:3036} INFO - Sync 2 DAGs
[2026-06-10T10:55:30.324+0000] {logging_mixin.py:188} INFO - [2026-06-10T10:55:30.323+0000] {dag.py:3823} INFO - Setting next_dagrun for reachout_followup_reminder to 2026-06-09 08:00:00+00:00, run_after=2026-06-10 08:00:00+00:00
[2026-06-10T10:55:30.341+0000] {logging_mixin.py:188} INFO - [2026-06-10T10:55:30.340+0000] {dag.py:3823} INFO - Setting next_dagrun for reachout_weekly_report to 2026-05-31 09:00:00+00:00, run_after=2026-06-07 09:00:00+00:00
[2026-06-10T10:55:30.396+0000] {processor.py:183} INFO - Processing /opt/airflow/dags/followup_dag.py took 6.318 seconds
[2026-06-10T10:57:23.978+0000] {processor.py:161} INFO - Started process (PID=186) to work on /opt/airflow/dags/followup_dag.py
[2026-06-10T10:57:23.982+0000] {processor.py:830} INFO - Processing file /opt/airflow/dags/followup_dag.py for tasks to queue
[2026-06-10T10:57:23.985+0000] {logging_mixin.py:188} INFO - [2026-06-10T10:57:23.984+0000] {dagbag.py:538} INFO - Filling up the DagBag from /opt/airflow/dags/followup_dag.py
[2026-06-10T10:57:26.728+0000] {processor.py:840} INFO - DAG(s) 'reachout_weekly_report', 'reachout_followup_reminder' retrieved from /opt/airflow/dags/followup_dag.py
[2026-06-10T10:57:26.966+0000] {logging_mixin.py:188} INFO - [2026-06-10T10:57:26.965+0000] {override.py:1769} INFO - Created Permission View: can read on DAG:reachout_weekly_report
[2026-06-10T10:57:26.978+0000] {logging_mixin.py:188} INFO - [2026-06-10T10:57:26.978+0000] {override.py:1769} INFO - Created Permission View: can edit on DAG:reachout_weekly_report
[2026-06-10T10:57:26.990+0000] {logging_mixin.py:188} INFO - [2026-06-10T10:57:26.989+0000] {override.py:1769} INFO - Created Permission View: can delete on DAG:reachout_weekly_report
[2026-06-10T10:57:27.007+0000] {logging_mixin.py:188} INFO - [2026-06-10T10:57:27.007+0000] {override.py:1769} INFO - Created Permission View: can read on DAG:reachout_followup_reminder
[2026-06-10T10:57:27.022+0000] {logging_mixin.py:188} INFO - [2026-06-10T10:57:27.021+0000] {override.py:1769} INFO - Created Permission View: can edit on DAG:reachout_followup_reminder
[2026-06-10T10:57:27.030+0000] {logging_mixin.py:188} INFO - [2026-06-10T10:57:27.030+0000] {override.py:1769} INFO - Created Permission View: can delete on DAG:reachout_followup_reminder
[2026-06-10T10:57:27.031+0000] {logging_mixin.py:188} INFO - [2026-06-10T10:57:27.031+0000] {dag.py:3036} INFO - Sync 2 DAGs
[2026-06-10T10:57:27.040+0000] {logging_mixin.py:188} INFO - [2026-06-10T10:57:27.040+0000] {dag.py:3058} INFO - Creating ORM DAG for reachout_followup_reminder
[2026-06-10T10:57:27.042+0000] {logging_mixin.py:188} INFO - [2026-06-10T10:57:27.041+0000] {dag.py:3058} INFO - Creating ORM DAG for reachout_weekly_report
[2026-06-10T10:57:27.052+0000] {logging_mixin.py:188} INFO - [2026-06-10T10:57:27.052+0000] {dag.py:3823} INFO - Setting next_dagrun for reachout_followup_reminder to 2026-06-09 08:00:00+00:00, run_after=2026-06-10 08:00:00+00:00
[2026-06-10T10:57:27.055+0000] {logging_mixin.py:188} INFO - [2026-06-10T10:57:27.055+0000] {dag.py:3823} INFO - Setting next_dagrun for reachout_weekly_report to 2026-05-31 09:00:00+00:00, run_after=2026-06-07 09:00:00+00:00
[2026-06-10T10:57:27.080+0000] {processor.py:183} INFO - Processing /opt/airflow/dags/followup_dag.py took 3.112 seconds
[2026-06-10T10:57:57.337+0000] {processor.py:161} INFO - Started process (PID=192) to work on /opt/airflow/dags/followup_dag.py
[2026-06-10T10:57:57.339+0000] {processor.py:830} INFO - Processing file /opt/airflow/dags/followup_dag.py for tasks to queue
[2026-06-10T10:57:57.341+0000] {logging_mixin.py:188} INFO - [2026-06-10T10:57:57.340+0000] {dagbag.py:538} INFO - Filling up the DagBag from /opt/airflow/dags/followup_dag.py
[2026-06-10T10:57:58.019+0000] {processor.py:840} INFO - DAG(s) 'reachout_followup_reminder', 'reachout_weekly_report' retrieved from /opt/airflow/dags/followup_dag.py
[2026-06-10T10:57:58.054+0000] {logging_mixin.py:188} INFO - [2026-06-10T10:57:58.053+0000] {dag.py:3036} INFO - Sync 2 DAGs
[2026-06-10T10:57:58.079+0000] {logging_mixin.py:188} INFO - [2026-06-10T10:57:58.079+0000] {dag.py:3823} INFO - Setting next_dagrun for reachout_followup_reminder to 2026-06-09 08:00:00+00:00, run_after=2026-06-10 08:00:00+00:00
[2026-06-10T10:57:58.085+0000] {logging_mixin.py:188} INFO - [2026-06-10T10:57:58.085+0000] {dag.py:3823} INFO - Setting next_dagrun for reachout_weekly_report to 2026-05-31 09:00:00+00:00, run_after=2026-06-07 09:00:00+00:00
[2026-06-10T10:57:58.109+0000] {processor.py:183} INFO - Processing /opt/airflow/dags/followup_dag.py took 0.776 seconds
[2026-06-10T10:58:28.435+0000] {processor.py:161} INFO - Started process (PID=198) to work on /opt/airflow/dags/followup_dag.py
[2026-06-10T10:58:28.439+0000] {processor.py:830} INFO - Processing file /opt/airflow/dags/followup_dag.py for tasks to queue
[2026-06-10T10:58:28.441+0000] {logging_mixin.py:188} INFO - [2026-06-10T10:58:28.441+0000] {dagbag.py:538} INFO - Filling up the DagBag from /opt/airflow/dags/followup_dag.py
[2026-06-10T10:58:29.152+0000] {processor.py:840} INFO - DAG(s) 'reachout_weekly_report', 'reachout_followup_reminder' retrieved from /opt/airflow/dags/followup_dag.py
[2026-06-10T10:58:29.208+0000] {logging_mixin.py:188} INFO - [2026-06-10T10:58:29.207+0000] {dag.py:3036} INFO - Sync 2 DAGs
[2026-06-10T10:58:29.248+0000] {logging_mixin.py:188} INFO - [2026-06-10T10:58:29.247+0000] {dag.py:3823} INFO - Setting next_dagrun for reachout_followup_reminder to 2026-06-09 08:00:00+00:00, run_after=2026-06-10 08:00:00+00:00
[2026-06-10T10:58:29.263+0000] {logging_mixin.py:188} INFO - [2026-06-10T10:58:29.262+0000] {dag.py:3823} INFO - Setting next_dagrun for reachout_weekly_report to 2026-05-31 09:00:00+00:00, run_after=2026-06-07 09:00:00+00:00
[2026-06-10T10:58:29.309+0000] {processor.py:183} INFO - Processing /opt/airflow/dags/followup_dag.py took 0.886 seconds
[2026-06-10T10:58:59.675+0000] {processor.py:161} INFO - Started process (PID=204) to work on /opt/airflow/dags/followup_dag.py
[2026-06-10T10:58:59.679+0000] {processor.py:830} INFO - Processing file /opt/airflow/dags/followup_dag.py for tasks to queue
[2026-06-10T10:58:59.681+0000] {logging_mixin.py:188} INFO - [2026-06-10T10:58:59.680+0000] {dagbag.py:538} INFO - Filling up the DagBag from /opt/airflow/dags/followup_dag.py
[2026-06-10T10:59:00.637+0000] {processor.py:840} INFO - DAG(s) 'reachout_weekly_report', 'reachout_followup_reminder' retrieved from /opt/airflow/dags/followup_dag.py
[2026-06-10T10:59:00.664+0000] {logging_mixin.py:188} INFO - [2026-06-10T10:59:00.664+0000] {dag.py:3036} INFO - Sync 2 DAGs
[2026-06-10T10:59:00.685+0000] {logging_mixin.py:188} INFO - [2026-06-10T10:59:00.685+0000] {dag.py:3823} INFO - Setting next_dagrun for reachout_followup_reminder to 2026-06-09 08:00:00+00:00, run_after=2026-06-10 08:00:00+00:00
[2026-06-10T10:59:00.689+0000] {logging_mixin.py:188} INFO - [2026-06-10T10:59:00.689+0000] {dag.py:3823} INFO - Setting next_dagrun for reachout_weekly_report to 2026-05-31 09:00:00+00:00, run_after=2026-06-07 09:00:00+00:00
[2026-06-10T10:59:00.715+0000] {processor.py:183} INFO - Processing /opt/airflow/dags/followup_dag.py took 1.052 seconds
[2026-06-10T10:59:30.956+0000] {processor.py:161} INFO - Started process (PID=210) to work on /opt/airflow/dags/followup_dag.py
[2026-06-10T10:59:30.959+0000] {processor.py:830} INFO - Processing file /opt/airflow/dags/followup_dag.py for tasks to queue
[2026-06-10T10:59:30.963+0000] {logging_mixin.py:188} INFO - [2026-06-10T10:59:30.961+0000] {dagbag.py:538} INFO - Filling up the DagBag from /opt/airflow/dags/followup_dag.py
[2026-06-10T10:59:31.555+0000] {processor.py:840} INFO - DAG(s) 'reachout_weekly_report', 'reachout_followup_reminder' retrieved from /opt/airflow/dags/followup_dag.py
[2026-06-10T10:59:31.577+0000] {logging_mixin.py:188} INFO - [2026-06-10T10:59:31.576+0000] {dag.py:3036} INFO - Sync 2 DAGs
[2026-06-10T10:59:31.596+0000] {logging_mixin.py:188} INFO - [2026-06-10T10:59:31.595+0000] {dag.py:3823} INFO - Setting next_dagrun for reachout_followup_reminder to 2026-06-09 08:00:00+00:00, run_after=2026-06-10 08:00:00+00:00
[2026-06-10T10:59:31.600+0000] {logging_mixin.py:188} INFO - [2026-06-10T10:59:31.600+0000] {dag.py:3823} INFO - Setting next_dagrun for reachout_weekly_report to 2026-05-31 09:00:00+00:00, run_after=2026-06-07 09:00:00+00:00
[2026-06-10T10:59:31.618+0000] {processor.py:183} INFO - Processing /opt/airflow/dags/followup_dag.py took 0.674 seconds
[2026-06-10T11:00:01.898+0000] {processor.py:161} INFO - Started process (PID=216) to work on /opt/airflow/dags/followup_dag.py
[2026-06-10T11:00:01.900+0000] {processor.py:830} INFO - Processing file /opt/airflow/dags/followup_dag.py for tasks to queue
[2026-06-10T11:00:01.901+0000] {logging_mixin.py:188} INFO - [2026-06-10T11:00:01.901+0000] {dagbag.py:538} INFO - Filling up the DagBag from /opt/airflow/dags/followup_dag.py
[2026-06-10T11:00:02.482+0000] {processor.py:840} INFO - DAG(s) 'reachout_followup_reminder', 'reachout_weekly_report' retrieved from /opt/airflow/dags/followup_dag.py
[2026-06-10T11:00:02.521+0000] {logging_mixin.py:188} INFO - [2026-06-10T11:00:02.521+0000] {dag.py:3036} INFO - Sync 2 DAGs
[2026-06-10T11:00:02.540+0000] {logging_mixin.py:188} INFO - [2026-06-10T11:00:02.540+0000] {dag.py:3823} INFO - Setting next_dagrun for reachout_followup_reminder to 2026-06-09 08:00:00+00:00, run_after=2026-06-10 08:00:00+00:00
[2026-06-10T11:00:02.547+0000] {logging_mixin.py:188} INFO - [2026-06-10T11:00:02.546+0000] {dag.py:3823} INFO - Setting next_dagrun for reachout_weekly_report to 2026-05-31 09:00:00+00:00, run_after=2026-06-07 09:00:00+00:00
[2026-06-10T11:00:02.567+0000] {processor.py:183} INFO - Processing /opt/airflow/dags/followup_dag.py took 0.672 seconds
[2026-06-10T11:00:32.843+0000] {processor.py:161} INFO - Started process (PID=222) to work on /opt/airflow/dags/followup_dag.py
[2026-06-10T11:00:32.845+0000] {processor.py:830} INFO - Processing file /opt/airflow/dags/followup_dag.py for tasks to queue
[2026-06-10T11:00:32.846+0000] {logging_mixin.py:188} INFO - [2026-06-10T11:00:32.846+0000] {dagbag.py:538} INFO - Filling up the DagBag from /opt/airflow/dags/followup_dag.py
[2026-06-10T11:00:33.463+0000] {processor.py:840} INFO - DAG(s) 'reachout_followup_reminder', 'reachout_weekly_report' retrieved from /opt/airflow/dags/followup_dag.py
[2026-06-10T11:00:33.491+0000] {logging_mixin.py:188} INFO - [2026-06-10T11:00:33.491+0000] {dag.py:3036} INFO - Sync 2 DAGs
[2026-06-10T11:00:33.511+0000] {logging_mixin.py:188} INFO - [2026-06-10T11:00:33.511+0000] {dag.py:3823} INFO - Setting next_dagrun for reachout_followup_reminder to 2026-06-09 08:00:00+00:00, run_after=2026-06-10 08:00:00+00:00
[2026-06-10T11:00:33.517+0000] {logging_mixin.py:188} INFO - [2026-06-10T11:00:33.516+0000] {dag.py:3823} INFO - Setting next_dagrun for reachout_weekly_report to 2026-05-31 09:00:00+00:00, run_after=2026-06-07 09:00:00+00:00
[2026-06-10T11:00:33.544+0000] {processor.py:183} INFO - Processing /opt/airflow/dags/followup_dag.py took 0.705 seconds
[2026-06-10T11:01:03.680+0000] {processor.py:161} INFO - Started process (PID=228) to work on /opt/airflow/dags/followup_dag.py
[2026-06-10T11:01:03.681+0000] {processor.py:830} INFO - Processing file /opt/airflow/dags/followup_dag.py for tasks to queue
[2026-06-10T11:01:03.682+0000] {logging_mixin.py:188} INFO - [2026-06-10T11:01:03.682+0000] {dagbag.py:538} INFO - Filling up the DagBag from /opt/airflow/dags/followup_dag.py
[2026-06-10T11:01:04.455+0000] {processor.py:840} INFO - DAG(s) 'reachout_followup_reminder', 'reachout_weekly_report' retrieved from /opt/airflow/dags/followup_dag.py
[2026-06-10T11:01:04.485+0000] {logging_mixin.py:188} INFO - [2026-06-10T11:01:04.485+0000] {dag.py:3036} INFO - Sync 2 DAGs
[2026-06-10T11:01:04.510+0000] {logging_mixin.py:188} INFO - [2026-06-10T11:01:04.510+0000] {dag.py:3823} INFO - Setting next_dagrun for reachout_followup_reminder to 2026-06-09 08:00:00+00:00, run_after=2026-06-10 08:00:00+00:00
[2026-06-10T11:01:04.517+0000] {logging_mixin.py:188} INFO - [2026-06-10T11:01:04.517+0000] {dag.py:3823} INFO - Setting next_dagrun for reachout_weekly_report to 2026-05-31 09:00:00+00:00, run_after=2026-06-07 09:00:00+00:00
[2026-06-10T11:01:04.540+0000] {processor.py:183} INFO - Processing /opt/airflow/dags/followup_dag.py took 0.864 seconds
[2026-06-10T11:01:34.903+0000] {processor.py:161} INFO - Started process (PID=234) to work on /opt/airflow/dags/followup_dag.py
[2026-06-10T11:01:34.905+0000] {processor.py:830} INFO - Processing file /opt/airflow/dags/followup_dag.py for tasks to queue
[2026-06-10T11:01:34.907+0000] {logging_mixin.py:188} INFO - [2026-06-10T11:01:34.907+0000] {dagbag.py:538} INFO - Filling up the DagBag from /opt/airflow/dags/followup_dag.py
[2026-06-10T11:01:35.481+0000] {processor.py:840} INFO - DAG(s) 'reachout_followup_reminder', 'reachout_weekly_report' retrieved from /opt/airflow/dags/followup_dag.py
[2026-06-10T11:01:35.510+0000] {logging_mixin.py:188} INFO - [2026-06-10T11:01:35.509+0000] {dag.py:3036} INFO - Sync 2 DAGs
[2026-06-10T11:01:35.528+0000] {logging_mixin.py:188} INFO - [2026-06-10T11:01:35.527+0000] {dag.py:3823} INFO - Setting next_dagrun for reachout_followup_reminder to 2026-06-09 08:00:00+00:00, run_after=2026-06-10 08:00:00+00:00
[2026-06-10T11:01:35.534+0000] {logging_mixin.py:188} INFO - [2026-06-10T11:01:35.533+0000] {dag.py:3823} INFO - Setting next_dagrun for reachout_weekly_report to 2026-05-31 09:00:00+00:00, run_after=2026-06-07 09:00:00+00:00
[2026-06-10T11:01:35.553+0000] {processor.py:183} INFO - Processing /opt/airflow/dags/followup_dag.py took 0.658 seconds
[2026-06-10T11:02:05.895+0000] {processor.py:161} INFO - Started process (PID=240) to work on /opt/airflow/dags/followup_dag.py
[2026-06-10T11:02:05.897+0000] {processor.py:830} INFO - Processing file /opt/airflow/dags/followup_dag.py for tasks to queue
[2026-06-10T11:02:05.900+0000] {logging_mixin.py:188} INFO - [2026-06-10T11:02:05.899+0000] {dagbag.py:538} INFO - Filling up the DagBag from /opt/airflow/dags/followup_dag.py
[2026-06-10T11:02:06.527+0000] {processor.py:840} INFO - DAG(s) 'reachout_weekly_report', 'reachout_followup_reminder' retrieved from /opt/airflow/dags/followup_dag.py
[2026-06-10T11:02:06.555+0000] {logging_mixin.py:188} INFO - [2026-06-10T11:02:06.555+0000] {dag.py:3036} INFO - Sync 2 DAGs
[2026-06-10T11:02:06.574+0000] {logging_mixin.py:188} INFO - [2026-06-10T11:02:06.574+0000] {dag.py:3823} INFO - Setting next_dagrun for reachout_followup_reminder to 2026-06-09 08:00:00+00:00, run_after=2026-06-10 08:00:00+00:00
[2026-06-10T11:02:06.580+0000] {logging_mixin.py:188} INFO - [2026-06-10T11:02:06.580+0000] {dag.py:3823} INFO - Setting next_dagrun for reachout_weekly_report to 2026-05-31 09:00:00+00:00, run_after=2026-06-07 09:00:00+00:00
[2026-06-10T11:02:06.604+0000] {processor.py:183} INFO - Processing /opt/airflow/dags/followup_dag.py took 0.718 seconds
[2026-06-10T11:02:36.887+0000] {processor.py:161} INFO - Started process (PID=246) to work on /opt/airflow/dags/followup_dag.py
[2026-06-10T11:02:36.888+0000] {processor.py:830} INFO - Processing file /opt/airflow/dags/followup_dag.py for tasks to queue
[2026-06-10T11:02:36.889+0000] {logging_mixin.py:188} INFO - [2026-06-10T11:02:36.889+0000] {dagbag.py:538} INFO - Filling up the DagBag from /opt/airflow/dags/followup_dag.py
[2026-06-10T11:02:37.801+0000] {processor.py:840} INFO - DAG(s) 'reachout_followup_reminder', 'reachout_weekly_report' retrieved from /opt/airflow/dags/followup_dag.py
[2026-06-10T11:02:37.895+0000] {logging_mixin.py:188} INFO - [2026-06-10T11:02:37.894+0000] {dag.py:3036} INFO - Sync 2 DAGs
[2026-06-10T11:02:37.934+0000] {logging_mixin.py:188} INFO - [2026-06-10T11:02:37.934+0000] {dag.py:3823} INFO - Setting next_dagrun for reachout_followup_reminder to 2026-06-09 08:00:00+00:00, run_after=2026-06-10 08:00:00+00:00
[2026-06-10T11:02:37.943+0000] {logging_mixin.py:188} INFO - [2026-06-10T11:02:37.942+0000] {dag.py:3823} INFO - Setting next_dagrun for reachout_weekly_report to 2026-05-31 09:00:00+00:00, run_after=2026-06-07 09:00:00+00:00
[2026-06-10T11:02:37.985+0000] {processor.py:183} INFO - Processing /opt/airflow/dags/followup_dag.py took 1.103 seconds
[2026-06-10T11:03:08.215+0000] {processor.py:161} INFO - Started process (PID=252) to work on /opt/airflow/dags/followup_dag.py
[2026-06-10T11:03:08.219+0000] {processor.py:830} INFO - Processing file /opt/airflow/dags/followup_dag.py for tasks to queue
[2026-06-10T11:03:08.223+0000] {logging_mixin.py:188} INFO - [2026-06-10T11:03:08.221+0000] {dagbag.py:538} INFO - Filling up the DagBag from /opt/airflow/dags/followup_dag.py
[2026-06-10T11:03:09.078+0000] {processor.py:840} INFO - DAG(s) 'reachout_weekly_report', 'reachout_followup_reminder' retrieved from /opt/airflow/dags/followup_dag.py
[2026-06-10T11:03:09.116+0000] {logging_mixin.py:188} INFO - [2026-06-10T11:03:09.116+0000] {dag.py:3036} INFO - Sync 2 DAGs
[2026-06-10T11:03:09.141+0000] {logging_mixin.py:188} INFO - [2026-06-10T11:03:09.140+0000] {dag.py:3823} INFO - Setting next_dagrun for reachout_followup_reminder to 2026-06-09 08:00:00+00:00, run_after=2026-06-10 08:00:00+00:00
[2026-06-10T11:03:09.147+0000] {logging_mixin.py:188} INFO - [2026-06-10T11:03:09.147+0000] {dag.py:3823} INFO - Setting next_dagrun for reachout_weekly_report to 2026-05-31 09:00:00+00:00, run_after=2026-06-07 09:00:00+00:00
[2026-06-10T11:03:09.170+0000] {processor.py:183} INFO - Processing /opt/airflow/dags/followup_dag.py took 0.969 seconds
[2026-06-10T11:03:39.423+0000] {processor.py:161} INFO - Started process (PID=258) to work on /opt/airflow/dags/followup_dag.py
[2026-06-10T11:03:39.425+0000] {processor.py:830} INFO - Processing file /opt/airflow/dags/followup_dag.py for tasks to queue
[2026-06-10T11:03:39.426+0000] {logging_mixin.py:188} INFO - [2026-06-10T11:03:39.426+0000] {dagbag.py:538} INFO - Filling up the DagBag from /opt/airflow/dags/followup_dag.py
[2026-06-10T11:03:40.174+0000] {processor.py:840} INFO - DAG(s) 'reachout_weekly_report', 'reachout_followup_reminder' retrieved from /opt/airflow/dags/followup_dag.py
[2026-06-10T11:03:40.208+0000] {logging_mixin.py:188} INFO - [2026-06-10T11:03:40.207+0000] {dag.py:3036} INFO - Sync 2 DAGs
[2026-06-10T11:03:40.237+0000] {logging_mixin.py:188} INFO - [2026-06-10T11:03:40.237+0000] {dag.py:3823} INFO - Setting next_dagrun for reachout_followup_reminder to 2026-06-09 08:00:00+00:00, run_after=2026-06-10 08:00:00+00:00
[2026-06-10T11:03:40.246+0000] {logging_mixin.py:188} INFO - [2026-06-10T11:03:40.245+0000] {dag.py:3823} INFO - Setting next_dagrun for reachout_weekly_report to 2026-05-31 09:00:00+00:00, run_after=2026-06-07 09:00:00+00:00
[2026-06-10T11:03:40.272+0000] {processor.py:183} INFO - Processing /opt/airflow/dags/followup_dag.py took 0.853 seconds
[2026-06-10T11:04:10.624+0000] {processor.py:161} INFO - Started process (PID=264) to work on /opt/airflow/dags/followup_dag.py
[2026-06-10T11:04:10.627+0000] {processor.py:830} INFO - Processing file /opt/airflow/dags/followup_dag.py for tasks to queue
[2026-06-10T11:04:10.631+0000] {logging_mixin.py:188} INFO - [2026-06-10T11:04:10.630+0000] {dagbag.py:538} INFO - Filling up the DagBag from /opt/airflow/dags/followup_dag.py
[2026-06-10T11:04:11.198+0000] {processor.py:840} INFO - DAG(s) 'reachout_weekly_report', 'reachout_followup_reminder' retrieved from /opt/airflow/dags/followup_dag.py
[2026-06-10T11:04:11.230+0000] {logging_mixin.py:188} INFO - [2026-06-10T11:04:11.229+0000] {dag.py:3036} INFO - Sync 2 DAGs
[2026-06-10T11:04:11.251+0000] {logging_mixin.py:188} INFO - [2026-06-10T11:04:11.250+0000] {dag.py:3823} INFO - Setting next_dagrun for reachout_followup_reminder to 2026-06-09 08:00:00+00:00, run_after=2026-06-10 08:00:00+00:00
[2026-06-10T11:04:11.257+0000] {logging_mixin.py:188} INFO - [2026-06-10T11:04:11.257+0000] {dag.py:3823} INFO - Setting next_dagrun for reachout_weekly_report to 2026-05-31 09:00:00+00:00, run_after=2026-06-07 09:00:00+00:00
[2026-06-10T11:04:11.283+0000] {processor.py:183} INFO - Processing /opt/airflow/dags/followup_dag.py took 0.668 seconds
[2026-06-10T11:04:41.560+0000] {processor.py:161} INFO - Started process (PID=270) to work on /opt/airflow/dags/followup_dag.py
[2026-06-10T11:04:41.562+0000] {processor.py:830} INFO - Processing file /opt/airflow/dags/followup_dag.py for tasks to queue
[2026-06-10T11:04:41.564+0000] {logging_mixin.py:188} INFO - [2026-06-10T11:04:41.564+0000] {dagbag.py:538} INFO - Filling up the DagBag from /opt/airflow/dags/followup_dag.py
[2026-06-10T11:04:42.336+0000] {processor.py:840} INFO - DAG(s) 'reachout_weekly_report', 'reachout_followup_reminder' retrieved from /opt/airflow/dags/followup_dag.py
[2026-06-10T11:04:42.374+0000] {logging_mixin.py:188} INFO - [2026-06-10T11:04:42.374+0000] {dag.py:3036} INFO - Sync 2 DAGs
[2026-06-10T11:04:42.404+0000] {logging_mixin.py:188} INFO - [2026-06-10T11:04:42.404+0000] {dag.py:3823} INFO - Setting next_dagrun for reachout_followup_reminder to 2026-06-09 08:00:00+00:00, run_after=2026-06-10 08:00:00+00:00
[2026-06-10T11:04:42.413+0000] {logging_mixin.py:188} INFO - [2026-06-10T11:04:42.412+0000] {dag.py:3823} INFO - Setting next_dagrun for reachout_weekly_report to 2026-05-31 09:00:00+00:00, run_after=2026-06-07 09:00:00+00:00
[2026-06-10T11:04:42.442+0000] {processor.py:183} INFO - Processing /opt/airflow/dags/followup_dag.py took 0.886 seconds
[2026-06-10T11:06:13.862+0000] {processor.py:161} INFO - Started process (PID=186) to work on /opt/airflow/dags/followup_dag.py
[2026-06-10T11:06:13.864+0000] {processor.py:830} INFO - Processing file /opt/airflow/dags/followup_dag.py for tasks to queue
[2026-06-10T11:06:13.866+0000] {logging_mixin.py:188} INFO - [2026-06-10T11:06:13.865+0000] {dagbag.py:538} INFO - Filling up the DagBag from /opt/airflow/dags/followup_dag.py
[2026-06-10T11:06:17.570+0000] {processor.py:840} INFO - DAG(s) 'reachout_followup_reminder', 'reachout_weekly_report' retrieved from /opt/airflow/dags/followup_dag.py
[2026-06-10T11:06:18.175+0000] {logging_mixin.py:188} INFO - [2026-06-10T11:06:18.174+0000] {override.py:1769} INFO - Created Permission View: can delete on DAG:reachout_followup_reminder
[2026-06-10T11:06:18.201+0000] {logging_mixin.py:188} INFO - [2026-06-10T11:06:18.200+0000] {override.py:1769} INFO - Created Permission View: can edit on DAG:reachout_followup_reminder
[2026-06-10T11:06:18.218+0000] {logging_mixin.py:188} INFO - [2026-06-10T11:06:18.217+0000] {override.py:1769} INFO - Created Permission View: can read on DAG:reachout_followup_reminder
[2026-06-10T11:06:18.249+0000] {logging_mixin.py:188} INFO - [2026-06-10T11:06:18.248+0000] {override.py:1769} INFO - Created Permission View: can delete on DAG:reachout_weekly_report
[2026-06-10T11:06:18.266+0000] {logging_mixin.py:188} INFO - [2026-06-10T11:06:18.266+0000] {override.py:1769} INFO - Created Permission View: can edit on DAG:reachout_weekly_report
[2026-06-10T11:06:18.284+0000] {logging_mixin.py:188} INFO - [2026-06-10T11:06:18.284+0000] {override.py:1769} INFO - Created Permission View: can read on DAG:reachout_weekly_report
[2026-06-10T11:06:18.289+0000] {logging_mixin.py:188} INFO - [2026-06-10T11:06:18.288+0000] {dag.py:3036} INFO - Sync 2 DAGs
[2026-06-10T11:06:18.316+0000] {logging_mixin.py:188} INFO - [2026-06-10T11:06:18.314+0000] {dag.py:3058} INFO - Creating ORM DAG for reachout_followup_reminder
[2026-06-10T11:06:18.318+0000] {logging_mixin.py:188} INFO - [2026-06-10T11:06:18.317+0000] {dag.py:3058} INFO - Creating ORM DAG for reachout_weekly_report
[2026-06-10T11:06:18.342+0000] {logging_mixin.py:188} INFO - [2026-06-10T11:06:18.342+0000] {dag.py:3823} INFO - Setting next_dagrun for reachout_followup_reminder to 2026-06-09 08:00:00+00:00, run_after=2026-06-10 08:00:00+00:00
[2026-06-10T11:06:18.349+0000] {logging_mixin.py:188} INFO - [2026-06-10T11:06:18.348+0000] {dag.py:3823} INFO - Setting next_dagrun for reachout_weekly_report to 2026-05-31 09:00:00+00:00, run_after=2026-06-07 09:00:00+00:00
[2026-06-10T11:06:18.418+0000] {processor.py:183} INFO - Processing /opt/airflow/dags/followup_dag.py took 4.561 seconds
[2026-06-10T11:06:48.760+0000] {processor.py:161} INFO - Started process (PID=192) to work on /opt/airflow/dags/followup_dag.py
[2026-06-10T11:06:48.762+0000] {processor.py:830} INFO - Processing file /opt/airflow/dags/followup_dag.py for tasks to queue
[2026-06-10T11:06:48.764+0000] {logging_mixin.py:188} INFO - [2026-06-10T11:06:48.763+0000] {dagbag.py:538} INFO - Filling up the DagBag from /opt/airflow/dags/followup_dag.py
[2026-06-10T11:06:49.588+0000] {processor.py:840} INFO - DAG(s) 'reachout_weekly_report', 'reachout_followup_reminder' retrieved from /opt/airflow/dags/followup_dag.py
[2026-06-10T11:06:49.617+0000] {logging_mixin.py:188} INFO - [2026-06-10T11:06:49.616+0000] {dag.py:3036} INFO - Sync 2 DAGs
[2026-06-10T11:06:49.645+0000] {logging_mixin.py:188} INFO - [2026-06-10T11:06:49.644+0000] {dag.py:3823} INFO - Setting next_dagrun for reachout_followup_reminder to 2026-06-09 08:00:00+00:00, run_after=2026-06-10 08:00:00+00:00
[2026-06-10T11:06:49.653+0000] {logging_mixin.py:188} INFO - [2026-06-10T11:06:49.653+0000] {dag.py:3823} INFO - Setting next_dagrun for reachout_weekly_report to 2026-05-31 09:00:00+00:00, run_after=2026-06-07 09:00:00+00:00
[2026-06-10T11:06:49.675+0000] {processor.py:183} INFO - Processing /opt/airflow/dags/followup_dag.py took 0.922 seconds
[2026-06-10T11:07:19.951+0000] {processor.py:161} INFO - Started process (PID=198) to work on /opt/airflow/dags/followup_dag.py
[2026-06-10T11:07:19.953+0000] {processor.py:830} INFO - Processing file /opt/airflow/dags/followup_dag.py for tasks to queue
[2026-06-10T11:07:19.955+0000] {logging_mixin.py:188} INFO - [2026-06-10T11:07:19.954+0000] {dagbag.py:538} INFO - Filling up the DagBag from /opt/airflow/dags/followup_dag.py
[2026-06-10T11:07:20.531+0000] {processor.py:840} INFO - DAG(s) 'reachout_followup_reminder', 'reachout_weekly_report' retrieved from /opt/airflow/dags/followup_dag.py
[2026-06-10T11:07:20.558+0000] {logging_mixin.py:188} INFO - [2026-06-10T11:07:20.558+0000] {dag.py:3036} INFO - Sync 2 DAGs
[2026-06-10T11:07:20.579+0000] {logging_mixin.py:188} INFO - [2026-06-10T11:07:20.579+0000] {dag.py:3823} INFO - Setting next_dagrun for reachout_followup_reminder to 2026-06-09 08:00:00+00:00, run_after=2026-06-10 08:00:00+00:00
[2026-06-10T11:07:20.583+0000] {logging_mixin.py:188} INFO - [2026-06-10T11:07:20.583+0000] {dag.py:3823} INFO - Setting next_dagrun for reachout_weekly_report to 2026-05-31 09:00:00+00:00, run_after=2026-06-07 09:00:00+00:00
[2026-06-10T11:07:20.601+0000] {processor.py:183} INFO - Processing /opt/airflow/dags/followup_dag.py took 0.655 seconds
[2026-06-10T11:07:50.756+0000] {processor.py:161} INFO - Started process (PID=204) to work on /opt/airflow/dags/followup_dag.py
[2026-06-10T11:07:50.758+0000] {processor.py:830} INFO - Processing file /opt/airflow/dags/followup_dag.py for tasks to queue
[2026-06-10T11:07:50.766+0000] {logging_mixin.py:188} INFO - [2026-06-10T11:07:50.765+0000] {dagbag.py:538} INFO - Filling up the DagBag from /opt/airflow/dags/followup_dag.py
[2026-06-10T11:07:51.480+0000] {processor.py:840} INFO - DAG(s) 'reachout_weekly_report', 'reachout_followup_reminder' retrieved from /opt/airflow/dags/followup_dag.py
[2026-06-10T11:07:51.520+0000] {logging_mixin.py:188} INFO - [2026-06-10T11:07:51.519+0000] {dag.py:3036} INFO - Sync 2 DAGs
[2026-06-10T11:07:51.556+0000] {logging_mixin.py:188} INFO - [2026-06-10T11:07:51.556+0000] {dag.py:3823} INFO - Setting next_dagrun for reachout_followup_reminder to 2026-06-09 08:00:00+00:00, run_after=2026-06-10 08:00:00+00:00
[2026-06-10T11:07:51.566+0000] {logging_mixin.py:188} INFO - [2026-06-10T11:07:51.565+0000] {dag.py:3823} INFO - Setting next_dagrun for reachout_weekly_report to 2026-05-31 09:00:00+00:00, run_after=2026-06-07 09:00:00+00:00
[2026-06-10T11:07:51.599+0000] {processor.py:183} INFO - Processing /opt/airflow/dags/followup_dag.py took 0.848 seconds
[2026-06-10T11:08:21.985+0000] {processor.py:161} INFO - Started process (PID=210) to work on /opt/airflow/dags/followup_dag.py
[2026-06-10T11:08:21.988+0000] {processor.py:830} INFO - Processing file /opt/airflow/dags/followup_dag.py for tasks to queue
[2026-06-10T11:08:21.990+0000] {logging_mixin.py:188} INFO - [2026-06-10T11:08:21.990+0000] {dagbag.py:538} INFO - Filling up the DagBag from /opt/airflow/dags/followup_dag.py
[2026-06-10T11:08:23.375+0000] {processor.py:840} INFO - DAG(s) 'reachout_weekly_report', 'reachout_followup_reminder' retrieved from /opt/airflow/dags/followup_dag.py
[2026-06-10T11:08:23.422+0000] {logging_mixin.py:188} INFO - [2026-06-10T11:08:23.422+0000] {dag.py:3036} INFO - Sync 2 DAGs
[2026-06-10T11:08:23.461+0000] {logging_mixin.py:188} INFO - [2026-06-10T11:08:23.460+0000] {dag.py:3823} INFO - Setting next_dagrun for reachout_followup_reminder to 2026-06-09 08:00:00+00:00, run_after=2026-06-10 08:00:00+00:00
[2026-06-10T11:08:23.469+0000] {logging_mixin.py:188} INFO - [2026-06-10T11:08:23.469+0000] {dag.py:3823} INFO - Setting next_dagrun for reachout_weekly_report to 2026-05-31 09:00:00+00:00, run_after=2026-06-07 09:00:00+00:00
[2026-06-10T11:08:23.508+0000] {processor.py:183} INFO - Processing /opt/airflow/dags/followup_dag.py took 1.529 seconds
[2026-06-10T11:10:17.351+0000] {processor.py:161} INFO - Started process (PID=186) to work on /opt/airflow/dags/followup_dag.py
[2026-06-10T11:10:17.353+0000] {processor.py:830} INFO - Processing file /opt/airflow/dags/followup_dag.py for tasks to queue
[2026-06-10T11:10:17.360+0000] {logging_mixin.py:188} INFO - [2026-06-10T11:10:17.355+0000] {dagbag.py:538} INFO - Filling up the DagBag from /opt/airflow/dags/followup_dag.py
[2026-06-10T11:10:21.953+0000] {processor.py:840} INFO - DAG(s) 'reachout_weekly_report', 'reachout_followup_reminder' retrieved from /opt/airflow/dags/followup_dag.py
[2026-06-10T11:10:22.538+0000] {logging_mixin.py:188} INFO - [2026-06-10T11:10:22.531+0000] {override.py:1769} INFO - Created Permission View: can edit on DAG:reachout_weekly_report
[2026-06-10T11:10:22.575+0000] {logging_mixin.py:188} INFO - [2026-06-10T11:10:22.574+0000] {override.py:1769} INFO - Created Permission View: can delete on DAG:reachout_weekly_report
[2026-06-10T11:10:22.600+0000] {logging_mixin.py:188} INFO - [2026-06-10T11:10:22.599+0000] {override.py:1769} INFO - Created Permission View: can read on DAG:reachout_weekly_report
[2026-06-10T11:10:22.653+0000] {logging_mixin.py:188} INFO - [2026-06-10T11:10:22.652+0000] {override.py:1769} INFO - Created Permission View: can edit on DAG:reachout_followup_reminder
[2026-06-10T11:10:22.682+0000] {logging_mixin.py:188} INFO - [2026-06-10T11:10:22.681+0000] {override.py:1769} INFO - Created Permission View: can delete on DAG:reachout_followup_reminder
[2026-06-10T11:10:22.722+0000] {logging_mixin.py:188} INFO - [2026-06-10T11:10:22.721+0000] {override.py:1769} INFO - Created Permission View: can read on DAG:reachout_followup_reminder
[2026-06-10T11:10:22.724+0000] {logging_mixin.py:188} INFO - [2026-06-10T11:10:22.723+0000] {dag.py:3036} INFO - Sync 2 DAGs
[2026-06-10T11:10:22.759+0000] {logging_mixin.py:188} INFO - [2026-06-10T11:10:22.758+0000] {dag.py:3058} INFO - Creating ORM DAG for reachout_followup_reminder
[2026-06-10T11:10:22.765+0000] {logging_mixin.py:188} INFO - [2026-06-10T11:10:22.765+0000] {dag.py:3058} INFO - Creating ORM DAG for reachout_weekly_report
[2026-06-10T11:10:22.802+0000] {logging_mixin.py:188} INFO - [2026-06-10T11:10:22.801+0000] {dag.py:3823} INFO - Setting next_dagrun for reachout_followup_reminder to 2026-06-09 08:00:00+00:00, run_after=2026-06-10 08:00:00+00:00
[2026-06-10T11:10:22.807+0000] {logging_mixin.py:188} INFO - [2026-06-10T11:10:22.806+0000] {dag.py:3823} INFO - Setting next_dagrun for reachout_weekly_report to 2026-05-31 09:00:00+00:00, run_after=2026-06-07 09:00:00+00:00
[2026-06-10T11:10:22.871+0000] {processor.py:183} INFO - Processing /opt/airflow/dags/followup_dag.py took 5.536 seconds
[2026-06-10T11:10:53.435+0000] {processor.py:161} INFO - Started process (PID=192) to work on /opt/airflow/dags/followup_dag.py
[2026-06-10T11:10:53.440+0000] {processor.py:830} INFO - Processing file /opt/airflow/dags/followup_dag.py for tasks to queue
[2026-06-10T11:10:53.444+0000] {logging_mixin.py:188} INFO - [2026-06-10T11:10:53.442+0000] {dagbag.py:538} INFO - Filling up the DagBag from /opt/airflow/dags/followup_dag.py
[2026-06-10T11:12:01.549+0000] {logging_mixin.py:188} INFO - [2026-06-10T11:11:30.339+0000] {timeout.py:68} ERROR - Process timed out, PID: 192
[2026-06-10T11:13:26.020+0000] {processor.py:161} INFO - Started process (PID=195) to work on /opt/airflow/dags/followup_dag.py
[2026-06-10T11:13:26.023+0000] {processor.py:830} INFO - Processing file /opt/airflow/dags/followup_dag.py for tasks to queue
[2026-06-10T11:13:26.029+0000] {logging_mixin.py:188} INFO - [2026-06-10T11:13:26.025+0000] {dagbag.py:538} INFO - Filling up the DagBag from /opt/airflow/dags/followup_dag.py
[2026-06-10T11:14:10.687+0000] {logging_mixin.py:188} INFO - [2026-06-10T11:14:03.266+0000] {timeout.py:68} ERROR - Process timed out, PID: 195
[2026-06-10T11:26:47.746+0000] {processor.py:161} INFO - Started process (PID=198) to work on /opt/airflow/dags/followup_dag.py
[2026-06-10T11:26:47.754+0000] {processor.py:830} INFO - Processing file /opt/airflow/dags/followup_dag.py for tasks to queue
[2026-06-10T11:26:47.780+0000] {logging_mixin.py:188} INFO - [2026-06-10T11:26:47.766+0000] {dagbag.py:538} INFO - Filling up the DagBag from /opt/airflow/dags/followup_dag.py
[2026-06-10T11:26:48.249+0000] {processor.py:840} INFO - DAG(s) 'reachout_followup_reminder', 'reachout_weekly_report' retrieved from /opt/airflow/dags/followup_dag.py
[2026-06-10T11:28:36.262+0000] {processor.py:161} INFO - Started process (PID=201) to work on /opt/airflow/dags/followup_dag.py
[2026-06-10T11:28:36.265+0000] {processor.py:830} INFO - Processing file /opt/airflow/dags/followup_dag.py for tasks to queue
[2026-06-10T11:28:36.269+0000] {logging_mixin.py:188} INFO - [2026-06-10T11:28:36.266+0000] {dagbag.py:538} INFO - Filling up the DagBag from /opt/airflow/dags/followup_dag.py
[2026-06-10T11:28:36.341+0000] {processor.py:840} INFO - DAG(s) 'reachout_weekly_report', 'reachout_followup_reminder' retrieved from /opt/airflow/dags/followup_dag.py
[2026-06-10T11:28:36.791+0000] {logging_mixin.py:188} INFO - [2026-06-10T11:28:36.790+0000] {dag.py:3036} INFO - Sync 2 DAGs
[2026-06-10T11:28:36.913+0000] {logging_mixin.py:188} INFO - [2026-06-10T11:28:36.912+0000] {dag.py:3823} INFO - Setting next_dagrun for reachout_followup_reminder to 2026-06-09 08:00:00+00:00, run_after=2026-06-10 08:00:00+00:00
[2026-06-10T11:28:36.924+0000] {logging_mixin.py:188} INFO - [2026-06-10T11:28:36.923+0000] {dag.py:3823} INFO - Setting next_dagrun for reachout_weekly_report to 2026-05-31 09:00:00+00:00, run_after=2026-06-07 09:00:00+00:00
[2026-06-10T11:28:37.000+0000] {processor.py:183} INFO - Processing /opt/airflow/dags/followup_dag.py took 0.749 seconds
[2026-06-10T11:29:07.357+0000] {processor.py:161} INFO - Started process (PID=206) to work on /opt/airflow/dags/followup_dag.py
[2026-06-10T11:29:07.362+0000] {processor.py:830} INFO - Processing file /opt/airflow/dags/followup_dag.py for tasks to queue
[2026-06-10T11:29:07.374+0000] {logging_mixin.py:188} INFO - [2026-06-10T11:29:07.370+0000] {dagbag.py:538} INFO - Filling up the DagBag from /opt/airflow/dags/followup_dag.py
[2026-06-10T11:29:07.445+0000] {processor.py:840} INFO - DAG(s) 'reachout_followup_reminder', 'reachout_weekly_report' retrieved from /opt/airflow/dags/followup_dag.py
[2026-06-10T11:29:07.512+0000] {logging_mixin.py:188} INFO - [2026-06-10T11:29:07.512+0000] {dag.py:3036} INFO - Sync 2 DAGs
[2026-06-10T11:29:07.548+0000] {logging_mixin.py:188} INFO - [2026-06-10T11:29:07.548+0000] {dag.py:3823} INFO - Setting next_dagrun for reachout_followup_reminder to 2026-06-09 08:00:00+00:00, run_after=2026-06-10 08:00:00+00:00
[2026-06-10T11:29:07.555+0000] {logging_mixin.py:188} INFO - [2026-06-10T11:29:07.555+0000] {dag.py:3823} INFO - Setting next_dagrun for reachout_weekly_report to 2026-05-31 09:00:00+00:00, run_after=2026-06-07 09:00:00+00:00
[2026-06-10T11:29:07.579+0000] {processor.py:183} INFO - Processing /opt/airflow/dags/followup_dag.py took 0.234 seconds
[2026-06-10T11:29:37.787+0000] {processor.py:161} INFO - Started process (PID=211) to work on /opt/airflow/dags/followup_dag.py
[2026-06-10T11:29:37.789+0000] {processor.py:830} INFO - Processing file /opt/airflow/dags/followup_dag.py for tasks to queue
[2026-06-10T11:29:37.792+0000] {logging_mixin.py:188} INFO - [2026-06-10T11:29:37.789+0000] {dagbag.py:538} INFO - Filling up the DagBag from /opt/airflow/dags/followup_dag.py
[2026-06-10T11:29:37.832+0000] {processor.py:840} INFO - DAG(s) 'reachout_followup_reminder', 'reachout_weekly_report' retrieved from /opt/airflow/dags/followup_dag.py
[2026-06-10T11:29:37.888+0000] {logging_mixin.py:188} INFO - [2026-06-10T11:29:37.887+0000] {dag.py:3036} INFO - Sync 2 DAGs
[2026-06-10T11:29:37.912+0000] {logging_mixin.py:188} INFO - [2026-06-10T11:29:37.912+0000] {dag.py:3823} INFO - Setting next_dagrun for reachout_followup_reminder to 2026-06-09 08:00:00+00:00, run_after=2026-06-10 08:00:00+00:00
[2026-06-10T11:29:37.919+0000] {logging_mixin.py:188} INFO - [2026-06-10T11:29:37.919+0000] {dag.py:3823} INFO - Setting next_dagrun for reachout_weekly_report to 2026-05-31 09:00:00+00:00, run_after=2026-06-07 09:00:00+00:00
[2026-06-10T11:29:37.941+0000] {processor.py:183} INFO - Processing /opt/airflow/dags/followup_dag.py took 0.163 seconds
[2026-06-10T11:31:47.622+0000] {processor.py:161} INFO - Started process (PID=216) to work on /opt/airflow/dags/followup_dag.py
[2026-06-10T11:31:47.627+0000] {processor.py:830} INFO - Processing file /opt/airflow/dags/followup_dag.py for tasks to queue
[2026-06-10T11:31:47.642+0000] {logging_mixin.py:188} INFO - [2026-06-10T11:31:47.636+0000] {dagbag.py:538} INFO - Filling up the DagBag from /opt/airflow/dags/followup_dag.py
[2026-06-10T11:31:47.919+0000] {processor.py:840} INFO - DAG(s) 'reachout_weekly_report', 'reachout_followup_reminder' retrieved from /opt/airflow/dags/followup_dag.py
[2026-06-10T11:31:48.267+0000] {logging_mixin.py:188} INFO - [2026-06-10T11:31:48.267+0000] {dag.py:3036} INFO - Sync 2 DAGs
[2026-06-10T11:31:48.422+0000] {logging_mixin.py:188} INFO - [2026-06-10T11:31:48.422+0000] {dag.py:3823} INFO - Setting next_dagrun for reachout_followup_reminder to 2026-06-09 08:00:00+00:00, run_after=2026-06-10 08:00:00+00:00
[2026-06-10T11:31:48.457+0000] {logging_mixin.py:188} INFO - [2026-06-10T11:31:48.456+0000] {dag.py:3823} INFO - Setting next_dagrun for reachout_weekly_report to 2026-05-31 09:00:00+00:00, run_after=2026-06-07 09:00:00+00:00
[2026-06-10T11:31:48.504+0000] {processor.py:183} INFO - Processing /opt/airflow/dags/followup_dag.py took 0.944 seconds
[2026-06-10T11:32:18.806+0000] {processor.py:161} INFO - Started process (PID=221) to work on /opt/airflow/dags/followup_dag.py
[2026-06-10T11:32:18.809+0000] {processor.py:830} INFO - Processing file /opt/airflow/dags/followup_dag.py for tasks to queue
[2026-06-10T11:32:18.814+0000] {logging_mixin.py:188} INFO - [2026-06-10T11:32:18.811+0000] {dagbag.py:538} INFO - Filling up the DagBag from /opt/airflow/dags/followup_dag.py
[2026-06-10T11:32:18.910+0000] {processor.py:840} INFO - DAG(s) 'reachout_weekly_report', 'reachout_followup_reminder' retrieved from /opt/airflow/dags/followup_dag.py
[2026-06-10T11:32:19.007+0000] {logging_mixin.py:188} INFO - [2026-06-10T11:32:19.006+0000] {dag.py:3036} INFO - Sync 2 DAGs
[2026-06-10T11:32:19.042+0000] {logging_mixin.py:188} INFO - [2026-06-10T11:32:19.042+0000] {dag.py:3823} INFO - Setting next_dagrun for reachout_followup_reminder to 2026-06-09 08:00:00+00:00, run_after=2026-06-10 08:00:00+00:00
[2026-06-10T11:32:19.056+0000] {logging_mixin.py:188} INFO - [2026-06-10T11:32:19.055+0000] {dag.py:3823} INFO - Setting next_dagrun for reachout_weekly_report to 2026-05-31 09:00:00+00:00, run_after=2026-06-07 09:00:00+00:00
[2026-06-10T11:32:19.086+0000] {processor.py:183} INFO - Processing /opt/airflow/dags/followup_dag.py took 0.293 seconds
[2026-06-10T11:34:38.186+0000] {processor.py:161} INFO - Started process (PID=184) to work on /opt/airflow/dags/followup_dag.py
[2026-06-10T11:34:38.190+0000] {processor.py:830} INFO - Processing file /opt/airflow/dags/followup_dag.py for tasks to queue
[2026-06-10T11:34:38.194+0000] {logging_mixin.py:188} INFO - [2026-06-10T11:34:38.193+0000] {dagbag.py:538} INFO - Filling up the DagBag from /opt/airflow/dags/followup_dag.py
[2026-06-10T11:34:38.271+0000] {processor.py:840} INFO - DAG(s) 'reachout_followup_reminder', 'reachout_weekly_report' retrieved from /opt/airflow/dags/followup_dag.py
[2026-06-10T11:34:38.888+0000] {logging_mixin.py:188} INFO - [2026-06-10T11:34:38.887+0000] {dag.py:3036} INFO - Sync 2 DAGs
[2026-06-10T11:34:38.949+0000] {logging_mixin.py:188} INFO - [2026-06-10T11:34:38.949+0000] {dag.py:3823} INFO - Setting next_dagrun for reachout_followup_reminder to 2026-06-09 08:00:00+00:00, run_after=2026-06-10 08:00:00+00:00
[2026-06-10T11:34:38.961+0000] {logging_mixin.py:188} INFO - [2026-06-10T11:34:38.960+0000] {dag.py:3823} INFO - Setting next_dagrun for reachout_weekly_report to 2026-05-31 09:00:00+00:00, run_after=2026-06-07 09:00:00+00:00
[2026-06-10T11:34:39.013+0000] {processor.py:183} INFO - Processing /opt/airflow/dags/followup_dag.py took 0.840 seconds
[2026-06-10T11:35:09.449+0000] {processor.py:161} INFO - Started process (PID=190) to work on /opt/airflow/dags/followup_dag.py
[2026-06-10T11:35:09.453+0000] {processor.py:830} INFO - Processing file /opt/airflow/dags/followup_dag.py for tasks to queue
[2026-06-10T11:35:09.461+0000] {logging_mixin.py:188} INFO - [2026-06-10T11:35:09.456+0000] {dagbag.py:538} INFO - Filling up the DagBag from /opt/airflow/dags/followup_dag.py
[2026-06-10T11:35:09.572+0000] {processor.py:840} INFO - DAG(s) 'reachout_weekly_report', 'reachout_followup_reminder' retrieved from /opt/airflow/dags/followup_dag.py
[2026-06-10T11:35:09.663+0000] {logging_mixin.py:188} INFO - [2026-06-10T11:35:09.663+0000] {dag.py:3036} INFO - Sync 2 DAGs
[2026-06-10T11:35:09.731+0000] {logging_mixin.py:188} INFO - [2026-06-10T11:35:09.730+0000] {dag.py:3823} INFO - Setting next_dagrun for reachout_followup_reminder to 2026-06-09 08:00:00+00:00, run_after=2026-06-10 08:00:00+00:00
[2026-06-10T11:35:09.741+0000] {logging_mixin.py:188} INFO - [2026-06-10T11:35:09.741+0000] {dag.py:3823} INFO - Setting next_dagrun for reachout_weekly_report to 2026-05-31 09:00:00+00:00, run_after=2026-06-07 09:00:00+00:00
[2026-06-10T11:35:09.781+0000] {processor.py:183} INFO - Processing /opt/airflow/dags/followup_dag.py took 0.350 seconds
[2026-06-10T11:35:40.041+0000] {processor.py:161} INFO - Started process (PID=195) to work on /opt/airflow/dags/followup_dag.py
[2026-06-10T11:35:40.042+0000] {processor.py:830} INFO - Processing file /opt/airflow/dags/followup_dag.py for tasks to queue
[2026-06-10T11:35:40.045+0000] {logging_mixin.py:188} INFO - [2026-06-10T11:35:40.043+0000] {dagbag.py:538} INFO - Filling up the DagBag from /opt/airflow/dags/followup_dag.py
[2026-06-10T11:35:40.089+0000] {processor.py:840} INFO - DAG(s) 'reachout_followup_reminder', 'reachout_weekly_report' retrieved from /opt/airflow/dags/followup_dag.py
[2026-06-10T11:35:40.168+0000] {logging_mixin.py:188} INFO - [2026-06-10T11:35:40.167+0000] {dag.py:3036} INFO - Sync 2 DAGs
[2026-06-10T11:35:40.200+0000] {logging_mixin.py:188} INFO - [2026-06-10T11:35:40.200+0000] {dag.py:3823} INFO - Setting next_dagrun for reachout_followup_reminder to 2026-06-09 08:00:00+00:00, run_after=2026-06-10 08:00:00+00:00
[2026-06-10T11:35:40.208+0000] {logging_mixin.py:188} INFO - [2026-06-10T11:35:40.208+0000] {dag.py:3823} INFO - Setting next_dagrun for reachout_weekly_report to 2026-05-31 09:00:00+00:00, run_after=2026-06-07 09:00:00+00:00
[2026-06-10T11:35:40.240+0000] {processor.py:183} INFO - Processing /opt/airflow/dags/followup_dag.py took 0.207 seconds
[2026-06-10T11:37:37.450+0000] {processor.py:161} INFO - Started process (PID=200) to work on /opt/airflow/dags/followup_dag.py
[2026-06-10T11:37:37.459+0000] {processor.py:830} INFO - Processing file /opt/airflow/dags/followup_dag.py for tasks to queue
[2026-06-10T11:37:37.468+0000] {logging_mixin.py:188} INFO - [2026-06-10T11:37:37.463+0000] {dagbag.py:538} INFO - Filling up the DagBag from /opt/airflow/dags/followup_dag.py
[2026-06-10T11:38:56.435+0000] {processor.py:161} INFO - Started process (PID=209) to work on /opt/airflow/dags/followup_dag.py
[2026-06-10T11:38:56.449+0000] {processor.py:830} INFO - Processing file /opt/airflow/dags/followup_dag.py for tasks to queue
[2026-06-10T11:38:56.483+0000] {logging_mixin.py:188} INFO - [2026-06-10T11:38:56.462+0000] {dagbag.py:538} INFO - Filling up the DagBag from /opt/airflow/dags/followup_dag.py
[2026-06-10T11:38:57.613+0000] {processor.py:840} INFO - DAG(s) 'reachout_weekly_report', 'reachout_followup_reminder' retrieved from /opt/airflow/dags/followup_dag.py
[2026-06-10T11:44:38.319+0000] {processor.py:161} INFO - Started process (PID=212) to work on /opt/airflow/dags/followup_dag.py
[2026-06-10T11:44:48.939+0000] {processor.py:830} INFO - Processing file /opt/airflow/dags/followup_dag.py for tasks to queue
[2026-06-10T11:45:19.571+0000] {processor.py:161} INFO - Started process (PID=215) to work on /opt/airflow/dags/followup_dag.py
[2026-06-10T11:45:19.586+0000] {processor.py:830} INFO - Processing file /opt/airflow/dags/followup_dag.py for tasks to queue
[2026-06-10T11:45:19.605+0000] {logging_mixin.py:188} INFO - [2026-06-10T11:45:19.591+0000] {dagbag.py:538} INFO - Filling up the DagBag from /opt/airflow/dags/followup_dag.py
[2026-06-10T11:45:20.054+0000] {processor.py:840} INFO - DAG(s) 'reachout_followup_reminder', 'reachout_weekly_report' retrieved from /opt/airflow/dags/followup_dag.py
[2026-06-10T11:45:21.291+0000] {logging_mixin.py:188} INFO - [2026-06-10T11:45:21.290+0000] {dag.py:3036} INFO - Sync 2 DAGs
[2026-06-10T11:45:21.441+0000] {logging_mixin.py:188} INFO - [2026-06-10T11:45:21.440+0000] {dag.py:3823} INFO - Setting next_dagrun for reachout_followup_reminder to 2026-06-09 08:00:00+00:00, run_after=2026-06-10 08:00:00+00:00
[2026-06-10T11:45:21.455+0000] {logging_mixin.py:188} INFO - [2026-06-10T11:45:21.455+0000] {dag.py:3823} INFO - Setting next_dagrun for reachout_weekly_report to 2026-06-07 09:00:00+00:00, run_after=2026-06-14 09:00:00+00:00
[2026-06-10T11:45:21.561+0000] {processor.py:183} INFO - Processing /opt/airflow/dags/followup_dag.py took 2.061 seconds
[2026-06-10T11:47:03.194+0000] {processor.py:161} INFO - Started process (PID=224) to work on /opt/airflow/dags/followup_dag.py
[2026-06-10T11:47:03.200+0000] {processor.py:830} INFO - Processing file /opt/airflow/dags/followup_dag.py for tasks to queue
[2026-06-10T11:47:03.208+0000] {logging_mixin.py:188} INFO - [2026-06-10T11:47:03.204+0000] {dagbag.py:538} INFO - Filling up the DagBag from /opt/airflow/dags/followup_dag.py
[2026-06-10T11:47:03.436+0000] {processor.py:840} INFO - DAG(s) 'reachout_weekly_report', 'reachout_followup_reminder' retrieved from /opt/airflow/dags/followup_dag.py
[2026-06-10T11:49:21.786+0000] {processor.py:161} INFO - Started process (PID=231) to work on /opt/airflow/dags/followup_dag.py
[2026-06-10T11:49:29.688+0000] {processor.py:830} INFO - Processing file /opt/airflow/dags/followup_dag.py for tasks to queue
[2026-06-10T11:49:55.706+0000] {logging_mixin.py:188} INFO - [2026-06-10T11:49:55.681+0000] {dagbag.py:538} INFO - Filling up the DagBag from /opt/airflow/dags/followup_dag.py
[2026-06-10T11:49:55.902+0000] {processor.py:840} INFO - DAG(s) 'reachout_weekly_report', 'reachout_followup_reminder' retrieved from /opt/airflow/dags/followup_dag.py
[2026-06-10T11:49:58.016+0000] {logging_mixin.py:188} INFO - [2026-06-10T11:49:58.016+0000] {dag.py:3036} INFO - Sync 2 DAGs
[2026-06-10T11:49:58.159+0000] {logging_mixin.py:188} INFO - [2026-06-10T11:49:58.157+0000] {dag.py:3823} INFO - Setting next_dagrun for reachout_followup_reminder to 2026-06-09 08:00:00+00:00, run_after=2026-06-10 08:00:00+00:00
[2026-06-10T11:49:58.193+0000] {logging_mixin.py:188} INFO - [2026-06-10T11:49:58.193+0000] {dag.py:3823} INFO - Setting next_dagrun for reachout_weekly_report to 2026-06-07 09:00:00+00:00, run_after=2026-06-14 09:00:00+00:00
[2026-06-10T11:49:58.340+0000] {processor.py:183} INFO - Processing /opt/airflow/dags/followup_dag.py took 43.298 seconds
[2026-06-10T11:50:29.163+0000] {processor.py:161} INFO - Started process (PID=238) to work on /opt/airflow/dags/followup_dag.py
[2026-06-10T11:50:29.171+0000] {processor.py:830} INFO - Processing file /opt/airflow/dags/followup_dag.py for tasks to queue
[2026-06-10T11:50:29.183+0000] {logging_mixin.py:188} INFO - [2026-06-10T11:50:29.182+0000] {dagbag.py:538} INFO - Filling up the DagBag from /opt/airflow/dags/followup_dag.py
[2026-06-10T11:50:29.464+0000] {processor.py:840} INFO - DAG(s) 'reachout_weekly_report', 'reachout_followup_reminder' retrieved from /opt/airflow/dags/followup_dag.py
[2026-06-10T11:50:29.632+0000] {logging_mixin.py:188} INFO - [2026-06-10T11:50:29.632+0000] {dag.py:3036} INFO - Sync 2 DAGs
[2026-06-10T11:50:29.778+0000] {logging_mixin.py:188} INFO - [2026-06-10T11:50:29.777+0000] {dag.py:3823} INFO - Setting next_dagrun for reachout_followup_reminder to 2026-06-09 08:00:00+00:00, run_after=2026-06-10 08:00:00+00:00
[2026-06-10T11:50:29.803+0000] {logging_mixin.py:188} INFO - [2026-06-10T11:50:29.802+0000] {dag.py:3823} INFO - Setting next_dagrun for reachout_weekly_report to 2026-06-07 09:00:00+00:00, run_after=2026-06-14 09:00:00+00:00
[2026-06-10T11:50:29.918+0000] {processor.py:183} INFO - Processing /opt/airflow/dags/followup_dag.py took 0.781 seconds
[2026-06-10T11:51:00.473+0000] {processor.py:161} INFO - Started process (PID=243) to work on /opt/airflow/dags/followup_dag.py
[2026-06-10T11:51:00.489+0000] {processor.py:830} INFO - Processing file /opt/airflow/dags/followup_dag.py for tasks to queue
[2026-06-10T11:51:00.493+0000] {logging_mixin.py:188} INFO - [2026-06-10T11:51:00.492+0000] {dagbag.py:538} INFO - Filling up the DagBag from /opt/airflow/dags/followup_dag.py
[2026-06-10T11:51:00.630+0000] {processor.py:840} INFO - DAG(s) 'reachout_followup_reminder', 'reachout_weekly_report' retrieved from /opt/airflow/dags/followup_dag.py
[2026-06-10T11:51:00.775+0000] {logging_mixin.py:188} INFO - [2026-06-10T11:51:00.774+0000] {dag.py:3036} INFO - Sync 2 DAGs
[2026-06-10T11:51:00.869+0000] {logging_mixin.py:188} INFO - [2026-06-10T11:51:00.868+0000] {dag.py:3823} INFO - Setting next_dagrun for reachout_followup_reminder to 2026-06-09 08:00:00+00:00, run_after=2026-06-10 08:00:00+00:00
[2026-06-10T11:51:00.904+0000] {logging_mixin.py:188} INFO - [2026-06-10T11:51:00.903+0000] {dag.py:3823} INFO - Setting next_dagrun for reachout_weekly_report to 2026-06-07 09:00:00+00:00, run_after=2026-06-14 09:00:00+00:00
[2026-06-10T11:51:01.115+0000] {processor.py:183} INFO - Processing /opt/airflow/dags/followup_dag.py took 0.660 seconds
[2026-06-10T11:53:46.987+0000] {processor.py:161} INFO - Started process (PID=184) to work on /opt/airflow/dags/followup_dag.py
[2026-06-10T11:53:46.990+0000] {processor.py:830} INFO - Processing file /opt/airflow/dags/followup_dag.py for tasks to queue
[2026-06-10T11:53:46.991+0000] {logging_mixin.py:188} INFO - [2026-06-10T11:53:46.991+0000] {dagbag.py:538} INFO - Filling up the DagBag from /opt/airflow/dags/followup_dag.py
[2026-06-10T11:53:47.044+0000] {processor.py:840} INFO - DAG(s) 'reachout_weekly_report', 'reachout_followup_reminder' retrieved from /opt/airflow/dags/followup_dag.py
[2026-06-10T11:53:47.371+0000] {logging_mixin.py:188} INFO - [2026-06-10T11:53:47.370+0000] {dag.py:3036} INFO - Sync 2 DAGs
[2026-06-10T11:53:47.432+0000] {logging_mixin.py:188} INFO - [2026-06-10T11:53:47.432+0000] {dag.py:3823} INFO - Setting next_dagrun for reachout_followup_reminder to 2026-06-09 08:00:00+00:00, run_after=2026-06-10 08:00:00+00:00
[2026-06-10T11:53:47.445+0000] {logging_mixin.py:188} INFO - [2026-06-10T11:53:47.445+0000] {dag.py:3823} INFO - Setting next_dagrun for reachout_weekly_report to 2026-06-07 09:00:00+00:00, run_after=2026-06-14 09:00:00+00:00
[2026-06-10T11:53:47.484+0000] {processor.py:183} INFO - Processing /opt/airflow/dags/followup_dag.py took 0.502 seconds
[2026-06-10T11:54:17.929+0000] {processor.py:161} INFO - Started process (PID=190) to work on /opt/airflow/dags/followup_dag.py
[2026-06-10T11:54:17.937+0000] {processor.py:830} INFO - Processing file /opt/airflow/dags/followup_dag.py for tasks to queue
[2026-06-10T11:54:17.957+0000] {logging_mixin.py:188} INFO - [2026-06-10T11:54:17.942+0000] {dagbag.py:538} INFO - Filling up the DagBag from /opt/airflow/dags/followup_dag.py
[2026-06-10T11:54:18.121+0000] {processor.py:840} INFO - DAG(s) 'reachout_followup_reminder', 'reachout_weekly_report' retrieved from /opt/airflow/dags/followup_dag.py
[2026-06-10T11:54:18.245+0000] {logging_mixin.py:188} INFO - [2026-06-10T11:54:18.244+0000] {dag.py:3036} INFO - Sync 2 DAGs
[2026-06-10T11:54:18.343+0000] {logging_mixin.py:188} INFO - [2026-06-10T11:54:18.343+0000] {dag.py:3823} INFO - Setting next_dagrun for reachout_followup_reminder to 2026-06-09 08:00:00+00:00, run_after=2026-06-10 08:00:00+00:00
[2026-06-10T11:54:18.354+0000] {logging_mixin.py:188} INFO - [2026-06-10T11:54:18.353+0000] {dag.py:3823} INFO - Setting next_dagrun for reachout_weekly_report to 2026-06-07 09:00:00+00:00, run_after=2026-06-14 09:00:00+00:00
[2026-06-10T11:54:18.394+0000] {processor.py:183} INFO - Processing /opt/airflow/dags/followup_dag.py took 0.482 seconds
[2026-06-10T11:54:49.105+0000] {processor.py:161} INFO - Started process (PID=195) to work on /opt/airflow/dags/followup_dag.py
[2026-06-10T11:54:49.110+0000] {processor.py:830} INFO - Processing file /opt/airflow/dags/followup_dag.py for tasks to queue
[2026-06-10T11:54:49.114+0000] {logging_mixin.py:188} INFO - [2026-06-10T11:54:49.111+0000] {dagbag.py:538} INFO - Filling up the DagBag from /opt/airflow/dags/followup_dag.py
[2026-06-10T11:54:49.202+0000] {processor.py:840} INFO - DAG(s) 'reachout_followup_reminder', 'reachout_weekly_report' retrieved from /opt/airflow/dags/followup_dag.py
[2026-06-10T11:54:49.302+0000] {logging_mixin.py:188} INFO - [2026-06-10T11:54:49.301+0000] {dag.py:3036} INFO - Sync 2 DAGs
[2026-06-10T11:54:49.367+0000] {logging_mixin.py:188} INFO - [2026-06-10T11:54:49.366+0000] {dag.py:3823} INFO - Setting next_dagrun for reachout_followup_reminder to 2026-06-09 08:00:00+00:00, run_after=2026-06-10 08:00:00+00:00
[2026-06-10T11:54:49.377+0000] {logging_mixin.py:188} INFO - [2026-06-10T11:54:49.377+0000] {dag.py:3823} INFO - Setting next_dagrun for reachout_weekly_report to 2026-06-07 09:00:00+00:00, run_after=2026-06-14 09:00:00+00:00
[2026-06-10T11:54:49.412+0000] {processor.py:183} INFO - Processing /opt/airflow/dags/followup_dag.py took 0.315 seconds
[2026-06-10T11:55:21.455+0000] {processor.py:161} INFO - Started process (PID=200) to work on /opt/airflow/dags/followup_dag.py
[2026-06-10T11:55:21.459+0000] {processor.py:830} INFO - Processing file /opt/airflow/dags/followup_dag.py for tasks to queue
[2026-06-10T11:55:21.465+0000] {logging_mixin.py:188} INFO - [2026-06-10T11:55:21.461+0000] {dagbag.py:538} INFO - Filling up the DagBag from /opt/airflow/dags/followup_dag.py
[2026-06-10T11:55:21.611+0000] {processor.py:840} INFO - DAG(s) 'reachout_followup_reminder', 'reachout_weekly_report' retrieved from /opt/airflow/dags/followup_dag.py
[2026-06-10T11:55:23.950+0000] {logging_mixin.py:188} INFO - [2026-06-10T11:55:23.943+0000] {dag.py:3036} INFO - Sync 2 DAGs
[2026-06-10T11:55:23.984+0000] {logging_mixin.py:188} INFO - [2026-06-10T11:55:23.984+0000] {dag.py:3823} INFO - Setting next_dagrun for reachout_followup_reminder to 2026-06-09 08:00:00+00:00, run_after=2026-06-10 08:00:00+00:00
[2026-06-10T11:55:23.999+0000] {logging_mixin.py:188} INFO - [2026-06-10T11:55:23.998+0000] {dag.py:3823} INFO - Setting next_dagrun for reachout_weekly_report to 2026-06-07 09:00:00+00:00, run_after=2026-06-14 09:00:00+00:00
[2026-06-10T11:55:24.037+0000] {processor.py:183} INFO - Processing /opt/airflow/dags/followup_dag.py took 2.597 seconds
[2026-06-10T11:56:11.465+0000] {processor.py:161} INFO - Started process (PID=205) to work on /opt/airflow/dags/followup_dag.py
[2026-06-10T11:56:11.481+0000] {processor.py:830} INFO - Processing file /opt/airflow/dags/followup_dag.py for tasks to queue
[2026-06-10T11:56:11.493+0000] {logging_mixin.py:188} INFO - [2026-06-10T11:56:11.483+0000] {dagbag.py:538} INFO - Filling up the DagBag from /opt/airflow/dags/followup_dag.py
[2026-06-10T11:56:12.662+0000] {processor.py:840} INFO - DAG(s) 'reachout_weekly_report', 'reachout_followup_reminder' retrieved from /opt/airflow/dags/followup_dag.py
[2026-06-10T11:56:12.941+0000] {logging_mixin.py:188} INFO - [2026-06-10T11:56:12.937+0000] {dag.py:3036} INFO - Sync 2 DAGs
[2026-06-10T11:56:13.009+0000] {logging_mixin.py:188} INFO - [2026-06-10T11:56:13.008+0000] {dag.py:3823} INFO - Setting next_dagrun for reachout_followup_reminder to 2026-06-09 08:00:00+00:00, run_after=2026-06-10 08:00:00+00:00
[2026-06-10T11:56:13.025+0000] {logging_mixin.py:188} INFO - [2026-06-10T11:56:13.024+0000] {dag.py:3823} INFO - Setting next_dagrun for reachout_weekly_report to 2026-06-07 09:00:00+00:00, run_after=2026-06-14 09:00:00+00:00
[2026-06-10T11:56:13.082+0000] {processor.py:183} INFO - Processing /opt/airflow/dags/followup_dag.py took 1.693 seconds
[2026-06-10T11:56:43.487+0000] {processor.py:161} INFO - Started process (PID=210) to work on /opt/airflow/dags/followup_dag.py
[2026-06-10T11:56:43.490+0000] {processor.py:830} INFO - Processing file /opt/airflow/dags/followup_dag.py for tasks to queue
[2026-06-10T11:56:43.492+0000] {logging_mixin.py:188} INFO - [2026-06-10T11:56:43.491+0000] {dagbag.py:538} INFO - Filling up the DagBag from /opt/airflow/dags/followup_dag.py
[2026-06-10T11:56:43.545+0000] {processor.py:840} INFO - DAG(s) 'reachout_weekly_report', 'reachout_followup_reminder' retrieved from /opt/airflow/dags/followup_dag.py
[2026-06-10T11:56:43.752+0000] {logging_mixin.py:188} INFO - [2026-06-10T11:56:43.746+0000] {dag.py:3036} INFO - Sync 2 DAGs
[2026-06-10T11:56:43.793+0000] {logging_mixin.py:188} INFO - [2026-06-10T11:56:43.793+0000] {dag.py:3823} INFO - Setting next_dagrun for reachout_followup_reminder to 2026-06-09 08:00:00+00:00, run_after=2026-06-10 08:00:00+00:00
[2026-06-10T11:56:43.801+0000] {logging_mixin.py:188} INFO - [2026-06-10T11:56:43.801+0000] {dag.py:3823} INFO - Setting next_dagrun for reachout_weekly_report to 2026-06-07 09:00:00+00:00, run_after=2026-06-14 09:00:00+00:00
[2026-06-10T11:56:43.863+0000] {processor.py:183} INFO - Processing /opt/airflow/dags/followup_dag.py took 0.385 seconds
[2026-06-10T11:57:14.124+0000] {processor.py:161} INFO - Started process (PID=215) to work on /opt/airflow/dags/followup_dag.py
[2026-06-10T11:57:14.202+0000] {processor.py:830} INFO - Processing file /opt/airflow/dags/followup_dag.py for tasks to queue
[2026-06-10T11:57:14.407+0000] {logging_mixin.py:188} INFO - [2026-06-10T11:57:14.281+0000] {dagbag.py:538} INFO - Filling up the DagBag from /opt/airflow/dags/followup_dag.py
[2026-06-10T11:57:24.474+0000] {processor.py:840} INFO - DAG(s) 'reachout_followup_reminder', 'reachout_weekly_report' retrieved from /opt/airflow/dags/followup_dag.py
