[2026-06-11T01:39:10.375+0000] {taskinstance.py:1956} INFO - Dependencies all met for dep_context=non-requeueable deps ti=<TaskInstance: reachout_weekly_report.generate_weekly_report manual__2026-06-11T01:39:06.352446+00:00 [queued]>
[2026-06-11T01:39:10.417+0000] {taskinstance.py:1956} INFO - Dependencies all met for dep_context=requeueable deps ti=<TaskInstance: reachout_weekly_report.generate_weekly_report manual__2026-06-11T01:39:06.352446+00:00 [queued]>
[2026-06-11T01:39:10.418+0000] {taskinstance.py:2170} INFO - Starting attempt 1 of 2
[2026-06-11T01:39:10.469+0000] {taskinstance.py:2191} INFO - Executing <Task(PythonOperator): generate_weekly_report> on 2026-06-11 01:39:06.352446+00:00
[2026-06-11T01:39:10.479+0000] {standard_task_runner.py:60} INFO - Started process 206 to run task
[2026-06-11T01:39:10.496+0000] {standard_task_runner.py:87} INFO - Running: ['***', 'tasks', 'run', 'reachout_weekly_report', 'generate_weekly_report', 'manual__2026-06-11T01:39:06.352446+00:00', '--job-id', '9', '--raw', '--subdir', 'DAGS_FOLDER/followup_dag.py', '--cfg-path', '/tmp/tmp8a3uk9l4']
[2026-06-11T01:39:10.531+0000] {standard_task_runner.py:88} INFO - Job 9: Subtask generate_weekly_report
[2026-06-11T01:39:10.694+0000] {task_command.py:423} INFO - Running <TaskInstance: reachout_weekly_report.generate_weekly_report manual__2026-06-11T01:39:06.352446+00:00 [running]> on host 8243f90d1993
[2026-06-11T01:39:10.920+0000] {taskinstance.py:2480} INFO - Exporting env vars: AIRFLOW_CTX_DAG_OWNER='reachout' AIRFLOW_CTX_DAG_ID='reachout_weekly_report' AIRFLOW_CTX_TASK_ID='generate_weekly_report' AIRFLOW_CTX_EXECUTION_DATE='2026-06-11T01:39:06.352446+00:00' AIRFLOW_CTX_TRY_NUMBER='1' AIRFLOW_CTX_DAG_RUN_ID='manual__2026-06-11T01:39:06.352446+00:00'
[2026-06-11T01:39:18.167+0000] {_default.py:683} WARNING - No project ID could be determined. Consider running `gcloud config set project` or setting the GOOGLE_CLOUD_PROJECT environment variable
[2026-06-11T01:39:24.655+0000] {logging_mixin.py:188} INFO - 
==================================================
[2026-06-11T01:39:24.656+0000] {logging_mixin.py:188} INFO - WEEKLY JOB SEARCH REPORT
[2026-06-11T01:39:24.656+0000] {logging_mixin.py:188} INFO - Thursday 11 June 2026
[2026-06-11T01:39:24.657+0000] {logging_mixin.py:188} INFO - ==================================================
[2026-06-11T01:39:24.657+0000] {logging_mixin.py:188} INFO - 
📋 THIS WEEK'S ACTIVITY
[2026-06-11T01:39:24.658+0000] {logging_mixin.py:188} INFO -    Jobs added:        0
[2026-06-11T01:39:24.658+0000] {logging_mixin.py:188} INFO -    Roles scored:      0
[2026-06-11T01:39:24.659+0000] {logging_mixin.py:188} INFO -    Avg ATS score:     None%
[2026-06-11T01:39:24.659+0000] {logging_mixin.py:188} INFO -    Best ATS score:    None%
[2026-06-11T01:39:24.660+0000] {logging_mixin.py:188} INFO - 
📧 OUTREACH SUMMARY
[2026-06-11T01:39:24.660+0000] {logging_mixin.py:188} INFO -    Emails sent:       0
[2026-06-11T01:39:24.661+0000] {logging_mixin.py:188} INFO -    LinkedIn sent:     0
[2026-06-11T01:39:24.662+0000] {logging_mixin.py:188} INFO -    Total outreach:    0
[2026-06-11T01:39:24.662+0000] {logging_mixin.py:188} INFO -    Replies received:  0
[2026-06-11T01:39:24.663+0000] {logging_mixin.py:188} INFO -    Reply rate:        0%
[2026-06-11T01:39:24.663+0000] {logging_mixin.py:188} INFO -    Follow-ups due:    0
[2026-06-11T01:39:24.664+0000] {logging_mixin.py:188} INFO - 
💡 RECOMMENDATIONS FOR NEXT WEEK
[2026-06-11T01:39:24.664+0000] {logging_mixin.py:188} INFO -    → Send at least 5 outreach messages this week
[2026-06-11T01:39:24.665+0000] {logging_mixin.py:188} INFO - 
==================================================
[2026-06-11T01:39:24.666+0000] {python.py:201} INFO - Done. Returned value was: None
[2026-06-11T01:39:24.678+0000] {taskinstance.py:1138} INFO - Marking task as SUCCESS. dag_id=reachout_weekly_report, task_id=generate_weekly_report, execution_date=20260611T013906, start_date=20260611T013910, end_date=20260611T013924
[2026-06-11T01:39:24.746+0000] {local_task_job_runner.py:234} INFO - Task exited with return code 0
[2026-06-11T01:39:24.769+0000] {taskinstance.py:3280} INFO - 0 downstream tasks scheduled from follow-on schedule check
